Archive member included to satisfy reference by file (symbol)

C:/ST/STM32CubeIDE_1.17.0/STM32CubeIDE/plugins/com.st.stm32cube.ide.mcu.externaltools.gnu-tools-for-stm32.12.3.rel1.win32_1.1.0.202410251130/tools/bin/../lib/gcc/arm-none-eabi/12.3.1/../../../../arm-none-eabi/lib/thumb/v7e-m+fp/hard\libc_nano.a(libc_a-calloc.o)
                              ./Middlewares/Third_Party/mbedTLS/library/asn1parse.o (calloc)
C:/ST/STM32CubeIDE_1.17.0/STM32CubeIDE/plugins/com.st.stm32cube.ide.mcu.externaltools.gnu-tools-for-stm32.12.3.rel1.win32_1.1.0.202410251130/tools/bin/../lib/gcc/arm-none-eabi/12.3.1/../../../../arm-none-eabi/lib/thumb/v7e-m+fp/hard\libc_nano.a(libc_a-callocr.o)
                              C:/ST/STM32CubeIDE_1.17.0/STM32CubeIDE/plugins/com.st.stm32cube.ide.mcu.externaltools.gnu-tools-for-stm32.12.3.rel1.win32_1.1.0.202410251130/tools/bin/../lib/gcc/arm-none-eabi/12.3.1/../../../../arm-none-eabi/lib/thumb/v7e-m+fp/hard\libc_nano.a(libc_a-calloc.o) (_calloc_r)
C:/ST/STM32CubeIDE_1.17.0/STM32CubeIDE/plugins/com.st.stm32cube.ide.mcu.externaltools.gnu-tools-for-stm32.12.3.rel1.win32_1.1.0.202410251130/tools/bin/../lib/gcc/arm-none-eabi/12.3.1/../../../../arm-none-eabi/lib/thumb/v7e-m+fp/hard\libc_nano.a(libc_a-exit.o)
                              C:/ST/STM32CubeIDE_1.17.0/STM32CubeIDE/plugins/com.st.stm32cube.ide.mcu.externaltools.gnu-tools-for-stm32.12.3.rel1.win32_1.1.0.202410251130/tools/bin/../lib/gcc/arm-none-eabi/12.3.1/../../../../arm-none-eabi/lib/thumb/v7e-m+fp/hard/crt0.o (exit)
C:/ST/STM32CubeIDE_1.17.0/STM32CubeIDE/plugins/com.st.stm32cube.ide.mcu.externaltools.gnu-tools-for-stm32.12.3.rel1.win32_1.1.0.202410251130/tools/bin/../lib/gcc/arm-none-eabi/12.3.1/../../../../arm-none-eabi/lib/thumb/v7e-m+fp/hard\libc_nano.a(libc_a-malloc.o)
                              ./Middlewares/Third_Party/mbedTLS/library/asn1parse.o (free)
C:/ST/STM32CubeIDE_1.17.0/STM32CubeIDE/plugins/com.st.stm32cube.ide.mcu.externaltools.gnu-tools-for-stm32.12.3.rel1.win32_1.1.0.202410251130/tools/bin/../lib/gcc/arm-none-eabi/12.3.1/../../../../arm-none-eabi/lib/thumb/v7e-m+fp/hard\libc_nano.a(libc_a-mallocr.o)
                              C:/ST/STM32CubeIDE_1.17.0/STM32CubeIDE/plugins/com.st.stm32cube.ide.mcu.externaltools.gnu-tools-for-stm32.12.3.rel1.win32_1.1.0.202410251130/tools/bin/../lib/gcc/arm-none-eabi/12.3.1/../../../../arm-none-eabi/lib/thumb/v7e-m+fp/hard\libc_nano.a(libc_a-callocr.o) (_malloc_r)
C:/ST/STM32CubeIDE_1.17.0/STM32CubeIDE/plugins/com.st.stm32cube.ide.mcu.externaltools.gnu-tools-for-stm32.12.3.rel1.win32_1.1.0.202410251130/tools/bin/../lib/gcc/arm-none-eabi/12.3.1/../../../../arm-none-eabi/lib/thumb/v7e-m+fp/hard\libc_nano.a(libc_a-mlock.o)
                              C:/ST/STM32CubeIDE_1.17.0/STM32CubeIDE/plugins/com.st.stm32cube.ide.mcu.externaltools.gnu-tools-for-stm32.12.3.rel1.win32_1.1.0.202410251130/tools/bin/../lib/gcc/arm-none-eabi/12.3.1/../../../../arm-none-eabi/lib/thumb/v7e-m+fp/hard\libc_nano.a(libc_a-mallocr.o) (__malloc_lock)
C:/ST/STM32CubeIDE_1.17.0/STM32CubeIDE/plugins/com.st.stm32cube.ide.mcu.externaltools.gnu-tools-for-stm32.12.3.rel1.win32_1.1.0.202410251130/tools/bin/../lib/gcc/arm-none-eabi/12.3.1/../../../../arm-none-eabi/lib/thumb/v7e-m+fp/hard\libc_nano.a(libc_a-findfp.o)
                              C:/ST/STM32CubeIDE_1.17.0/STM32CubeIDE/plugins/com.st.stm32cube.ide.mcu.externaltools.gnu-tools-for-stm32.12.3.rel1.win32_1.1.0.202410251130/tools/bin/../lib/gcc/arm-none-eabi/12.3.1/../../../../arm-none-eabi/lib/thumb/v7e-m+fp/hard\libc_nano.a(libc_a-exit.o) (__stdio_exit_handler)
C:/ST/STM32CubeIDE_1.17.0/STM32CubeIDE/plugins/com.st.stm32cube.ide.mcu.externaltools.gnu-tools-for-stm32.12.3.rel1.win32_1.1.0.202410251130/tools/bin/../lib/gcc/arm-none-eabi/12.3.1/../../../../arm-none-eabi/lib/thumb/v7e-m+fp/hard\libc_nano.a(libc_a-fwalk.o)
                              C:/ST/STM32CubeIDE_1.17.0/STM32CubeIDE/plugins/com.st.stm32cube.ide.mcu.externaltools.gnu-tools-for-stm32.12.3.rel1.win32_1.1.0.202410251130/tools/bin/../lib/gcc/arm-none-eabi/12.3.1/../../../../arm-none-eabi/lib/thumb/v7e-m+fp/hard\libc_nano.a(libc_a-findfp.o) (_fwalk_sglue)
C:/ST/STM32CubeIDE_1.17.0/STM32CubeIDE/plugins/com.st.stm32cube.ide.mcu.externaltools.gnu-tools-for-stm32.12.3.rel1.win32_1.1.0.202410251130/tools/bin/../lib/gcc/arm-none-eabi/12.3.1/../../../../arm-none-eabi/lib/thumb/v7e-m+fp/hard\libc_nano.a(libc_a-printf.o)
                              ./Core/Src/main.o (printf)
C:/ST/STM32CubeIDE_1.17.0/STM32CubeIDE/plugins/com.st.stm32cube.ide.mcu.externaltools.gnu-tools-for-stm32.12.3.rel1.win32_1.1.0.202410251130/tools/bin/../lib/gcc/arm-none-eabi/12.3.1/../../../../arm-none-eabi/lib/thumb/v7e-m+fp/hard\libc_nano.a(libc_a-puts.o)
                              ./Core/Src/encryption.o (puts)
[...]
Memory Configuration

Name             Origin             Length             Attributes
RAM              0x20000000         0x00010000         xrw
FLASH            0x08000000         0x00040000         xr
*default*        0x00000000         0xffffffff

Linker script and memory map

LOAD C:/ST/STM32CubeIDE_1.17.0/STM32CubeIDE/plugins/com.st.stm32cube.ide.mcu.externaltools.gnu-tools-for-stm32.12.3.rel1.win32_1.1.0.202410251130/tools/bin/../lib/gcc/arm-none-eabi/12.3.1/thumb/v7e-m+fp/hard/crti.o
LOAD C:/ST/STM32CubeIDE_1.17.0/STM32CubeIDE/plugins/com.st.stm32cube.ide.mcu.externaltools.gnu-tools-for-stm32.12.3.rel1.win32_1.1.0.202410251130/tools/bin/../lib/gcc/arm-none-eabi/12.3.1/thumb/v7e-m+fp/hard/crtbegin.o
LOAD C:/ST/STM32CubeIDE_1.17.0/STM32CubeIDE/plugins/com.st.stm32cube.ide.mcu.externaltools.gnu-tools-for-stm32.12.3.rel1.win32_1.1.0.202410251130/tools/bin/../lib/gcc/arm-none-eabi/12.3.1/../../../../arm-none-eabi/lib/thumb/v7e-m+fp/hard/crt0.o
LOAD ./Core/Src/encryption.o
LOAD ./Core/Src/main.o
LOAD ./Core/Src/stm32f4xx_hal_msp.o
LOAD ./Core/Src/stm32f4xx_it.o
LOAD ./Core/Src/syscalls.o
LOAD ./Core/Src/sysmem.o
LOAD ./Core/Src/system_stm32f4xx.o
LOAD ./Core/Startup/startup_stm32f401ccux.o
LOAD ./Drivers/STM32F4xx_HAL_Driver/Src/stm32f4xx_hal.o
LOAD ./Drivers/STM32F4xx_HAL_Driver/Src/stm32f4xx_hal_cortex.o
LOAD ./Drivers/STM32F4xx_HAL_Driver/Src/stm32f4xx_hal_dma.o
LOAD ./Drivers/STM32F4xx_HAL_Driver/Src/stm32f4xx_hal_dma_ex.o
LOAD ./Drivers/STM32F4xx_HAL_Driver/Src/stm32f4xx_hal_exti.o
LOAD ./Drivers/STM32F4xx_HAL_Driver/Src/stm32f4xx_hal_flash.o
LOAD ./Drivers/STM32F4xx_HAL_Driver/Src/stm32f4xx_hal_flash_ex.o
LOAD ./Drivers/STM32F4xx_HAL_Driver/Src/stm32f4xx_hal_flash_ramfunc.o
LOAD ./Drivers/STM32F4xx_HAL_Driver/Src/stm32f4xx_hal_gpio.o
LOAD ./Drivers/STM32F4xx_HAL_Driver/Src/stm32f4xx_hal_i2c.o
LOAD ./Drivers/STM32F4xx_HAL_Driver/Src/stm32f4xx_hal_i2c_ex.o
LOAD ./Drivers/STM32F4xx_HAL_Driver/Src/stm32f4xx_hal_pwr.o
LOAD ./Drivers/STM32F4xx_HAL_Driver/Src/stm32f4xx_hal_pwr_ex.o
LOAD ./Drivers/STM32F4xx_HAL_Driver/Src/stm32f4xx_hal_rcc.o
LOAD ./Drivers/STM32F4xx_HAL_Driver/Src/stm32f4xx_hal_rcc_ex.o
LOAD ./Drivers/STM32F4xx_HAL_Driver/Src/stm32f4xx_hal_uart.o
LOAD ./MBEDTLS/App/mbedtls.o
LOAD ./Middlewares/Third_Party/mbedTLS/library/aes.o
LOAD ./Middlewares/Third_Party/mbedTLS/library/asn1parse.o
LOAD ./Middlewares/Third_Party/mbedTLS/library/asn1write.o
LOAD ./Middlewares/Third_Party/mbedTLS/library/base64.o
LOAD ./Middlewares/Third_Party/mbedTLS/library/bignum.o
LOAD ./Middlewares/Third_Party/mbedTLS/library/camellia.o
LOAD ./Middlewares/Third_Party/mbedTLS/library/certs.o
LOAD ./Middlewares/Third_Party/mbedTLS/library/chacha20.o
LOAD ./Middlewares/Third_Party/mbedTLS/library/chachapoly.o
LOAD ./Middlewares/Third_Party/mbedTLS/library/cipher.o
LOAD ./Middlewares/Third_Party/mbedTLS/library/cipher_wrap.o
LOAD ./Middlewares/Third_Party/mbedTLS/library/ctr_drbg.o
LOAD ./Middlewares/Third_Party/mbedTLS/library/dhm.o
LOAD ./Middlewares/Third_Party/mbedTLS/library/ecdh.o
LOAD ./Middlewares/Third_Party/mbedTLS/library/ecdsa.o
LOAD ./Middlewares/Third_Party/mbedTLS/library/ecp.o
LOAD ./Middlewares/Third_Party/mbedTLS/library/ecp_curves.o
LOAD ./Middlewares/Third_Party/mbedTLS/library/entropy.o
LOAD ./Middlewares/Third_Party/mbedTLS/library/entropy_poll.o
LOAD ./Middlewares/Third_Party/mbedTLS/library/gcm.o
LOAD ./Middlewares/Third_Party/mbedTLS/library/hkdf.o
LOAD ./Middlewares/Third_Party/mbedTLS/library/md.o
LOAD ./Middlewares/Third_Party/mbedTLS/library/md_wrap.o
LOAD ./Middlewares/Third_Party/mbedTLS/library/memory_buffer_alloc.o
LOAD ./Middlewares/Third_Party/mbedTLS/library/oid.o
LOAD ./Middlewares/Third_Party/mbedTLS/library/pem.o
LOAD ./Middlewares/Third_Party/mbedTLS/library/pk.o
LOAD ./Middlewares/Third_Party/mbedTLS/library/pk_wrap.o
LOAD ./Middlewares/Third_Party/mbedTLS/library/pkparse.o
LOAD ./Middlewares/Third_Party/mbedTLS/library/platform.o
LOAD ./Middlewares/Third_Party/mbedTLS/library/platform_util.o
LOAD ./Middlewares/Third_Party/mbedTLS/library/poly1305.o
LOAD ./Middlewares/Third_Party/mbedTLS/library/rsa_internal.o
LOAD ./Middlewares/Third_Party/mbedTLS/library/sha256.o
LOAD ./Middlewares/Third_Party/mbedTLS/library/sha512.o
LOAD ./Middlewares/Third_Party/mbedTLS/library/ssl_ciphersuites.o
LOAD ./Middlewares/Third_Party/mbedTLS/library/version_features.o
LOAD ./Middlewares/Third_Party/mbedTLS/library/x509.o
LOAD ./Middlewares/Third_Party/mbedTLS/library/x509_crt.o
START GROUP
LOAD C:/ST/STM32CubeIDE_1.17.0/STM32CubeIDE/plugins/com.st.stm32cube.ide.mcu.externaltools.gnu-tools-for-stm32.12.3.rel1.win32_1.1.0.202410251130/tools/bin/../lib/gcc/arm-none-eabi/12.3.1/../../../../arm-none-eabi/lib/thumb/v7e-m+fp/hard\libc_nano.a
LOAD C:/ST/STM32CubeIDE_1.17.0/STM32CubeIDE/plugins/com.st.stm32cube.ide.mcu.externaltools.gnu-tools-for-stm32.12.3.rel1.win32_1.1.0.202410251130/tools/bin/../lib/gcc/arm-none-eabi/12.3.1/../../../../arm-none-eabi/lib/thumb/v7e-m+fp/hard\libm.a
END GROUP
START GROUP
LOAD C:/ST/STM32CubeIDE_1.17.0/STM32CubeIDE/plugins/com.st.stm32cube.ide.mcu.externaltools.gnu-tools-for-stm32.12.3.rel1.win32_1.1.0.202410251130/tools/bin/../lib/gcc/arm-none-eabi/12.3.1/thumb/v7e-m+fp/hard\libgcc.a
LOAD C:/ST/STM32CubeIDE_1.17.0/STM32CubeIDE/plugins/com.st.stm32cube.ide.mcu.externaltools.gnu-tools-for-stm32.12.3.rel1.win32_1.1.0.202410251130/tools/bin/../lib/gcc/arm-none-eabi/12.3.1/../../../../arm-none-eabi/lib/thumb/v7e-m+fp/hard\libc_nano.a
END GROUP
START GROUP
LOAD C:/ST/STM32CubeIDE_1.17.0/STM32CubeIDE/plugins/com.st.stm32cube.ide.mcu.externaltools.gnu-tools-for-stm32.12.3.rel1.win32_1.1.0.202410251130/tools/bin/../lib/gcc/arm-none-eabi/12.3.1/thumb/v7e-m+fp/hard\libgcc.a
LOAD C:/ST/STM32CubeIDE_1.17.0/STM32CubeIDE/plugins/com.st.stm32cube.ide.mcu.externaltools.gnu-tools-for-stm32.12.3.rel1.win32_1.1.0.202410251130/tools/bin/../lib/gcc/arm-none-eabi/12.3.1/../../../../arm-none-eabi/lib/thumb/v7e-m+fp/hard\libc_nano.a
LOAD C:/ST/STM32CubeIDE_1.17.0/STM32CubeIDE/plugins/com.st.stm32cube.ide.mcu.externaltools.gnu-tools-for-stm32.12.3.rel1.win32_1.1.0.202410251130/tools/bin/../lib/gcc/arm-none-eabi/12.3.1/../../../../arm-none-eabi/lib/thumb/v7e-m+fp/hard\libnosys.a
END GROUP
START GROUP
LOAD C:/ST/STM32CubeIDE_1.17.0/STM32CubeIDE/plugins/com.st.stm32cube.ide.mcu.externaltools.gnu-tools-for-stm32.12.3.rel1.win32_1.1.0.202410251130/tools/bin/../lib/gcc/arm-none-eabi/12.3.1/thumb/v7e-m+fp/hard\libgcc.a
LOAD C:/ST/STM32CubeIDE_1.17.0/STM32CubeIDE/plugins/com.st.stm32cube.ide.mcu.externaltools.gnu-tools-for-stm32.12.3.rel1.win32_1.1.0.202410251130/tools/bin/../lib/gcc/arm-none-eabi/12.3.1/../../../../arm-none-eabi/lib/thumb/v7e-m+fp/hard\libc_nano.a
LOAD C:/ST/STM32CubeIDE_1.17.0/STM32CubeIDE/plugins/com.st.stm32cube.ide.mcu.externaltools.gnu-tools-for-stm32.12.3.rel1.win32_1.1.0.202410251130/tools/bin/../lib/gcc/arm-none-eabi/12.3.1/../../../../arm-none-eabi/lib/thumb/v7e-m+fp/hard\libnosys.a
END GROUP
LOAD C:/ST/STM32CubeIDE_1.17.0/STM32CubeIDE/plugins/com.st.stm32cube.ide.mcu.externaltools.gnu-tools-for-stm32.12.3.rel1.win32_1.1.0.202410251130/tools/bin/../lib/gcc/arm-none-eabi/12.3.1/thumb/v7e-m+fp/hard/crtend.o
LOAD C:/ST/STM32CubeIDE_1.17.0/STM32CubeIDE/plugins/com.st.stm32cube.ide.mcu.externaltools.gnu-tools-for-stm32.12.3.rel1.win32_1.1.0.202410251130/tools/bin/../lib/gcc/arm-none-eabi/12.3.1/thumb/v7e-m+fp/hard/crtn.o
                0x20010000                        _estack = (ORIGIN (RAM) + LENGTH (RAM))
                0x00000200                        _Min_Heap_Size = 0x200
                0x00000400                        _Min_Stack_Size = 0x400

.isr_vector     0x08000000      0x194
                0x08000000                        . = ALIGN (0x4)
 *(.isr_vector)
 .isr_vector    0x08000000      0x194 ./Core/Startup/startup_stm32f401ccux.o
                0x08000000                g_pfnVectors
                0x08000194                        . = ALIGN (0x4)

.text           0x080001a0     0x9950
                0x080001a0                        . = ALIGN (0x4)
 *(.text)
 .text          0x080001a0       0x40 C:/ST/STM32CubeIDE_1.17.0/STM32CubeIDE/plugins/com.st.stm32cube.ide.mcu.externaltools.gnu-tools-for-stm32.12.3.rel1.win32_1.1.0.202410251130/tools/bin/../lib/gcc/arm-none-eabi/12.3.1/thumb/v7e-m+fp/hard/crtbegin.o
 .text          0x080001e0       0x10 C:/ST/STM32CubeIDE_1.17.0/STM32CubeIDE/plugins/com.st.stm32cube.ide.mcu.externaltools.gnu-tools-for-stm32.12.3.rel1.win32_1.1.0.202410251130/tools/bin/../lib/gcc/arm-none-eabi/12.3.1/../../../../arm-none-eabi/lib/thumb/v7e-m+fp/hard\libc_nano.a(libc_a-strlen.o)
                0x080001e0                strlen
 .text          0x080001f0       0xa0 C:/ST/STM32CubeIDE_1.17.0/STM32CubeIDE/plugins/com.st.stm32cube.ide.mcu.externaltools.gnu-tools-for-stm32.12.3.rel1.win32_1.1.0.202410251130/tools/bin/../lib/gcc/arm-none-eabi/12.3.1/../../../../arm-none-eabi/lib/thumb/v7e-m+fp/hard\libc_nano.a(libc_a-memchr.o)
                0x080001f0                memchr
 .text          0x08000290       0x30 C:/ST/STM32CubeIDE_1.17.0/STM32CubeIDE/plugins/com.st.stm32cube.ide.mcu.externaltools.gnu-tools-for-stm32.12.3.rel1.win32_1.1.0.202410251130/tools/bin/../lib/gcc/arm-none-eabi/12.3.1/thumb/v7e-m+fp/hard\libgcc.a(_aeabi_uldivmod.o)
                0x08000290                __aeabi_uldivmod
 .text          0x080002c0      0x2bc C:/ST/STM32CubeIDE_1.17.0/STM32CubeIDE/plugins/com.st.stm32cube.ide.mcu.externaltools.gnu-tools-for-stm32.12.3.rel1.win32_1.1.0.202410251130/tools/bin/../lib/gcc/arm-none-eabi/12.3.1/thumb/v7e-m+fp/hard\libgcc.a(_udivmoddi4.o)
                0x080002c0                __udivmoddi4
 .text          0x0800057c        0x4 C:/ST/STM32CubeIDE_1.17.0/STM32CubeIDE/plugins/com.st.stm32cube.ide.mcu.externaltools.gnu-tools-for-stm32.12.3.rel1.win32_1.1.0.202410251130/tools/bin/../lib/gcc/arm-none-eabi/12.3.1/thumb/v7e-m+fp/hard\libgcc.a(_dvmd_tls.o)
                0x0800057c                __aeabi_idiv0
                0x0800057c                __aeabi_ldiv0
 *(.text*)
 .text.padding_data_for_AES_encryption
                0x08000580       0x32 ./Core/Src/encryption.o
                0x08000580                padding_data_for_AES_encryption
 *fill*         0x080005b2        0x2 
 .text.aes_gcm_encrypt
                0x080005b4       0xc0 ./Core/Src/encryption.o
                0x080005b4                aes_gcm_encrypt
 .text.aes_gcm_decrypt
                0x08000674       0xbc ./Core/Src/encryption.o
                0x08000674                aes_gcm_decrypt
 .text.main     0x08000730       0xa0 ./Core/Src/main.o
                0x08000730                main
 .text.SystemClock_Config
                0x080007d0       0xc0 ./Core/Src/main.o
                0x080007d0                SystemClock_Config
 .text.MX_I2C1_Init
                0x08000890       0x5c ./Core/Src/main.o
 .text.MX_USART1_UART_Init
                0x080008ec       0x54 ./Core/Src/main.o
 .text.MX_GPIO_Init
                0x08000940       0x50 ./Core/Src/main.o
 .text.Error_Handler
                0x08000990        0xc ./Core/Src/main.o
                0x08000990                Error_Handler
 .text.HAL_MspInit
                0x0800099c       0x50 ./Core/Src/stm32f4xx_hal_msp.o
                0x0800099c                HAL_MspInit
 .text.HAL_I2C_MspInit
                0x080009ec       0x90 ./Core/Src/stm32f4xx_hal_msp.o
                0x080009ec                HAL_I2C_MspInit
 .text.HAL_UART_MspInit
                0x08000a7c       0xa0 ./Core/Src/stm32f4xx_hal_msp.o
                0x08000a7c                HAL_UART_MspInit
 .text.NMI_Handler
                0x08000b1c        0x8 ./Core/Src/stm32f4xx_it.o
                0x08000b1c                NMI_Handler
 .text.HardFault_Handler
                0x08000b24        0x8 ./Core/Src/stm32f4xx_it.o
                0x08000b24                HardFault_Handler
 .text.MemManage_Handler
                0x08000b2c        0x8 ./Core/Src/stm32f4xx_it.o
                0x08000b2c                MemManage_Handler
 .text.BusFault_Handler
                0x08000b34        0x8 ./Core/Src/stm32f4xx_it.o
                0x08000b34                BusFault_Handler
 .text.UsageFault_Handler
                0x08000b3c        0x8 ./Core/Src/stm32f4xx_it.o
                0x08000b3c                UsageFault_Handler
 .text.SVC_Handler
                0x08000b44        0xe ./Core/Src/stm32f4xx_it.o
                0x08000b44                SVC_Handler
 .text.DebugMon_Handler
                0x08000b52        0xe ./Core/Src/stm32f4xx_it.o
                0x08000b52                DebugMon_Handler
 .text.PendSV_Handler
                0x08000b60        0xe ./Core/Src/stm32f4xx_it.o
                0x08000b60                PendSV_Handler
 .text.SysTick_Handler
                0x08000b6e        0xc ./Core/Src/stm32f4xx_it.o
                0x08000b6e                SysTick_Handler
 *fill*         0x08000b7a        0x2 
 .text.USART1_IRQHandler
                0x08000b7c       0x14 ./Core/Src/stm32f4xx_it.o
                0x08000b7c                USART1_IRQHandler
 .text._read    0x08000b90       0x3a ./Core/Src/syscalls.o
                0x08000b90                _read
 .text._write   0x08000bca       0x38 ./Core/Src/syscalls.o
                0x08000bca                _write
 .text._close   0x08000c02       0x18 ./Core/Src/syscalls.o
                0x08000c02                _close
 .text._fstat   0x08000c1a       0x20 ./Core/Src/syscalls.o
                0x08000c1a                _fstat
 .text._isatty  0x08000c3a       0x16 ./Core/Src/syscalls.o
                0x08000c3a                _isatty
 .text._lseek   0x08000c50       0x1a ./Core/Src/syscalls.o
                0x08000c50                _lseek
 *fill*         0x08000c6a        0x2 
 .text._sbrk    0x08000c6c       0x6c ./Core/Src/sysmem.o
                0x08000c6c                _sbrk
 .text.SystemInit
                0x08000cd8       0x24 ./Core/Src/system_stm32f4xx.o
                0x08000cd8                SystemInit
 .text.Reset_Handler
                0x08000cfc       0x50 ./Core/Startup/startup_stm32f401ccux.o
                0x08000cfc                Reset_Handler
 .text.Default_Handler
                0x08000d4c        0x2 ./Core/Startup/startup_stm32f401ccux.o
                0x08000d4c                RTC_Alarm_IRQHandler
                0x08000d4c                EXTI2_IRQHandler
                0x08000d4c                SPI4_IRQHandler
                0x08000d4c                TIM1_CC_IRQHandler
                0x08000d4c                DMA2_Stream5_IRQHandler
                0x08000d4c                DMA1_Stream5_IRQHandler
                0x08000d4c                PVD_IRQHandler
                0x08000d4c                SDIO_IRQHandler
                0x08000d4c                TAMP_STAMP_IRQHandler
                0x08000d4c                EXTI3_IRQHandler
                0x08000d4c                TIM1_UP_TIM10_IRQHandler
                0x08000d4c                I2C3_ER_IRQHandler
                0x08000d4c                EXTI0_IRQHandler
                0x08000d4c                I2C2_EV_IRQHandler
                0x08000d4c                DMA1_Stream2_IRQHandler
                0x08000d4c                FPU_IRQHandler
                0x08000d4c                DMA2_Stream2_IRQHandler
                0x08000d4c                SPI1_IRQHandler
                0x08000d4c                TIM1_BRK_TIM9_IRQHandler
                0x08000d4c                DMA2_Stream3_IRQHandler
                0x08000d4c                USART6_IRQHandler
                0x08000d4c                DMA2_Stream0_IRQHandler
                0x08000d4c                TIM4_IRQHandler
                0x08000d4c                I2C1_EV_IRQHandler
                0x08000d4c                DMA1_Stream6_IRQHandler
                0x08000d4c                DMA1_Stream1_IRQHandler
                0x08000d4c                TIM3_IRQHandler
                0x08000d4c                RCC_IRQHandler
                0x08000d4c                Default_Handler
                0x08000d4c                EXTI15_10_IRQHandler
                0x08000d4c                ADC_IRQHandler
                0x08000d4c                DMA1_Stream7_IRQHandler
                0x08000d4c                TIM5_IRQHandler
                0x08000d4c                DMA2_Stream7_IRQHandler
                0x08000d4c                I2C3_EV_IRQHandler
                0x08000d4c                EXTI9_5_IRQHandler
                0x08000d4c                RTC_WKUP_IRQHandler
                0x08000d4c                SPI2_IRQHandler
                0x08000d4c                DMA1_Stream0_IRQHandler
                0x08000d4c                EXTI4_IRQHandler
                0x08000d4c                WWDG_IRQHandler
                0x08000d4c                TIM2_IRQHandler
                0x08000d4c                OTG_FS_WKUP_IRQHandler
                0x08000d4c                TIM1_TRG_COM_TIM11_IRQHandler
                0x08000d4c                EXTI1_IRQHandler
                0x08000d4c                USART2_IRQHandler
                0x08000d4c                I2C2_ER_IRQHandler
                0x08000d4c                DMA2_Stream1_IRQHandler
                0x08000d4c                FLASH_IRQHandler
                0x08000d4c                DMA2_Stream4_IRQHandler
                0x08000d4c                OTG_FS_IRQHandler
                0x08000d4c                SPI3_IRQHandler
                0x08000d4c                DMA1_Stream4_IRQHandler
                0x08000d4c                I2C1_ER_IRQHandler
                0x08000d4c                DMA2_Stream6_IRQHandler
                0x08000d4c                DMA1_Stream3_IRQHandler
 *fill*         0x08000d4e        0x2 
 .text.HAL_Init
                0x08000d50       0x44 ./Drivers/STM32F4xx_HAL_Driver/Src/stm32f4xx_hal.o
                0x08000d50                HAL_Init
 .text.HAL_InitTick
                0x08000d94       0x60 ./Drivers/STM32F4xx_HAL_Driver/Src/stm32f4xx_hal.o
                0x08000d94                HAL_InitTick
 .text.HAL_IncTick
                0x08000df4       0x28 ./Drivers/STM32F4xx_HAL_Driver/Src/stm32f4xx_hal.o
                0x08000df4                HAL_IncTick
 .text.HAL_GetTick
                0x08000e1c       0x18 ./Drivers/STM32F4xx_HAL_Driver/Src/stm32f4xx_hal.o
                0x08000e1c                HAL_GetTick
 .text.__NVIC_SetPriorityGrouping
                0x08000e34       0x48 ./Drivers/STM32F4xx_HAL_Driver/Src/stm32f4xx_hal_cortex.o
 .text.__NVIC_GetPriorityGrouping
                0x08000e7c       0x1c ./Drivers/STM32F4xx_HAL_Driver/Src/stm32f4xx_hal_cortex.o
 .text.__NVIC_EnableIRQ
                0x08000e98       0x3c ./Drivers/STM32F4xx_HAL_Driver/Src/stm32f4xx_hal_cortex.o
 .text.__NVIC_SetPriority
                0x08000ed4       0x54 ./Drivers/STM32F4xx_HAL_Driver/Src/stm32f4xx_hal_cortex.o
 .text.NVIC_EncodePriority
                0x08000f28       0x66 ./Drivers/STM32F4xx_HAL_Driver/Src/stm32f4xx_hal_cortex.o
 *fill*         0x08000f8e        0x2 
 .text.SysTick_Config
                0x08000f90       0x44 ./Drivers/STM32F4xx_HAL_Driver/Src/stm32f4xx_hal_cortex.o
 .text.HAL_NVIC_SetPriorityGrouping
                0x08000fd4       0x16 ./Drivers/STM32F4xx_HAL_Driver/Src/stm32f4xx_hal_cortex.o
                0x08000fd4                HAL_NVIC_SetPriorityGrouping
 .text.HAL_NVIC_SetPriority
                0x08000fea       0x38 ./Drivers/STM32F4xx_HAL_Driver/Src/stm32f4xx_hal_cortex.o
                0x08000fea                HAL_NVIC_SetPriority
 .text.HAL_NVIC_EnableIRQ
                0x08001022       0x1c ./Drivers/STM32F4xx_HAL_Driver/Src/stm32f4xx_hal_cortex.o
                0x08001022                HAL_NVIC_EnableIRQ
 .text.HAL_SYSTICK_Config
                0x0800103e       0x18 ./Drivers/STM32F4xx_HAL_Driver/Src/stm32f4xx_hal_cortex.o
                0x0800103e                HAL_SYSTICK_Config
 .text.HAL_DMA_Abort
                0x08001056       0xe0 ./Drivers/STM32F4xx_HAL_Driver/Src/stm32f4xx_hal_dma.o
                0x08001056                HAL_DMA_Abort
 .text.HAL_DMA_Abort_IT
                0x08001136       0x44 ./Drivers/STM32F4xx_HAL_Driver/Src/stm32f4xx_hal_dma.o
                0x08001136                HAL_DMA_Abort_IT
 *fill*         0x0800117a        0x2 
 .text.HAL_GPIO_Init
                0x0800117c      0x308 ./Drivers/STM32F4xx_HAL_Driver/Src/stm32f4xx_hal_gpio.o
                0x0800117c                HAL_GPIO_Init
 .text.HAL_I2C_Init
                0x08001484      0x288 ./Drivers/STM32F4xx_HAL_Driver/Src/stm32f4xx_hal_i2c.o
                0x08001484                HAL_I2C_Init
 .text.HAL_RCC_OscConfig
                0x0800170c      0x4f0 ./Drivers/STM32F4xx_HAL_Driver/Src/stm32f4xx_hal_rcc.o
                0x0800170c                HAL_RCC_OscConfig
 .text.HAL_RCC_ClockConfig
                0x08001bfc      0x1cc ./Drivers/STM32F4xx_HAL_Driver/Src/stm32f4xx_hal_rcc.o
                0x08001bfc                HAL_RCC_ClockConfig
 .text.HAL_RCC_GetSysClockFreq
                0x08001dc8      0x18c ./Drivers/STM32F4xx_HAL_Driver/Src/stm32f4xx_hal_rcc.o
                0x08001dc8                HAL_RCC_GetSysClockFreq
 .text.HAL_RCC_GetHCLKFreq
                0x08001f54       0x18 ./Drivers/STM32F4xx_HAL_Driver/Src/stm32f4xx_hal_rcc.o
                0x08001f54                HAL_RCC_GetHCLKFreq
 .text.HAL_RCC_GetPCLK1Freq
                0x08001f6c       0x28 ./Drivers/STM32F4xx_HAL_Driver/Src/stm32f4xx_hal_rcc.o
                0x08001f6c                HAL_RCC_GetPCLK1Freq
 .text.HAL_RCC_GetPCLK2Freq
                0x08001f94       0x28 ./Drivers/STM32F4xx_HAL_Driver/Src/stm32f4xx_hal_rcc.o
                0x08001f94                HAL_RCC_GetPCLK2Freq
 .text.HAL_UART_Init
                0x08001fbc       0xa0 ./Drivers/STM32F4xx_HAL_Driver/Src/stm32f4xx_hal_uart.o
                0x08001fbc                HAL_UART_Init
 .text.HAL_UART_IRQHandler
                0x0800205c      0x524 ./Drivers/STM32F4xx_HAL_Driver/Src/stm32f4xx_hal_uart.o
                0x0800205c                HAL_UART_IRQHandler
 .text.HAL_UART_TxCpltCallback
                0x08002580       0x14 ./Drivers/STM32F4xx_HAL_Driver/Src/stm32f4xx_hal_uart.o
                0x08002580                HAL_UART_TxCpltCallback
 .text.HAL_UART_RxCpltCallback
                0x08002594       0x14 ./Drivers/STM32F4xx_HAL_Driver/Src/stm32f4xx_hal_uart.o
                0x08002594                HAL_UART_RxCpltCallback
 .text.HAL_UART_ErrorCallback
                0x080025a8       0x14 ./Drivers/STM32F4xx_HAL_Driver/Src/stm32f4xx_hal_uart.o
                0x080025a8                HAL_UART_ErrorCallback
 .text.HAL_UARTEx_RxEventCallback
                0x080025bc       0x18 ./Drivers/STM32F4xx_HAL_Driver/Src/stm32f4xx_hal_uart.o
                0x080025bc                HAL_UARTEx_RxEventCallback
 .text.UART_EndRxTransfer
                0x080025d4       0xc6 ./Drivers/STM32F4xx_HAL_Driver/Src/stm32f4xx_hal_uart.o
 .text.UART_DMAAbortOnError
                0x0800269a       0x28 ./Drivers/STM32F4xx_HAL_Driver/Src/stm32f4xx_hal_uart.o
 .text.UART_Transmit_IT
                0x080026c2       0xa0 ./Drivers/STM32F4xx_HAL_Driver/Src/stm32f4xx_hal_uart.o
 .text.UART_EndTransmit_IT
                0x08002762       0x30 ./Drivers/STM32F4xx_HAL_Driver/Src/stm32f4xx_hal_uart.o
 .text.UART_Receive_IT
                0x08002792      0x17c ./Drivers/STM32F4xx_HAL_Driver/Src/stm32f4xx_hal_uart.o
 *fill*         0x0800290e        0x2 
 .text.UART_SetConfig
                0x08002910      0x4e8 ./Drivers/STM32F4xx_HAL_Driver/Src/stm32f4xx_hal_uart.o
 .text.MX_MBEDTLS_Init
                0x08002df8        0xe ./MBEDTLS/App/mbedtls.o
                0x08002df8                MX_MBEDTLS_Init
 .text.mbedtls_aes_init
                0x08002e06       0x1c ./Middlewares/Third_Party/mbedTLS/library/aes.o
                0x08002e06                mbedtls_aes_init
 .text.mbedtls_aes_free
                0x08002e22       0x22 ./Middlewares/Third_Party/mbedTLS/library/aes.o
                0x08002e22                mbedtls_aes_free
 .text.mbedtls_aes_xts_init
                0x08002e44       0x24 ./Middlewares/Third_Party/mbedTLS/library/aes.o
                0x08002e44                mbedtls_aes_xts_init
 .text.mbedtls_aes_xts_free
                0x08002e68       0x2c ./Middlewares/Third_Party/mbedTLS/library/aes.o
                0x08002e68                mbedtls_aes_xts_free
 .text.mbedtls_aes_setkey_enc
                0x08002e94      0x3ac ./Middlewares/Third_Party/mbedTLS/library/aes.o
                0x08002e94                mbedtls_aes_setkey_enc
 .text.mbedtls_aes_setkey_dec
                0x08003240      0x260 ./Middlewares/Third_Party/mbedTLS/library/aes.o
                0x08003240                mbedtls_aes_setkey_dec
 .text.mbedtls_aes_xts_decode_keys
                0x080034a0       0x60 ./Middlewares/Third_Party/mbedTLS/library/aes.o
 .text.mbedtls_aes_xts_setkey_enc
                0x08003500       0x68 ./Middlewares/Third_Party/mbedTLS/library/aes.o
                0x08003500                mbedtls_aes_xts_setkey_enc
 .text.mbedtls_aes_xts_setkey_dec
                0x08003568       0x68 ./Middlewares/Third_Party/mbedTLS/library/aes.o
                0x08003568                mbedtls_aes_xts_setkey_dec
 .text.mbedtls_internal_aes_encrypt
                0x080035d0      0x5c4 ./Middlewares/Third_Party/mbedTLS/library/aes.o
                0x080035d0                mbedtls_internal_aes_encrypt
 .text.mbedtls_internal_aes_decrypt
                0x08003b94      0x5c4 ./Middlewares/Third_Party/mbedTLS/library/aes.o
                0x08003b94                mbedtls_internal_aes_decrypt
 .text.mbedtls_aes_crypt_ecb
                0x08004158       0x36 ./Middlewares/Third_Party/mbedTLS/library/aes.o
                0x08004158                mbedtls_aes_crypt_ecb
 .text.mbedtls_aes_crypt_cbc
                0x0800418e      0x102 ./Middlewares/Third_Party/mbedTLS/library/aes.o
                0x0800418e                mbedtls_aes_crypt_cbc
 .text.mbedtls_gf128mul_x_ble
                0x08004290      0x578 ./Middlewares/Third_Party/mbedTLS/library/aes.o
 .text.mbedtls_aes_crypt_xts
                0x08004808      0x212 ./Middlewares/Third_Party/mbedTLS/library/aes.o
                0x08004808                mbedtls_aes_crypt_xts
 .text.mbedtls_aes_crypt_ofb
                0x08004a1a       0x82 ./Middlewares/Third_Party/mbedTLS/library/aes.o
                0x08004a1a                mbedtls_aes_crypt_ofb
 .text.camellia_feistel
                0x08004a9c       0xf4 ./Middlewares/Third_Party/mbedTLS/library/camellia.o
 .text.mbedtls_camellia_init
                0x08004b90       0x1c ./Middlewares/Third_Party/mbedTLS/library/camellia.o
                0x08004b90                mbedtls_camellia_init
 .text.mbedtls_camellia_free
                0x08004bac       0x22 ./Middlewares/Third_Party/mbedTLS/library/camellia.o
                0x08004bac                mbedtls_camellia_free
 *fill*         0x08004bce        0x2 
 .text.mbedtls_camellia_setkey_enc
                0x08004bd0      0xd18 ./Middlewares/Third_Party/mbedTLS/library/camellia.o
                0x08004bd0                mbedtls_camellia_setkey_enc
 .text.mbedtls_camellia_setkey_dec
                0x080058e8      0x1f8 ./Middlewares/Third_Party/mbedTLS/library/camellia.o
                0x080058e8                mbedtls_camellia_setkey_dec
 .text.mbedtls_camellia_crypt_ecb
                0x08005ae0      0x2d4 ./Middlewares/Third_Party/mbedTLS/library/camellia.o
                0x08005ae0                mbedtls_camellia_crypt_ecb
 .text.mbedtls_camellia_crypt_cbc
                0x08005db4      0x102 ./Middlewares/Third_Party/mbedTLS/library/camellia.o
                0x08005db4                mbedtls_camellia_crypt_cbc
 .text.chacha20_quarter_round
                0x08005eb6      0x17a ./Middlewares/Third_Party/mbedTLS/library/chacha20.o
 .text.chacha20_inner_block
                0x08006030       0x90 ./Middlewares/Third_Party/mbedTLS/library/chacha20.o
 .text.chacha20_block
                0x080060c0      0x182 ./Middlewares/Third_Party/mbedTLS/library/chacha20.o
 .text.mbedtls_chacha20_init
                0x08006242       0x2e ./Middlewares/Third_Party/mbedTLS/library/chacha20.o
                0x08006242                mbedtls_chacha20_init
 .text.mbedtls_chacha20_free
                0x08006270       0x1e ./Middlewares/Third_Party/mbedTLS/library/chacha20.o
                0x08006270                mbedtls_chacha20_free
 *fill*         0x0800628e        0x2 
 .text.mbedtls_chacha20_setkey
                0x08006290      0x190 ./Middlewares/Third_Party/mbedTLS/library/chacha20.o
                0x08006290                mbedtls_chacha20_setkey
 .text.mbedtls_chacha20_update
                0x08006420      0x268 ./Middlewares/Third_Party/mbedTLS/library/chacha20.o
                0x08006420                mbedtls_chacha20_update
 .text.chachapoly_pad_aad
                0x08006688       0x4e ./Middlewares/Third_Party/mbedTLS/library/chachapoly.o
 .text.mbedtls_chachapoly_init
                0x080066d6       0x4e ./Middlewares/Third_Party/mbedTLS/library/chachapoly.o
                0x080066d6                mbedtls_chachapoly_init
 .text.mbedtls_chachapoly_free
                0x08006724       0x56 ./Middlewares/Third_Party/mbedTLS/library/chachapoly.o
                0x08006724                mbedtls_chachapoly_free
 .text.mbedtls_chachapoly_setkey
                0x0800677a       0x20 ./Middlewares/Third_Party/mbedTLS/library/chachapoly.o
                0x0800677a                mbedtls_chachapoly_setkey
 .text.mbedtls_chachapoly_update
                0x0800679a       0xe4 ./Middlewares/Third_Party/mbedTLS/library/chachapoly.o
                0x0800679a                mbedtls_chachapoly_update
 .text.mbedtls_cipher_get_block_size
                0x0800687e       0x26 ./Middlewares/Third_Party/mbedTLS/library/cipher.o
 .text.mbedtls_cipher_info_from_values
                0x080068a4       0x64 ./Middlewares/Third_Party/mbedTLS/library/cipher.o
                0x080068a4                mbedtls_cipher_info_from_values
 .text.mbedtls_cipher_free
                0x08006908       0x38 ./Middlewares/Third_Party/mbedTLS/library/cipher.o
                0x08006908                mbedtls_cipher_free
 .text.mbedtls_cipher_setup
                0x08006940       0x58 ./Middlewares/Third_Party/mbedTLS/library/cipher.o
                0x08006940                mbedtls_cipher_setup
 .text.mbedtls_cipher_setkey
                0x08006998       0xb4 ./Middlewares/Third_Party/mbedTLS/library/cipher.o
                0x08006998                mbedtls_cipher_setkey
 .text.mbedtls_cipher_update
                0x08006a4c      0x390 ./Middlewares/Third_Party/mbedTLS/library/cipher.o
                0x08006a4c                mbedtls_cipher_update
 .text.get_no_padding
                0x08006ddc       0x34 ./Middlewares/Third_Party/mbedTLS/library/cipher.o
 .text.mbedtls_cipher_set_padding_mode
                0x08006e10       0x54 ./Middlewares/Third_Party/mbedTLS/library/cipher.o
                0x08006e10                mbedtls_cipher_set_padding_mode
 .text.gcm_ctx_alloc
                0x08006e64       0x2a ./Middlewares/Third_Party/mbedTLS/library/cipher_wrap.o
 .text.gcm_ctx_free
                0x08006e8e       0x1c ./Middlewares/Third_Party/mbedTLS/library/cipher_wrap.o
 .text.aes_crypt_ecb_wrap
                0x08006eaa       0x28 ./Middlewares/Third_Party/mbedTLS/library/cipher_wrap.o
 .text.aes_crypt_cbc_wrap
                0x08006ed2       0x30 ./Middlewares/Third_Party/mbedTLS/library/cipher_wrap.o
 .text.aes_crypt_ofb_wrap
                0x08006f02       0x2c ./Middlewares/Third_Party/mbedTLS/library/cipher_wrap.o
 *fill*         0x08006f2e        0x2 
 .text.aes_crypt_xts_wrap
                0x08006f30       0x54 ./Middlewares/Third_Party/mbedTLS/library/cipher_wrap.o
 .text.aes_setkey_dec_wrap
                0x08006f84       0x20 ./Middlewares/Third_Party/mbedTLS/library/cipher_wrap.o
 .text.aes_setkey_enc_wrap
                0x08006fa4       0x20 ./Middlewares/Third_Party/mbedTLS/library/cipher_wrap.o
 .text.aes_ctx_alloc
                0x08006fc4       0x2e ./Middlewares/Third_Party/mbedTLS/library/cipher_wrap.o
 .text.aes_ctx_free
                0x08006ff2       0x1c ./Middlewares/Third_Party/mbedTLS/library/cipher_wrap.o
 .text.xts_aes_setkey_enc_wrap
                0x0800700e       0x24 ./Middlewares/Third_Party/mbedTLS/library/cipher_wrap.o
 .text.xts_aes_setkey_dec_wrap
                0x08007032       0x24 ./Middlewares/Third_Party/mbedTLS/library/cipher_wrap.o
 .text.xts_aes_ctx_alloc
                0x08007056       0x2a ./Middlewares/Third_Party/mbedTLS/library/cipher_wrap.o
 .text.xts_aes_ctx_free
                0x08007080       0x28 ./Middlewares/Third_Party/mbedTLS/library/cipher_wrap.o
 .text.gcm_aes_setkey_wrap
                0x080070a8       0x22 ./Middlewares/Third_Party/mbedTLS/library/cipher_wrap.o
 .text.camellia_crypt_ecb_wrap
                0x080070ca       0x28 ./Middlewares/Third_Party/mbedTLS/library/cipher_wrap.o
 .text.camellia_crypt_cbc_wrap
                0x080070f2       0x30 ./Middlewares/Third_Party/mbedTLS/library/cipher_wrap.o
 .text.camellia_setkey_dec_wrap
                0x08007122       0x20 ./Middlewares/Third_Party/mbedTLS/library/cipher_wrap.o
 .text.camellia_setkey_enc_wrap
                0x08007142       0x20 ./Middlewares/Third_Party/mbedTLS/library/cipher_wrap.o
 .text.camellia_ctx_alloc
                0x08007162       0x2e ./Middlewares/Third_Party/mbedTLS/library/cipher_wrap.o
 .text.camellia_ctx_free
                0x08007190       0x1c ./Middlewares/Third_Party/mbedTLS/library/cipher_wrap.o
 .text.gcm_camellia_setkey_wrap
                0x080071ac       0x22 ./Middlewares/Third_Party/mbedTLS/library/cipher_wrap.o
 *fill*         0x080071ce        0x2 
 .text.chacha20_setkey_wrap
                0x080071d0       0x38 ./Middlewares/Third_Party/mbedTLS/library/cipher_wrap.o
 .text.chacha20_stream_wrap
                0x08007208       0x38 ./Middlewares/Third_Party/mbedTLS/library/cipher_wrap.o
 .text.chacha20_ctx_alloc
                0x08007240       0x2c ./Middlewares/Third_Party/mbedTLS/library/cipher_wrap.o
 .text.chacha20_ctx_free
                0x0800726c       0x1c ./Middlewares/Third_Party/mbedTLS/library/cipher_wrap.o
 .text.chachapoly_setkey_wrap
                0x08007288       0x38 ./Middlewares/Third_Party/mbedTLS/library/cipher_wrap.o
 .text.chachapoly_ctx_alloc
                0x080072c0       0x2c ./Middlewares/Third_Party/mbedTLS/library/cipher_wrap.o
 .text.chachapoly_ctx_free
                0x080072ec       0x1c ./Middlewares/Third_Party/mbedTLS/library/cipher_wrap.o
 .text.mbedtls_gcm_init
                0x08007308       0x1c ./Middlewares/Third_Party/mbedTLS/library/gcm.o
                0x08007308                mbedtls_gcm_init
 .text.gcm_gen_table
                0x08007324      0x2f4 ./Middlewares/Third_Party/mbedTLS/library/gcm.o
 .text.mbedtls_gcm_setkey
                0x08007618       0x8a ./Middlewares/Third_Party/mbedTLS/library/gcm.o
                0x08007618                mbedtls_gcm_setkey
 *fill*         0x080076a2        0x2 
 .text.gcm_mult
                0x080076a4      0x3b0 ./Middlewares/Third_Party/mbedTLS/library/gcm.o
 .text.mbedtls_gcm_starts
                0x08007a54      0x26e ./Middlewares/Third_Party/mbedTLS/library/gcm.o
                0x08007a54                mbedtls_gcm_starts
 .text.mbedtls_gcm_update
                0x08007cc2      0x1f0 ./Middlewares/Third_Party/mbedTLS/library/gcm.o
                0x08007cc2                mbedtls_gcm_update
 .text.mbedtls_gcm_finish
                0x08007eb2      0x24a ./Middlewares/Third_Party/mbedTLS/library/gcm.o
                0x08007eb2                mbedtls_gcm_finish
 .text.mbedtls_gcm_crypt_and_tag
                0x080080fc       0x66 ./Middlewares/Third_Party/mbedTLS/library/gcm.o
                0x080080fc                mbedtls_gcm_crypt_and_tag
 .text.mbedtls_gcm_auth_decrypt
                0x08008162       0x98 ./Middlewares/Third_Party/mbedTLS/library/gcm.o
                0x08008162                mbedtls_gcm_auth_decrypt
 .text.mbedtls_gcm_free
                0x080081fa       0x2a ./Middlewares/Third_Party/mbedTLS/library/gcm.o
                0x080081fa                mbedtls_gcm_free
 .text.mbedtls_platform_zeroize
                0x08008224       0x24 ./Middlewares/Third_Party/mbedTLS/library/platform_util.o
                0x08008224                mbedtls_platform_zeroize
 .text.mul64    0x08008248       0x3c ./Middlewares/Third_Party/mbedTLS/library/poly1305.o
 .text.poly1305_process
                0x08008284      0x868 ./Middlewares/Third_Party/mbedTLS/library/poly1305.o
 .text.mbedtls_poly1305_init
                0x08008aec       0x18 ./Middlewares/Third_Party/mbedTLS/library/poly1305.o
                0x08008aec                mbedtls_poly1305_init
 .text.mbedtls_poly1305_free
                0x08008b04       0x20 ./Middlewares/Third_Party/mbedTLS/library/poly1305.o
                0x08008b04                mbedtls_poly1305_free
 .text.mbedtls_poly1305_update
                0x08008b24       0xf0 ./Middlewares/Third_Party/mbedTLS/library/poly1305.o
                0x08008b24                mbedtls_poly1305_update
 .text.calloc   0x08008c14       0x10 C:/ST/STM32CubeIDE_1.17.0/STM32CubeIDE/plugins/com.st.stm32cube.ide.mcu.externaltools.gnu-tools-for-stm32.12.3.rel1.win32_1.1.0.202410251130/tools/bin/../lib/gcc/arm-none-eabi/12.3.1/../../../../arm-none-eabi/lib/thumb/v7e-m+fp/hard\libc_nano.a(libc_a-calloc.o)
                0x08008c14                calloc
 .text._calloc_r
                0x08008c24       0x28 C:/ST/STM32CubeIDE_1.17.0/STM32CubeIDE/plugins/com.st.stm32cube.ide.mcu.externaltools.gnu-tools-for-stm32.12.3.rel1.win32_1.1.0.202410251130/tools/bin/../lib/gcc/arm-none-eabi/12.3.1/../../../../arm-none-eabi/lib/thumb/v7e-m+fp/hard\libc_nano.a(libc_a-callocr.o)
                0x08008c24                _calloc_r
 .text.free     0x08008c4c       0x10 C:/ST/STM32CubeIDE_1.17.0/STM32CubeIDE/plugins/com.st.stm32cube.ide.mcu.externaltools.gnu-tools-for-stm32.12.3.rel1.win32_1.1.0.202410251130/tools/bin/../lib/gcc/arm-none-eabi/12.3.1/../../../../arm-none-eabi/lib/thumb/v7e-m+fp/hard\libc_nano.a(libc_a-malloc.o)
                0x08008c4c                free
 .text.sbrk_aligned
                0x08008c5c       0x44 C:/ST/STM32CubeIDE_1.17.0/STM32CubeIDE/plugins/com.st.stm32cube.ide.mcu.externaltools.gnu-tools-for-stm32.12.3.rel1.win32_1.1.0.202410251130/tools/bin/../lib/gcc/arm-none-eabi/12.3.1/../../../../arm-none-eabi/lib/thumb/v7e-m+fp/hard\libc_nano.a(libc_a-mallocr.o)
 .text._malloc_r
                0x08008ca0      0x100 C:/ST/STM32CubeIDE_1.17.0/STM32CubeIDE/plugins/com.st.stm32cube.ide.mcu.externaltools.gnu-tools-for-stm32.12.3.rel1.win32_1.1.0.202410251130/tools/bin/../lib/gcc/arm-none-eabi/12.3.1/../../../../arm-none-eabi/lib/thumb/v7e-m+fp/hard\libc_nano.a(libc_a-mallocr.o)
                0x08008ca0                _malloc_r
 .text.__malloc_lock
                0x08008da0        0xc C:/ST/STM32CubeIDE_1.17.0/STM32CubeIDE/plugins/com.st.stm32cube.ide.mcu.externaltools.gnu-tools-for-stm32.12.3.rel1.win32_1.1.0.202410251130/tools/bin/../lib/gcc/arm-none-eabi/12.3.1/../../../../arm-none-eabi/lib/thumb/v7e-m+fp/hard\libc_nano.a(libc_a-mlock.o)
                0x08008da0                __malloc_lock
 .text.__malloc_unlock
                0x08008dac        0xc C:/ST/STM32CubeIDE_1.17.0/STM32CubeIDE/plugins/com.st.stm32cube.ide.mcu.externaltools.gnu-tools-for-stm32.12.3.rel1.win32_1.1.0.202410251130/tools/bin/../lib/gcc/arm-none-eabi/12.3.1/../../../../arm-none-eabi/lib/thumb/v7e-m+fp/hard\libc_nano.a(libc_a-mlock.o)
                0x08008dac                __malloc_unlock
 .text.std      0x08008db8       0x6c C:/ST/STM32CubeIDE_1.17.0/STM32CubeIDE/plugins/com.st.stm32cube.ide.mcu.externaltools.gnu-tools-for-stm32.12.3.rel1.win32_1.1.0.202410251130/tools/bin/../lib/gcc/arm-none-eabi/12.3.1/../../../../arm-none-eabi/lib/thumb/v7e-m+fp/hard\libc_nano.a(libc_a-findfp.o)
 .text.stdio_exit_handler
                0x08008e24       0x18 C:/ST/STM32CubeIDE_1.17.0/STM32CubeIDE/plugins/com.st.stm32cube.ide.mcu.externaltools.gnu-tools-for-stm32.12.3.rel1.win32_1.1.0.202410251130/tools/bin/../lib/gcc/arm-none-eabi/12.3.1/../../../../arm-none-eabi/lib/thumb/v7e-m+fp/hard\libc_nano.a(libc_a-findfp.o)
 .text.cleanup_stdio
                0x08008e3c       0x40 C:/ST/STM32CubeIDE_1.17.0/STM32CubeIDE/plugins/com.st.stm32cube.ide.mcu.externaltools.gnu-tools-for-stm32.12.3.rel1.win32_1.1.0.202410251130/tools/bin/../lib/gcc/arm-none-eabi/12.3.1/../../../../arm-none-eabi/lib/thumb/v7e-m+fp/hard\libc_nano.a(libc_a-findfp.o)
 .text.global_stdio_init.part.0
                0x08008e7c       0x3c C:/ST/STM32CubeIDE_1.17.0/STM32CubeIDE/plugins/com.st.stm32cube.ide.mcu.externaltools.gnu-tools-for-stm32.12.3.rel1.win32_1.1.0.202410251130/tools/bin/../lib/gcc/arm-none-eabi/12.3.1/../../../../arm-none-eabi/lib/thumb/v7e-m+fp/hard\libc_nano.a(libc_a-findfp.o)
 .text.__sfp_lock_acquire
                0x08008eb8        0xc C:/ST/STM32CubeIDE_1.17.0/STM32CubeIDE/plugins/com.st.stm32cube.ide.mcu.externaltools.gnu-tools-for-stm32.12.3.rel1.win32_1.1.0.202410251130/tools/bin/../lib/gcc/arm-none-eabi/12.3.1/../../../../arm-none-eabi/lib/thumb/v7e-m+fp/hard\libc_nano.a(libc_a-findfp.o)
                0x08008eb8                __sfp_lock_acquire
 .text.__sfp_lock_release
                0x08008ec4        0xc C:/ST/STM32CubeIDE_1.17.0/STM32CubeIDE/plugins/com.st.stm32cube.ide.mcu.externaltools.gnu-tools-for-stm32.12.3.rel1.win32_1.1.0.202410251130/tools/bin/../lib/gcc/arm-none-eabi/12.3.1/../../../../arm-none-eabi/lib/thumb/v7e-m+fp/hard\libc_nano.a(libc_a-findfp.o)
                0x08008ec4                __sfp_lock_release
 .text.__sinit  0x08008ed0       0x30 C:/ST/STM32CubeIDE_1.17.0/STM32CubeIDE/plugins/com.st.stm32cube.ide.mcu.externaltools.gnu-tools-for-stm32.12.3.rel1.win32_1.1.0.202410251130/tools/bin/../lib/gcc/arm-none-eabi/12.3.1/../../../../arm-none-eabi/lib/thumb/v7e-m+fp/hard\libc_nano.a(libc_a-findfp.o)
                0x08008ed0                __sinit
 .text._fwalk_sglue
                0x08008f00       0x3c C:/ST/STM32CubeIDE_1.17.0/STM32CubeIDE/plugins/com.st.stm32cube.ide.mcu.externaltools.gnu-tools-for-stm32.12.3.rel1.win32_1.1.0.202410251130/tools/bin/../lib/gcc/arm-none-eabi/12.3.1/../../../../arm-none-eabi/lib/thumb/v7e-m+fp/hard\libc_nano.a(libc_a-fwalk.o)
                0x08008f00                _fwalk_sglue
 .text.printf   0x08008f3c       0x24 C:/ST/STM32CubeIDE_1.17.0/STM32CubeIDE/plugins/com.st.stm32cube.ide.mcu.externaltools.gnu-tools-for-stm32.12.3.rel1.win32_1.1.0.202410251130/tools/bin/../lib/gcc/arm-none-eabi/12.3.1/../../../../arm-none-eabi/lib/thumb/v7e-m+fp/hard\libc_nano.a(libc_a-printf.o)
                0x08008f3c                iprintf
                0x08008f3c                printf
 .text.__sread  0x08008f60       0x22 C:/ST/STM32CubeIDE_1.17.0/STM32CubeIDE/plugins/com.st.stm32cube.ide.mcu.externaltools.gnu-tools-for-stm32.12.3.rel1.win32_1.1.0.202410251130/tools/bin/../lib/gcc/arm-none-eabi/12.3.1/../../../../arm-none-eabi/lib/thumb/v7e-m+fp/hard\libc_nano.a(libc_a-stdio.o)
                0x08008f60                __sread
 .text.__swrite
                0x08008f82       0x38 C:/ST/STM32CubeIDE_1.17.0/STM32CubeIDE/plugins/com.st.stm32cube.ide.mcu.externaltools.gnu-tools-for-stm32.12.3.rel1.win32_1.1.0.202410251130/tools/bin/../lib/gcc/arm-none-eabi/12.3.1/../../../../arm-none-eabi/lib/thumb/v7e-m+fp/hard\libc_nano.a(libc_a-stdio.o)
                0x08008f82                __swrite
 .text.__sseek  0x08008fba       0x24 C:/ST/STM32CubeIDE_1.17.0/STM32CubeIDE/plugins/com.st.stm32cube.ide.mcu.externaltools.gnu-tools-for-stm32.12.3.rel1.win32_1.1.0.202410251130/tools/bin/../lib/gcc/arm-none-eabi/12.3.1/../../../../arm-none-eabi/lib/thumb/v7e-m+fp/hard\libc_nano.a(libc_a-stdio.o)
                0x08008fba                __sseek
 .text.__sclose
                0x08008fde        0x8 C:/ST/STM32CubeIDE_1.17.0/STM32CubeIDE/plugins/com.st.stm32cube.ide.mcu.externaltools.gnu-tools-for-stm32.12.3.rel1.win32_1.1.0.202410251130/tools/bin/../lib/gcc/arm-none-eabi/12.3.1/../../../../arm-none-eabi/lib/thumb/v7e-m+fp/hard\libc_nano.a(libc_a-stdio.o)
                0x08008fde                __sclose
 .text.__swbuf_r
                0x08008fe6       0x7c C:/ST/STM32CubeIDE_1.17.0/STM32CubeIDE/plugins/com.st.stm32cube.ide.mcu.externaltools.gnu-tools-for-stm32.12.3.rel1.win32_1.1.0.202410251130/tools/bin/../lib/gcc/arm-none-eabi/12.3.1/../../../../arm-none-eabi/lib/thumb/v7e-m+fp/hard\libc_nano.a(libc_a-wbuf.o)
                0x08008fe6                __swbuf_r
 *fill*         0x08009062        0x2 
 .text.__swsetup_r
                0x08009064       0xac C:/ST/STM32CubeIDE_1.17.0/STM32CubeIDE/plugins/com.st.stm32cube.ide.mcu.externaltools.gnu-tools-for-stm32.12.3.rel1.win32_1.1.0.202410251130/tools/bin/../lib/gcc/arm-none-eabi/12.3.1/../../../../arm-none-eabi/lib/thumb/v7e-m+fp/hard\libc_nano.a(libc_a-wsetup.o)
                0x08009064                __swsetup_r
 .text.memset   0x08009110       0x10 C:/ST/STM32CubeIDE_1.17.0/STM32CubeIDE/plugins/com.st.stm32cube.ide.mcu.externaltools.gnu-tools-for-stm32.12.3.rel1.win32_1.1.0.202410251130/tools/bin/../lib/gcc/arm-none-eabi/12.3.1/../../../../arm-none-eabi/lib/thumb/v7e-m+fp/hard\libc_nano.a(libc_a-memset.o)
                0x08009110                memset
 .text._close_r
                0x08009120       0x20 C:/ST/STM32CubeIDE_1.17.0/STM32CubeIDE/plugins/com.st.stm32cube.ide.mcu.externaltools.gnu-tools-for-stm32.12.3.rel1.win32_1.1.0.202410251130/tools/bin/../lib/gcc/arm-none-eabi/12.3.1/../../../../arm-none-eabi/lib/thumb/v7e-m+fp/hard\libc_nano.a(libc_a-closer.o)
                0x08009120                _close_r
 .text._lseek_r
                0x08009140       0x24 C:/ST/STM32CubeIDE_1.17.0/STM32CubeIDE/plugins/com.st.stm32cube.ide.mcu.externaltools.gnu-tools-for-stm32.12.3.rel1.win32_1.1.0.202410251130/tools/bin/../lib/gcc/arm-none-eabi/12.3.1/../../../../arm-none-eabi/lib/thumb/v7e-m+fp/hard\libc_nano.a(libc_a-lseekr.o)
                0x08009140                _lseek_r
 .text._read_r  0x08009164       0x24 C:/ST/STM32CubeIDE_1.17.0/STM32CubeIDE/plugins/com.st.stm32cube.ide.mcu.externaltools.gnu-tools-for-stm32.12.3.rel1.win32_1.1.0.202410251130/tools/bin/../lib/gcc/arm-none-eabi/12.3.1/../../../../arm-none-eabi/lib/thumb/v7e-m+fp/hard\libc_nano.a(libc_a-readr.o)
                0x08009164                _read_r
 .text._sbrk_r  0x08009188       0x20 C:/ST/STM32CubeIDE_1.17.0/STM32CubeIDE/plugins/com.st.stm32cube.ide.mcu.externaltools.gnu-tools-for-stm32.12.3.rel1.win32_1.1.0.202410251130/tools/bin/../lib/gcc/arm-none-eabi/12.3.1/../../../../arm-none-eabi/lib/thumb/v7e-m+fp/hard\libc_nano.a(libc_a-sbrkr.o)
                0x08009188                _sbrk_r
 .text._write_r
                0x080091a8       0x24 C:/ST/STM32CubeIDE_1.17.0/STM32CubeIDE/plugins/com.st.stm32cube.ide.mcu.externaltools.gnu-tools-for-stm32.12.3.rel1.win32_1.1.0.202410251130/tools/bin/../lib/gcc/arm-none-eabi/12.3.1/../../../../arm-none-eabi/lib/thumb/v7e-m+fp/hard\libc_nano.a(libc_a-writer.o)
                0x080091a8                _write_r
 .text.__errno  0x080091cc        0xc C:/ST/STM32CubeIDE_1.17.0/STM32CubeIDE/plugins/com.st.stm32cube.ide.mcu.externaltools.gnu-tools-for-stm32.12.3.rel1.win32_1.1.0.202410251130/tools/bin/../lib/gcc/arm-none-eabi/12.3.1/../../../../arm-none-eabi/lib/thumb/v7e-m+fp/hard\libc_nano.a(libc_a-errno.o)
                0x080091cc                __errno
 .text.__libc_init_array
                0x080091d8       0x48 C:/ST/STM32CubeIDE_1.17.0/STM32CubeIDE/plugins/com.st.stm32cube.ide.mcu.externaltools.gnu-tools-for-stm32.12.3.rel1.win32_1.1.0.202410251130/tools/bin/../lib/gcc/arm-none-eabi/12.3.1/../../../../arm-none-eabi/lib/thumb/v7e-m+fp/hard\libc_nano.a(libc_a-init.o)
                0x080091d8                __libc_init_array
 .text.__retarget_lock_init_recursive
                0x08009220        0x2 C:/ST/STM32CubeIDE_1.17.0/STM32CubeIDE/plugins/com.st.stm32cube.ide.mcu.externaltools.gnu-tools-for-stm32.12.3.rel1.win32_1.1.0.202410251130/tools/bin/../lib/gcc/arm-none-eabi/12.3.1/../../../../arm-none-eabi/lib/thumb/v7e-m+fp/hard\libc_nano.a(libc_a-lock.o)
                0x08009220                __retarget_lock_init_recursive
 .text.__retarget_lock_acquire_recursive
                0x08009222        0x2 C:/ST/STM32CubeIDE_1.17.0/STM32CubeIDE/plugins/com.st.stm32cube.ide.mcu.externaltools.gnu-tools-for-stm32.12.3.rel1.win32_1.1.0.202410251130/tools/bin/../lib/gcc/arm-none-eabi/12.3.1/../../../../arm-none-eabi/lib/thumb/v7e-m+fp/hard\libc_nano.a(libc_a-lock.o)
                0x08009222                __retarget_lock_acquire_recursive
 .text.__retarget_lock_release_recursive
                0x08009224        0x2 C:/ST/STM32CubeIDE_1.17.0/STM32CubeIDE/plugins/com.st.stm32cube.ide.mcu.externaltools.gnu-tools-for-stm32.12.3.rel1.win32_1.1.0.202410251130/tools/bin/../lib/gcc/arm-none-eabi/12.3.1/../../../../arm-none-eabi/lib/thumb/v7e-m+fp/hard\libc_nano.a(libc_a-lock.o)
                0x08009224                __retarget_lock_release_recursive
 .text.memcpy   0x08009226       0x1c C:/ST/STM32CubeIDE_1.17.0/STM32CubeIDE/plugins/com.st.stm32cube.ide.mcu.externaltools.gnu-tools-for-stm32.12.3.rel1.win32_1.1.0.202410251130/tools/bin/../lib/gcc/arm-none-eabi/12.3.1/../../../../arm-none-eabi/lib/thumb/v7e-m+fp/hard\libc_nano.a(libc_a-memcpy-stub.o)
                0x08009226                memcpy
 *fill*         0x08009242        0x2 
 .text._free_r  0x08009244       0x94 C:/ST/STM32CubeIDE_1.17.0/STM32CubeIDE/plugins/com.st.stm32cube.ide.mcu.externaltools.gnu-tools-for-stm32.12.3.rel1.win32_1.1.0.202410251130/tools/bin/../lib/gcc/arm-none-eabi/12.3.1/../../../../arm-none-eabi/lib/thumb/v7e-m+fp/hard\libc_nano.a(libc_a-freer.o)
                0x08009244                _free_r
 .text.__sfputc_r
                0x080092d8       0x2e C:/ST/STM32CubeIDE_1.17.0/STM32CubeIDE/plugins/com.st.stm32cube.ide.mcu.externaltools.gnu-tools-for-stm32.12.3.rel1.win32_1.1.0.202410251130/tools/bin/../lib/gcc/arm-none-eabi/12.3.1/../../../../arm-none-eabi/lib/thumb/v7e-m+fp/hard\libc_nano.a(libc_a-nano-vfprintf.o)
 .text.__sfputs_r
                0x08009306       0x24 C:/ST/STM32CubeIDE_1.17.0/STM32CubeIDE/plugins/com.st.stm32cube.ide.mcu.externaltools.gnu-tools-for-stm32.12.3.rel1.win32_1.1.0.202410251130/tools/bin/../lib/gcc/arm-none-eabi/12.3.1/../../../../arm-none-eabi/lib/thumb/v7e-m+fp/hard\libc_nano.a(libc_a-nano-vfprintf.o)
                0x08009306                __sfputs_r
 *fill*         0x0800932a        0x2 
 .text._vfprintf_r
                0x0800932c      0x230 C:/ST/STM32CubeIDE_1.17.0/STM32CubeIDE/plugins/com.st.stm32cube.ide.mcu.externaltools.gnu-tools-for-stm32.12.3.rel1.win32_1.1.0.202410251130/tools/bin/../lib/gcc/arm-none-eabi/12.3.1/../../../../arm-none-eabi/lib/thumb/v7e-m+fp/hard\libc_nano.a(libc_a-nano-vfprintf.o)
                0x0800932c                _vfprintf_r
                0x0800932c                _vfiprintf_r
 .text._printf_common
                0x0800955c       0xda C:/ST/STM32CubeIDE_1.17.0/STM32CubeIDE/plugins/com.st.stm32cube.ide.mcu.externaltools.gnu-tools-for-stm32.12.3.rel1.win32_1.1.0.202410251130/tools/bin/../lib/gcc/arm-none-eabi/12.3.1/../../../../arm-none-eabi/lib/thumb/v7e-m+fp/hard\libc_nano.a(libc_a-nano-vfprintf_i.o)
                0x0800955c                _printf_common
 *fill*         0x08009636        0x2 
 .text._printf_i
                0x08009638      0x240 C:/ST/STM32CubeIDE_1.17.0/STM32CubeIDE/plugins/com.st.stm32cube.ide.mcu.externaltools.gnu-tools-for-stm32.12.3.rel1.win32_1.1.0.202410251130/tools/bin/../lib/gcc/arm-none-eabi/12.3.1/../../../../arm-none-eabi/lib/thumb/v7e-m+fp/hard\libc_nano.a(libc_a-nano-vfprintf_i.o)
                0x08009638                _printf_i
 .text.__sflush_r
                0x08009878      0x108 C:/ST/STM32CubeIDE_1.17.0/STM32CubeIDE/plugins/com.st.stm32cube.ide.mcu.externaltools.gnu-tools-for-stm32.12.3.rel1.win32_1.1.0.202410251130/tools/bin/../lib/gcc/arm-none-eabi/12.3.1/../../../../arm-none-eabi/lib/thumb/v7e-m+fp/hard\libc_nano.a(libc_a-fflush.o)
                0x08009878                __sflush_r
 .text._fflush_r
                0x08009980       0x50 C:/ST/STM32CubeIDE_1.17.0/STM32CubeIDE/plugins/com.st.stm32cube.ide.mcu.externaltools.gnu-tools-for-stm32.12.3.rel1.win32_1.1.0.202410251130/tools/bin/../lib/gcc/arm-none-eabi/12.3.1/../../../../arm-none-eabi/lib/thumb/v7e-m+fp/hard\libc_nano.a(libc_a-fflush.o)
                0x08009980                _fflush_r
 .text.__swhatbuf_r
                0x080099d0       0x4c C:/ST/STM32CubeIDE_1.17.0/STM32CubeIDE/plugins/com.st.stm32cube.ide.mcu.externaltools.gnu-tools-for-stm32.12.3.rel1.win32_1.1.0.202410251130/tools/bin/../lib/gcc/arm-none-eabi/12.3.1/../../../../arm-none-eabi/lib/thumb/v7e-m+fp/hard\libc_nano.a(libc_a-makebuf.o)
                0x080099d0                __swhatbuf_r
 .text.__smakebuf_r
                0x08009a1c       0x78 C:/ST/STM32CubeIDE_1.17.0/STM32CubeIDE/plugins/com.st.stm32cube.ide.mcu.externaltools.gnu-tools-for-stm32.12.3.rel1.win32_1.1.0.202410251130/tools/bin/../lib/gcc/arm-none-eabi/12.3.1/../../../../arm-none-eabi/lib/thumb/v7e-m+fp/hard\libc_nano.a(libc_a-makebuf.o)
                0x08009a1c                __smakebuf_r
 .text._fstat_r
                0x08009a94       0x24 C:/ST/STM32CubeIDE_1.17.0/STM32CubeIDE/plugins/com.st.stm32cube.ide.mcu.externaltools.gnu-tools-for-stm32.12.3.rel1.win32_1.1.0.202410251130/tools/bin/../lib/gcc/arm-none-eabi/12.3.1/../../../../arm-none-eabi/lib/thumb/v7e-m+fp/hard\libc_nano.a(libc_a-fstatr.o)
                0x08009a94                _fstat_r
 .text._isatty_r
                0x08009ab8       0x20 C:/ST/STM32CubeIDE_1.17.0/STM32CubeIDE/plugins/com.st.stm32cube.ide.mcu.externaltools.gnu-tools-for-stm32.12.3.rel1.win32_1.1.0.202410251130/tools/bin/../lib/gcc/arm-none-eabi/12.3.1/../../../../arm-none-eabi/lib/thumb/v7e-m+fp/hard\libc_nano.a(libc_a-isattyr.o)
                0x08009ab8                _isatty_r
 *(.glue_7)
 .glue_7        0x08009ad8        0x0 linker stubs
 *(.glue_7t)
 .glue_7t       0x08009ad8        0x0 linker stubs
 *(.eh_frame)
 .eh_frame      0x08009ad8        0x0 C:/ST/STM32CubeIDE_1.17.0/STM32CubeIDE/plugins/com.st.stm32cube.ide.mcu.externaltools.gnu-tools-for-stm32.12.3.rel1.win32_1.1.0.202410251130/tools/bin/../lib/gcc/arm-none-eabi/12.3.1/thumb/v7e-m+fp/hard/crtbegin.o
 *(.init)
 .init          0x08009ad8        0x4 C:/ST/STM32CubeIDE_1.17.0/STM32CubeIDE/plugins/com.st.stm32cube.ide.mcu.externaltools.gnu-tools-for-stm32.12.3.rel1.win32_1.1.0.202410251130/tools/bin/../lib/gcc/arm-none-eabi/12.3.1/thumb/v7e-m+fp/hard/crti.o
                0x08009ad8                _init
 .init          0x08009adc        0x8 C:/ST/STM32CubeIDE_1.17.0/STM32CubeIDE/plugins/com.st.stm32cube.ide.mcu.externaltools.gnu-tools-for-stm32.12.3.rel1.win32_1.1.0.202410251130/tools/bin/../lib/gcc/arm-none-eabi/12.3.1/thumb/v7e-m+fp/hard/crtn.o
 *(.fini)
 .fini          0x08009ae4        0x4 C:/ST/STM32CubeIDE_1.17.0/STM32CubeIDE/plugins/com.st.stm32cube.ide.mcu.externaltools.gnu-tools-for-stm32.12.3.rel1.win32_1.1.0.202410251130/tools/bin/../lib/gcc/arm-none-eabi/12.3.1/thumb/v7e-m+fp/hard/crti.o
                0x08009ae4                _fini
 .fini          0x08009ae8        0x8 C:/ST/STM32CubeIDE_1.17.0/STM32CubeIDE/plugins/com.st.stm32cube.ide.mcu.externaltools.gnu-tools-for-stm32.12.3.rel1.win32_1.1.0.202410251130/tools/bin/../lib/gcc/arm-none-eabi/12.3.1/thumb/v7e-m+fp/hard/crtn.o
                0x08009af0                        . = ALIGN (0x4)
                0x08009af0                        _etext = .

.vfp11_veneer   0x08009af0        0x0
 .vfp11_veneer  0x08009af0        0x0 linker stubs

.v4_bx          0x08009af0        0x0
 .v4_bx         0x08009af0        0x0 linker stubs

.iplt           0x08009af0        0x0
 .iplt          0x08009af0        0x0 C:/ST/STM32CubeIDE_1.17.0/STM32CubeIDE/plugins/com.st.stm32cube.ide.mcu.externaltools.gnu-tools-for-stm32.12.3.rel1.win32_1.1.0.202410251130/tools/bin/../lib/gcc/arm-none-eabi/12.3.1/thumb/v7e-m+fp/hard/crtbegin.o

.rodata         0x08009af0     0x2e94
                0x08009af0                        . = ALIGN (0x4)
 *(.rodata)
 .rodata        0x08009af0       0x2d ./Core/Src/main.o
 *fill*         0x08009b1d        0x3 
 .rodata        0x08009b20      0x17a ./Middlewares/Third_Party/mbedTLS/library/cipher_wrap.o
 *(.rodata*)
 *fill*         0x08009c9a        0x2 
 .rodata.aad    0x08009c9c        0xc ./Core/Src/encryption.o
                0x08009c9c                aad
 .rodata.GCM_key
                0x08009ca8       0x20 ./Core/Src/encryption.o
                0x08009ca8                GCM_key
 .rodata.GCM_iv
                0x08009cc8        0xc ./Core/Src/encryption.o
                0x08009cc8                GCM_iv
 .rodata.AHBPrescTable
                0x08009cd4       0x10 ./Core/Src/system_stm32f4xx.o
                0x08009cd4                AHBPrescTable
 .rodata.APBPrescTable
                0x08009ce4        0x8 ./Core/Src/system_stm32f4xx.o
                0x08009ce4                APBPrescTable
 .rodata.FSb    0x08009cec      0x100 ./Middlewares/Third_Party/mbedTLS/library/aes.o
 .rodata.FT0    0x08009dec      0x400 ./Middlewares/Third_Party/mbedTLS/library/aes.o
 .rodata.FT1    0x0800a1ec      0x400 ./Middlewares/Third_Party/mbedTLS/library/aes.o
 .rodata.FT2    0x0800a5ec      0x400 ./Middlewares/Third_Party/mbedTLS/library/aes.o
 .rodata.FT3    0x0800a9ec      0x400 ./Middlewares/Third_Party/mbedTLS/library/aes.o
 .rodata.RSb    0x0800adec      0x100 ./Middlewares/Third_Party/mbedTLS/library/aes.o
 .rodata.RT0    0x0800aeec      0x400 ./Middlewares/Third_Party/mbedTLS/library/aes.o
 .rodata.RT1    0x0800b2ec      0x400 ./Middlewares/Third_Party/mbedTLS/library/aes.o
 .rodata.RT2    0x0800b6ec      0x400 ./Middlewares/Third_Party/mbedTLS/library/aes.o
 .rodata.RT3    0x0800baec      0x400 ./Middlewares/Third_Party/mbedTLS/library/aes.o
 .rodata.RCON   0x0800beec       0x28 ./Middlewares/Third_Party/mbedTLS/library/aes.o
 .rodata.SIGMA_CHARS
                0x0800bf14       0x30 ./Middlewares/Third_Party/mbedTLS/library/camellia.o
 .rodata.FSb    0x0800bf44      0x100 ./Middlewares/Third_Party/mbedTLS/library/camellia.o
 .rodata.FSb2   0x0800c044      0x100 ./Middlewares/Third_Party/mbedTLS/library/camellia.o
 .rodata.FSb3   0x0800c144      0x100 ./Middlewares/Third_Party/mbedTLS/library/camellia.o
 .rodata.FSb4   0x0800c244      0x100 ./Middlewares/Third_Party/mbedTLS/library/camellia.o
 .rodata.shifts
                0x0800c344       0x20 ./Middlewares/Third_Party/mbedTLS/library/camellia.o
 .rodata.indexes
                0x0800c364       0xa0 ./Middlewares/Third_Party/mbedTLS/library/camellia.o
 .rodata.transposes
                0x0800c404       0x28 ./Middlewares/Third_Party/mbedTLS/library/camellia.o
 .rodata.aes_info
                0x0800c42c       0x28 ./Middlewares/Third_Party/mbedTLS/library/cipher_wrap.o
 .rodata.aes_128_ecb_info
                0x0800c454       0x1c ./Middlewares/Third_Party/mbedTLS/library/cipher_wrap.o
 .rodata.aes_192_ecb_info
                0x0800c470       0x1c ./Middlewares/Third_Party/mbedTLS/library/cipher_wrap.o
 .rodata.aes_256_ecb_info
                0x0800c48c       0x1c ./Middlewares/Third_Party/mbedTLS/library/cipher_wrap.o
 .rodata.aes_128_cbc_info
                0x0800c4a8       0x1c ./Middlewares/Third_Party/mbedTLS/library/cipher_wrap.o
 .rodata.aes_192_cbc_info
                0x0800c4c4       0x1c ./Middlewares/Third_Party/mbedTLS/library/cipher_wrap.o
 .rodata.aes_256_cbc_info
                0x0800c4e0       0x1c ./Middlewares/Third_Party/mbedTLS/library/cipher_wrap.o
 .rodata.aes_128_ofb_info
                0x0800c4fc       0x1c ./Middlewares/Third_Party/mbedTLS/library/cipher_wrap.o
 .rodata.aes_192_ofb_info
                0x0800c518       0x1c ./Middlewares/Third_Party/mbedTLS/library/cipher_wrap.o
 .rodata.aes_256_ofb_info
                0x0800c534       0x1c ./Middlewares/Third_Party/mbedTLS/library/cipher_wrap.o
 .rodata.xts_aes_info
                0x0800c550       0x28 ./Middlewares/Third_Party/mbedTLS/library/cipher_wrap.o
 .rodata.aes_128_xts_info
                0x0800c578       0x1c ./Middlewares/Third_Party/mbedTLS/library/cipher_wrap.o
 .rodata.aes_256_xts_info
                0x0800c594       0x1c ./Middlewares/Third_Party/mbedTLS/library/cipher_wrap.o
 .rodata.gcm_aes_info
                0x0800c5b0       0x28 ./Middlewares/Third_Party/mbedTLS/library/cipher_wrap.o
 .rodata.aes_128_gcm_info
                0x0800c5d8       0x1c ./Middlewares/Third_Party/mbedTLS/library/cipher_wrap.o
 .rodata.aes_192_gcm_info
                0x0800c5f4       0x1c ./Middlewares/Third_Party/mbedTLS/library/cipher_wrap.o
 .rodata.aes_256_gcm_info
                0x0800c610       0x1c ./Middlewares/Third_Party/mbedTLS/library/cipher_wrap.o
 .rodata.camellia_info
                0x0800c62c       0x28 ./Middlewares/Third_Party/mbedTLS/library/cipher_wrap.o
 .rodata.camellia_128_ecb_info
                0x0800c654       0x1c ./Middlewares/Third_Party/mbedTLS/library/cipher_wrap.o
 .rodata.camellia_192_ecb_info
                0x0800c670       0x1c ./Middlewares/Third_Party/mbedTLS/library/cipher_wrap.o
 .rodata.camellia_256_ecb_info
                0x0800c68c       0x1c ./Middlewares/Third_Party/mbedTLS/library/cipher_wrap.o
 .rodata.camellia_128_cbc_info
                0x0800c6a8       0x1c ./Middlewares/Third_Party/mbedTLS/library/cipher_wrap.o
 .rodata.camellia_192_cbc_info
                0x0800c6c4       0x1c ./Middlewares/Third_Party/mbedTLS/library/cipher_wrap.o
 .rodata.camellia_256_cbc_info
                0x0800c6e0       0x1c ./Middlewares/Third_Party/mbedTLS/library/cipher_wrap.o
 .rodata.gcm_camellia_info
                0x0800c6fc       0x28 ./Middlewares/Third_Party/mbedTLS/library/cipher_wrap.o
 .rodata.camellia_128_gcm_info
                0x0800c724       0x1c ./Middlewares/Third_Party/mbedTLS/library/cipher_wrap.o
 .rodata.camellia_192_gcm_info
                0x0800c740       0x1c ./Middlewares/Third_Party/mbedTLS/library/cipher_wrap.o
 .rodata.camellia_256_gcm_info
                0x0800c75c       0x1c ./Middlewares/Third_Party/mbedTLS/library/cipher_wrap.o
 .rodata.chacha20_base_info
                0x0800c778       0x28 ./Middlewares/Third_Party/mbedTLS/library/cipher_wrap.o
 .rodata.chacha20_info
                0x0800c7a0       0x1c ./Middlewares/Third_Party/mbedTLS/library/cipher_wrap.o
 .rodata.chachapoly_base_info
                0x0800c7bc       0x28 ./Middlewares/Third_Party/mbedTLS/library/cipher_wrap.o
 .rodata.chachapoly_info
                0x0800c7e4       0x1c ./Middlewares/Third_Party/mbedTLS/library/cipher_wrap.o
 .rodata.mbedtls_cipher_definitions
                0x0800c800       0xd0 ./Middlewares/Third_Party/mbedTLS/library/cipher_wrap.o
                0x0800c800                mbedtls_cipher_definitions
 .rodata.last4  0x0800c8d0       0x80 ./Middlewares/Third_Party/mbedTLS/library/gcm.o
 .rodata._vfprintf_r.str1.1
                0x0800c950       0x11 C:/ST/STM32CubeIDE_1.17.0/STM32CubeIDE/plugins/com.st.stm32cube.ide.mcu.externaltools.gnu-tools-for-stm32.12.3.rel1.win32_1.1.0.202410251130/tools/bin/../lib/gcc/arm-none-eabi/12.3.1/../../../../arm-none-eabi/lib/thumb/v7e-m+fp/hard\libc_nano.a(libc_a-nano-vfprintf.o)
 .rodata._printf_i.str1.1
                0x0800c961       0x22 C:/ST/STM32CubeIDE_1.17.0/STM32CubeIDE/plugins/com.st.stm32cube.ide.mcu.externaltools.gnu-tools-for-stm32.12.3.rel1.win32_1.1.0.202410251130/tools/bin/../lib/gcc/arm-none-eabi/12.3.1/../../../../arm-none-eabi/lib/thumb/v7e-m+fp/hard\libc_nano.a(libc_a-nano-vfprintf_i.o)
                0x0800c984                        . = ALIGN (0x4)
 *fill*         0x0800c983        0x1 

.ARM.extab      0x0800c984        0x0
                0x0800c984                        . = ALIGN (0x4)
 *(.ARM.extab* .gnu.linkonce.armextab.*)
                0x0800c984                        . = ALIGN (0x4)

.ARM            0x0800c984        0x8
                0x0800c984                        . = ALIGN (0x4)
                0x0800c984                        __exidx_start = .
 *(.ARM.exidx*)
 .ARM.exidx     0x0800c984        0x8 C:/ST/STM32CubeIDE_1.17.0/STM32CubeIDE/plugins/com.st.stm32cube.ide.mcu.externaltools.gnu-tools-for-stm32.12.3.rel1.win32_1.1.0.202410251130/tools/bin/../lib/gcc/arm-none-eabi/12.3.1/../../../../arm-none-eabi/lib/thumb/v7e-m+fp/hard\libc_nano.a(libc_a-strlen.o)
 .ARM.exidx     0x0800c98c        0x0 C:/ST/STM32CubeIDE_1.17.0/STM32CubeIDE/plugins/com.st.stm32cube.ide.mcu.externaltools.gnu-tools-for-stm32.12.3.rel1.win32_1.1.0.202410251130/tools/bin/../lib/gcc/arm-none-eabi/12.3.1/../../../../arm-none-eabi/lib/thumb/v7e-m+fp/hard\libc_nano.a(libc_a-memchr.o)
                                  0x8 (size before relaxing)
 .ARM.exidx     0x0800c98c        0x0 C:/ST/STM32CubeIDE_1.17.0/STM32CubeIDE/plugins/com.st.stm32cube.ide.mcu.externaltools.gnu-tools-for-stm32.12.3.rel1.win32_1.1.0.202410251130/tools/bin/../lib/gcc/arm-none-eabi/12.3.1/thumb/v7e-m+fp/hard\libgcc.a(_udivmoddi4.o)
                                  0x8 (size before relaxing)
                0x0800c98c                        __exidx_end = .
                0x0800c98c                        . = ALIGN (0x4)

.preinit_array  0x0800c98c        0x0
                0x0800c98c                        . = ALIGN (0x4)
                0x0800c98c                        PROVIDE (__preinit_array_start = .)
 *(.preinit_array*)
                0x0800c98c                        PROVIDE (__preinit_array_end = .)
                0x0800c98c                        . = ALIGN (0x4)

.init_array     0x0800c98c        0x4
                0x0800c98c                        . = ALIGN (0x4)
                0x0800c98c                        PROVIDE (__init_array_start = .)
 *(SORT_BY_NAME(.init_array.*))
 *(.init_array*)
 .init_array    0x0800c98c        0x4 C:/ST/STM32CubeIDE_1.17.0/STM32CubeIDE/plugins/com.st.stm32cube.ide.mcu.externaltools.gnu-tools-for-stm32.12.3.rel1.win32_1.1.0.202410251130/tools/bin/../lib/gcc/arm-none-eabi/12.3.1/thumb/v7e-m+fp/hard/crtbegin.o
                0x0800c990                        PROVIDE (__init_array_end = .)
                0x0800c990                        . = ALIGN (0x4)

.fini_array     0x0800c990        0x4
                0x0800c990                        . = ALIGN (0x4)
                [!provide]                        PROVIDE (__fini_array_start = .)
 *(SORT_BY_NAME(.fini_array.*))
 *(.fini_array*)
 .fini_array    0x0800c990        0x4 C:/ST/STM32CubeIDE_1.17.0/STM32CubeIDE/plugins/com.st.stm32cube.ide.mcu.externaltools.gnu-tools-for-stm32.12.3.rel1.win32_1.1.0.202410251130/tools/bin/../lib/gcc/arm-none-eabi/12.3.1/thumb/v7e-m+fp/hard/crtbegin.o
                [!provide]                        PROVIDE (__fini_array_end = .)
                0x0800c994                        . = ALIGN (0x4)
                0x0800c994                        _sidata = LOADADDR (.data)

.rel.dyn        0x0800c994        0x0
 .rel.iplt      0x0800c994        0x0 C:/ST/STM32CubeIDE_1.17.0/STM32CubeIDE/plugins/com.st.stm32cube.ide.mcu.externaltools.gnu-tools-for-stm32.12.3.rel1.win32_1.1.0.202410251130/tools/bin/../lib/gcc/arm-none-eabi/12.3.1/thumb/v7e-m+fp/hard/crtbegin.o

.data           0x20000000       0x70 load address 0x0800c994
                0x20000000                        . = ALIGN (0x4)
                0x20000000                        _sdata = .
 *(.data)
 *(.data*)
 .data.aad_len  0x20000000        0x4 ./Core/Src/encryption.o
                0x20000000                aad_len
 .data.SystemCoreClock
                0x20000004        0x4 ./Core/Src/system_stm32f4xx.o
                0x20000004                SystemCoreClock
 .data.uwTickPrio
                0x20000008        0x4 ./Drivers/STM32F4xx_HAL_Driver/Src/stm32f4xx_hal.o
                0x20000008                uwTickPrio
 .data.uwTickFreq
                0x2000000c        0x1 ./Drivers/STM32F4xx_HAL_Driver/Src/stm32f4xx_hal.o
                0x2000000c                uwTickFreq
 *fill*         0x2000000d        0x3 
 .data.memset_func
                0x20000010        0x4 ./Middlewares/Third_Party/mbedTLS/library/platform_util.o
 .data.__sglue  0x20000014        0xc C:/ST/STM32CubeIDE_1.17.0/STM32CubeIDE/plugins/com.st.stm32cube.ide.mcu.externaltools.gnu-tools-for-stm32.12.3.rel1.win32_1.1.0.202410251130/tools/bin/../lib/gcc/arm-none-eabi/12.3.1/../../../../arm-none-eabi/lib/thumb/v7e-m+fp/hard\libc_nano.a(libc_a-findfp.o)
                0x20000014                __sglue
 .data._impure_ptr
                0x20000020        0x4 C:/ST/STM32CubeIDE_1.17.0/STM32CubeIDE/plugins/com.st.stm32cube.ide.mcu.externaltools.gnu-tools-for-stm32.12.3.rel1.win32_1.1.0.202410251130/tools/bin/../lib/gcc/arm-none-eabi/12.3.1/../../../../arm-none-eabi/lib/thumb/v7e-m+fp/hard\libc_nano.a(libc_a-impure.o)
                0x20000020                _impure_ptr
 .data._impure_data
                0x20000024       0x4c C:/ST/STM32CubeIDE_1.17.0/STM32CubeIDE/plugins/com.st.stm32cube.ide.mcu.externaltools.gnu-tools-for-stm32.12.3.rel1.win32_1.1.0.202410251130/tools/bin/../lib/gcc/arm-none-eabi/12.3.1/../../../../arm-none-eabi/lib/thumb/v7e-m+fp/hard\libc_nano.a(libc_a-impure.o)
                0x20000024                _impure_data
 *(.RamFunc)
 *(.RamFunc*)
                0x20000070                        . = ALIGN (0x4)
                0x20000070                        _edata = .

.igot.plt       0x20000070        0x0 load address 0x0800ca04
 .igot.plt      0x20000070        0x0 C:/ST/STM32CubeIDE_1.17.0/STM32CubeIDE/plugins/com.st.stm32cube.ide.mcu.externaltools.gnu-tools-for-stm32.12.3.rel1.win32_1.1.0.202410251130/tools/bin/../lib/gcc/arm-none-eabi/12.3.1/thumb/v7e-m+fp/hard/crtbegin.o
                0x20000070                        . = ALIGN (0x4)

.bss            0x20000070      0x20c load address 0x0800ca04
                0x20000070                        _sbss = .
                0x20000070                        __bss_start__ = _sbss
 *(.bss)
 .bss           0x20000070       0x1c C:/ST/STM32CubeIDE_1.17.0/STM32CubeIDE/plugins/com.st.stm32cube.ide.mcu.externaltools.gnu-tools-for-stm32.12.3.rel1.win32_1.1.0.202410251130/tools/bin/../lib/gcc/arm-none-eabi/12.3.1/thumb/v7e-m+fp/hard/crtbegin.o
 *(.bss*)
 .bss.hi2c1     0x2000008c       0x54 ./Core/Src/main.o
                0x2000008c                hi2c1
 .bss.huart1    0x200000e0       0x48 ./Core/Src/main.o
                0x200000e0                huart1
 .bss.__sbrk_heap_end
                0x20000128        0x4 ./Core/Src/sysmem.o
 .bss.uwTick    0x2000012c        0x4 ./Drivers/STM32F4xx_HAL_Driver/Src/stm32f4xx_hal.o
                0x2000012c                uwTick
 .bss.__malloc_sbrk_start
                0x20000130        0x4 C:/ST/STM32CubeIDE_1.17.0/STM32CubeIDE/plugins/com.st.stm32cube.ide.mcu.externaltools.gnu-tools-for-stm32.12.3.rel1.win32_1.1.0.202410251130/tools/bin/../lib/gcc/arm-none-eabi/12.3.1/../../../../arm-none-eabi/lib/thumb/v7e-m+fp/hard\libc_nano.a(libc_a-mallocr.o)
                0x20000130                __malloc_sbrk_start
 .bss.__malloc_free_list
                0x20000134        0x4 C:/ST/STM32CubeIDE_1.17.0/STM32CubeIDE/plugins/com.st.stm32cube.ide.mcu.externaltools.gnu-tools-for-stm32.12.3.rel1.win32_1.1.0.202410251130/tools/bin/../lib/gcc/arm-none-eabi/12.3.1/../../../../arm-none-eabi/lib/thumb/v7e-m+fp/hard\libc_nano.a(libc_a-mallocr.o)
                0x20000134                __malloc_free_list
 .bss.__sf      0x20000138      0x138 C:/ST/STM32CubeIDE_1.17.0/STM32CubeIDE/plugins/com.st.stm32cube.ide.mcu.externaltools.gnu-tools-for-stm32.12.3.rel1.win32_1.1.0.202410251130/tools/bin/../lib/gcc/arm-none-eabi/12.3.1/../../../../arm-none-eabi/lib/thumb/v7e-m+fp/hard\libc_nano.a(libc_a-findfp.o)
                0x20000138                __sf
 .bss.__stdio_exit_handler
                0x20000270        0x4 C:/ST/STM32CubeIDE_1.17.0/STM32CubeIDE/plugins/com.st.stm32cube.ide.mcu.externaltools.gnu-tools-for-stm32.12.3.rel1.win32_1.1.0.202410251130/tools/bin/../lib/gcc/arm-none-eabi/12.3.1/../../../../arm-none-eabi/lib/thumb/v7e-m+fp/hard\libc_nano.a(libc_a-findfp.o)
                0x20000270                __stdio_exit_handler
 .bss.errno     0x20000274        0x4 C:/ST/STM32CubeIDE_1.17.0/STM32CubeIDE/plugins/com.st.stm32cube.ide.mcu.externaltools.gnu-tools-for-stm32.12.3.rel1.win32_1.1.0.202410251130/tools/bin/../lib/gcc/arm-none-eabi/12.3.1/../../../../arm-none-eabi/lib/thumb/v7e-m+fp/hard\libc_nano.a(libc_a-reent.o)
                0x20000274                errno
 .bss.__lock___malloc_recursive_mutex
                0x20000278        0x1 C:/ST/STM32CubeIDE_1.17.0/STM32CubeIDE/plugins/com.st.stm32cube.ide.mcu.externaltools.gnu-tools-for-stm32.12.3.rel1.win32_1.1.0.202410251130/tools/bin/../lib/gcc/arm-none-eabi/12.3.1/../../../../arm-none-eabi/lib/thumb/v7e-m+fp/hard\libc_nano.a(libc_a-lock.o)
                0x20000278                __lock___malloc_recursive_mutex
 .bss.__lock___sfp_recursive_mutex
                0x20000279        0x1 C:/ST/STM32CubeIDE_1.17.0/STM32CubeIDE/plugins/com.st.stm32cube.ide.mcu.externaltools.gnu-tools-for-stm32.12.3.rel1.win32_1.1.0.202410251130/tools/bin/../lib/gcc/arm-none-eabi/12.3.1/../../../../arm-none-eabi/lib/thumb/v7e-m+fp/hard\libc_nano.a(libc_a-lock.o)
                0x20000279                __lock___sfp_recursive_mutex
 *(COMMON)
                0x2000027c                        . = ALIGN (0x4)
 *fill*         0x2000027a        0x2 
                0x2000027c                        _ebss = .
                0x2000027c                        __bss_end__ = _ebss

._user_heap_stack
                0x2000027c      0x604 load address 0x0800ca04
                0x20000280                        . = ALIGN (0x8)
 *fill*         0x2000027c        0x4 
                [!provide]                        PROVIDE (end = .)
                0x20000280                        PROVIDE (_end = .)
                0x20000480                        . = (. + _Min_Heap_Size)
 *fill*         0x20000280      0x200 
                0x20000880                        . = (. + _Min_Stack_Size)
 *fill*         0x20000480      0x400 
                0x20000880                        . = ALIGN (0x8)

/DISCARD/
 libc.a(*)
 libm.a(*)
 libgcc.a(*)

.ARM.attributes
                0x00000000       0x30
 *(.ARM.attributes)
 .ARM.attributes
                0x00000000       0x22 C:/ST/STM32CubeIDE_1.17.0/STM32CubeIDE/plugins/com.st.stm32cube.ide.mcu.externaltools.gnu-tools-for-stm32.12.3.rel1.win32_1.1.0.202410251130/tools/bin/../lib/gcc/arm-none-eabi/12.3.1/thumb/v7e-m+fp/hard/crti.o
 .ARM.attributes
                0x00000022       0x34 C:/ST/STM32CubeIDE_1.17.0/STM32CubeIDE/plugins/com.st.stm32cube.ide.mcu.externaltools.gnu-tools-for-stm32.12.3.rel1.win32_1.1.0.202410251130/tools/bin/../lib/gcc/arm-none-eabi/12.3.1/thumb/v7e-m+fp/hard/crtbegin.o
 .ARM.attributes
                0x00000056       0x34 ./Core/Src/encryption.o
 .ARM.attributes
                0x0000008a       0x34 ./Core/Src/main.o
 .ARM.attributes
                0x000000be       0x34 ./Core/Src/stm32f4xx_hal_msp.o
 .ARM.attributes
                0x000000f2       0x34 ./Core/Src/stm32f4xx_it.o
 .ARM.attributes
                0x00000126       0x34 ./Core/Src/syscalls.o
 .ARM.attributes
                0x0000015a       0x34 ./Core/Src/sysmem.o
 .ARM.attributes
                0x0000018e       0x34 ./Core/Src/system_stm32f4xx.o
 .ARM.attributes
                0x000001c2       0x21 ./Core/Startup/startup_stm32f401ccux.o
 .ARM.attributes
                0x000001e3       0x34 ./Drivers/STM32F4xx_HAL_Driver/Src/stm32f4xx_hal.o
 .ARM.attributes
                0x00000217       0x34 ./Drivers/STM32F4xx_HAL_Driver/Src/stm32f4xx_hal_cortex.o
 .ARM.attributes
                0x0000024b       0x34 ./Drivers/STM32F4xx_HAL_Driver/Src/stm32f4xx_hal_dma.o
 .ARM.attributes
                0x0000027f       0x34 ./Drivers/STM32F4xx_HAL_Driver/Src/stm32f4xx_hal_gpio.o
 .ARM.attributes
                0x000002b3       0x34 ./Drivers/STM32F4xx_HAL_Driver/Src/stm32f4xx_hal_i2c.o
 .ARM.attributes
                0x000002e7       0x34 ./Drivers/STM32F4xx_HAL_Driver/Src/stm32f4xx_hal_rcc.o
 .ARM.attributes
                0x0000031b       0x34 ./Drivers/STM32F4xx_HAL_Driver/Src/stm32f4xx_hal_uart.o
 .ARM.attributes
                0x0000034f       0x34 ./MBEDTLS/App/mbedtls.o
 .ARM.attributes
                0x00000383       0x34 ./Middlewares/Third_Party/mbedTLS/library/aes.o
 .ARM.attributes
                0x000003b7       0x34 ./Middlewares/Third_Party/mbedTLS/library/camellia.o
 .ARM.attributes
                0x000003eb       0x34 ./Middlewares/Third_Party/mbedTLS/library/chacha20.o
 .ARM.attributes
                0x0000041f       0x34 ./Middlewares/Third_Party/mbedTLS/library/chachapoly.o
 .ARM.attributes
                0x00000453       0x34 ./Middlewares/Third_Party/mbedTLS/library/cipher.o
 .ARM.attributes
                0x00000487       0x34 ./Middlewares/Third_Party/mbedTLS/library/cipher_wrap.o
 .ARM.attributes
                0x000004bb       0x34 ./Middlewares/Third_Party/mbedTLS/library/gcm.o
 .ARM.attributes
                0x000004ef       0x34 ./Middlewares/Third_Party/mbedTLS/library/platform_util.o
 .ARM.attributes
                0x00000523       0x34 ./Middlewares/Third_Party/mbedTLS/library/poly1305.o
 .ARM.attributes
                0x00000557       0x34 C:/ST/STM32CubeIDE_1.17.0/STM32CubeIDE/plugins/com.st.stm32cube.ide.mcu.externaltools.gnu-tools-for-stm32.12.3.rel1.win32_1.1.0.202410251130/tools/bin/../lib/gcc/arm-none-eabi/12.3.1/../../../../arm-none-eabi/lib/thumb/v7e-m+fp/hard\libc_nano.a(libc_a-calloc.o)
 .ARM.attributes
                0x0000058b       0x34 C:/ST/STM32CubeIDE_1.17.0/STM32CubeIDE/plugins/com.st.stm32cube.ide.mcu.externaltools.gnu-tools-for-stm32.12.3.rel1.win32_1.1.0.202410251130/tools/bin/../lib/gcc/arm-none-eabi/12.3.1/../../../../arm-none-eabi/lib/thumb/v7e-m+fp/hard\libc_nano.a(libc_a-callocr.o)
 .ARM.attributes
                0x000005bf       0x34 C:/ST/STM32CubeIDE_1.17.0/STM32CubeIDE/plugins/com.st.stm32cube.ide.mcu.externaltools.gnu-tools-for-stm32.12.3.rel1.win32_1.1.0.202410251130/tools/bin/../lib/gcc/arm-none-eabi/12.3.1/../../../../arm-none-eabi/lib/thumb/v7e-m+fp/hard\libc_nano.a(libc_a-malloc.o)
 .ARM.attributes
                0x000005f3       0x34 C:/ST/STM32CubeIDE_1.17.0/STM32CubeIDE/plugins/com.st.stm32cube.ide.mcu.externaltools.gnu-tools-for-stm32.12.3.rel1.win32_1.1.0.202410251130/tools/bin/../lib/gcc/arm-none-eabi/12.3.1/../../../../arm-none-eabi/lib/thumb/v7e-m+fp/hard\libc_nano.a(libc_a-mallocr.o)
 .ARM.attributes
                0x00000627       0x34 C:/ST/STM32CubeIDE_1.17.0/STM32CubeIDE/plugins/com.st.stm32cube.ide.mcu.externaltools.gnu-tools-for-stm32.12.3.rel1.win32_1.1.0.202410251130/tools/bin/../lib/gcc/arm-none-eabi/12.3.1/../../../../arm-none-eabi/lib/thumb/v7e-m+fp/hard\libc_nano.a(libc_a-mlock.o)
 .ARM.attributes
                0x0000065b       0x34 C:/ST/STM32CubeIDE_1.17.0/STM32CubeIDE/plugins/com.st.stm32cube.ide.mcu.externaltools.gnu-tools-for-stm32.12.3.rel1.win32_1.1.0.202410251130/tools/bin/../lib/gcc/arm-none-eabi/12.3.1/../../../../arm-none-eabi/lib/thumb/v7e-m+fp/hard\libc_nano.a(libc_a-findfp.o)
 .ARM.attributes
                0x0000068f       0x34 C:/ST/STM32CubeIDE_1.17.0/STM32CubeIDE/plugins/com.st.stm32cube.ide.mcu.externaltools.gnu-tools-for-stm32.12.3.rel1.win32_1.1.0.202410251130/tools/bin/../lib/gcc/arm-none-eabi/12.3.1/../../../../arm-none-eabi/lib/thumb/v7e-m+fp/hard\libc_nano.a(libc_a-fwalk.o)
 .ARM.attributes
                0x000006c3       0x34 C:/ST/STM32CubeIDE_1.17.0/STM32CubeIDE/plugins/com.st.stm32cube.ide.mcu.externaltools.gnu-tools-for-stm32.12.3.rel1.win32_1.1.0.202410251130/tools/bin/../lib/gcc/arm-none-eabi/12.3.1/../../../../arm-none-eabi/lib/thumb/v7e-m+fp/hard\libc_nano.a(libc_a-printf.o)
 .ARM.attributes
                0x000006f7       0x34 C:/ST/STM32CubeIDE_1.17.0/STM32CubeIDE/plugins/com.st.stm32cube.ide.mcu.externaltools.gnu-tools-for-stm32.12.3.rel1.win32_1.1.0.202410251130/tools/bin/../lib/gcc/arm-none-eabi/12.3.1/../../../../arm-none-eabi/lib/thumb/v7e-m+fp/hard\libc_nano.a(libc_a-stdio.o)
 .ARM.attributes
                0x0000072b       0x34 C:/ST/STM32CubeIDE_1.17.0/STM32CubeIDE/plugins/com.st.stm32cube.ide.mcu.externaltools.gnu-tools-for-stm32.12.3.rel1.win32_1.1.0.202410251130/tools/bin/../lib/gcc/arm-none-eabi/12.3.1/../../../../arm-none-eabi/lib/thumb/v7e-m+fp/hard\libc_nano.a(libc_a-wbuf.o)
 .ARM.attributes
                0x0000075f       0x34 C:/ST/STM32CubeIDE_1.17.0/STM32CubeIDE/plugins/com.st.stm32cube.ide.mcu.externaltools.gnu-tools-for-stm32.12.3.rel1.win32_1.1.0.202410251130/tools/bin/../lib/gcc/arm-none-eabi/12.3.1/../../../../arm-none-eabi/lib/thumb/v7e-m+fp/hard\libc_nano.a(libc_a-wsetup.o)
 .ARM.attributes
                0x00000793       0x34 C:/ST/STM32CubeIDE_1.17.0/STM32CubeIDE/plugins/com.st.stm32cube.ide.mcu.externaltools.gnu-tools-for-stm32.12.3.rel1.win32_1.1.0.202410251130/tools/bin/../lib/gcc/arm-none-eabi/12.3.1/../../../../arm-none-eabi/lib/thumb/v7e-m+fp/hard\libc_nano.a(libc_a-memset.o)
 .ARM.attributes
                0x000007c7       0x34 C:/ST/STM32CubeIDE_1.17.0/STM32CubeIDE/plugins/com.st.stm32cube.ide.mcu.externaltools.gnu-tools-for-stm32.12.3.rel1.win32_1.1.0.202410251130/tools/bin/../lib/gcc/arm-none-eabi/12.3.1/../../../../arm-none-eabi/lib/thumb/v7e-m+fp/hard\libc_nano.a(libc_a-closer.o)
 .ARM.attributes
                0x000007fb       0x34 C:/ST/STM32CubeIDE_1.17.0/STM32CubeIDE/plugins/com.st.stm32cube.ide.mcu.externaltools.gnu-tools-for-stm32.12.3.rel1.win32_1.1.0.202410251130/tools/bin/../lib/gcc/arm-none-eabi/12.3.1/../../../../arm-none-eabi/lib/thumb/v7e-m+fp/hard\libc_nano.a(libc_a-reent.o)
 .ARM.attributes
                0x0000082f       0x34 C:/ST/STM32CubeIDE_1.17.0/STM32CubeIDE/plugins/com.st.stm32cube.ide.mcu.externaltools.gnu-tools-for-stm32.12.3.rel1.win32_1.1.0.202410251130/tools/bin/../lib/gcc/arm-none-eabi/12.3.1/../../../../arm-none-eabi/lib/thumb/v7e-m+fp/hard\libc_nano.a(libc_a-impure.o)
 .ARM.attributes
                0x00000863       0x34 C:/ST/STM32CubeIDE_1.17.0/STM32CubeIDE/plugins/com.st.stm32cube.ide.mcu.externaltools.gnu-tools-for-stm32.12.3.rel1.win32_1.1.0.202410251130/tools/bin/../lib/gcc/arm-none-eabi/12.3.1/../../../../arm-none-eabi/lib/thumb/v7e-m+fp/hard\libc_nano.a(libc_a-lseekr.o)
 .ARM.attributes
                0x00000897       0x34 C:/ST/STM32CubeIDE_1.17.0/STM32CubeIDE/plugins/com.st.stm32cube.ide.mcu.externaltools.gnu-tools-for-stm32.12.3.rel1.win32_1.1.0.202410251130/tools/bin/../lib/gcc/arm-none-eabi/12.3.1/../../../../arm-none-eabi/lib/thumb/v7e-m+fp/hard\libc_nano.a(libc_a-readr.o)
 .ARM.attributes
                0x000008cb       0x34 C:/ST/STM32CubeIDE_1.17.0/STM32CubeIDE/plugins/com.st.stm32cube.ide.mcu.externaltools.gnu-tools-for-stm32.12.3.rel1.win32_1.1.0.202410251130/tools/bin/../lib/gcc/arm-none-eabi/12.3.1/../../../../arm-none-eabi/lib/thumb/v7e-m+fp/hard\libc_nano.a(libc_a-sbrkr.o)
 .ARM.attributes
                0x000008ff       0x34 C:/ST/STM32CubeIDE_1.17.0/STM32CubeIDE/plugins/com.st.stm32cube.ide.mcu.externaltools.gnu-tools-for-stm32.12.3.rel1.win32_1.1.0.202410251130/tools/bin/../lib/gcc/arm-none-eabi/12.3.1/../../../../arm-none-eabi/lib/thumb/v7e-m+fp/hard\libc_nano.a(libc_a-writer.o)
 .ARM.attributes
                0x00000933       0x34 C:/ST/STM32CubeIDE_1.17.0/STM32CubeIDE/plugins/com.st.stm32cube.ide.mcu.externaltools.gnu-tools-for-stm32.12.3.rel1.win32_1.1.0.202410251130/tools/bin/../lib/gcc/arm-none-eabi/12.3.1/../../../../arm-none-eabi/lib/thumb/v7e-m+fp/hard\libc_nano.a(libc_a-errno.o)
 .ARM.attributes
                0x00000967       0x34 C:/ST/STM32CubeIDE_1.17.0/STM32CubeIDE/plugins/com.st.stm32cube.ide.mcu.externaltools.gnu-tools-for-stm32.12.3.rel1.win32_1.1.0.202410251130/tools/bin/../lib/gcc/arm-none-eabi/12.3.1/../../../../arm-none-eabi/lib/thumb/v7e-m+fp/hard\libc_nano.a(libc_a-init.o)
 .ARM.attributes
                0x0000099b       0x34 C:/ST/STM32CubeIDE_1.17.0/STM32CubeIDE/plugins/com.st.stm32cube.ide.mcu.externaltools.gnu-tools-for-stm32.12.3.rel1.win32_1.1.0.202410251130/tools/bin/../lib/gcc/arm-none-eabi/12.3.1/../../../../arm-none-eabi/lib/thumb/v7e-m+fp/hard\libc_nano.a(libc_a-lock.o)
 .ARM.attributes
                0x000009cf       0x34 C:/ST/STM32CubeIDE_1.17.0/STM32CubeIDE/plugins/com.st.stm32cube.ide.mcu.externaltools.gnu-tools-for-stm32.12.3.rel1.win32_1.1.0.202410251130/tools/bin/../lib/gcc/arm-none-eabi/12.3.1/../../../../arm-none-eabi/lib/thumb/v7e-m+fp/hard\libc_nano.a(libc_a-memcpy-stub.o)
 .ARM.attributes
                0x00000a03       0x17 C:/ST/STM32CubeIDE_1.17.0/STM32CubeIDE/plugins/com.st.stm32cube.ide.mcu.externaltools.gnu-tools-for-stm32.12.3.rel1.win32_1.1.0.202410251130/tools/bin/../lib/gcc/arm-none-eabi/12.3.1/../../../../arm-none-eabi/lib/thumb/v7e-m+fp/hard\libc_nano.a(libc_a-strlen.o)
 .ARM.attributes
                0x00000a1a       0x34 C:/ST/STM32CubeIDE_1.17.0/STM32CubeIDE/plugins/com.st.stm32cube.ide.mcu.externaltools.gnu-tools-for-stm32.12.3.rel1.win32_1.1.0.202410251130/tools/bin/../lib/gcc/arm-none-eabi/12.3.1/../../../../arm-none-eabi/lib/thumb/v7e-m+fp/hard\libc_nano.a(libc_a-freer.o)
 .ARM.attributes
                0x00000a4e       0x34 C:/ST/STM32CubeIDE_1.17.0/STM32CubeIDE/plugins/com.st.stm32cube.ide.mcu.externaltools.gnu-tools-for-stm32.12.3.rel1.win32_1.1.0.202410251130/tools/bin/../lib/gcc/arm-none-eabi/12.3.1/../../../../arm-none-eabi/lib/thumb/v7e-m+fp/hard\libc_nano.a(libc_a-nano-vfprintf.o)
 .ARM.attributes
                0x00000a82       0x34 C:/ST/STM32CubeIDE_1.17.0/STM32CubeIDE/plugins/com.st.stm32cube.ide.mcu.externaltools.gnu-tools-for-stm32.12.3.rel1.win32_1.1.0.202410251130/tools/bin/../lib/gcc/arm-none-eabi/12.3.1/../../../../arm-none-eabi/lib/thumb/v7e-m+fp/hard\libc_nano.a(libc_a-nano-vfprintf_i.o)
 .ARM.attributes
                0x00000ab6       0x34 C:/ST/STM32CubeIDE_1.17.0/STM32CubeIDE/plugins/com.st.stm32cube.ide.mcu.externaltools.gnu-tools-for-stm32.12.3.rel1.win32_1.1.0.202410251130/tools/bin/../lib/gcc/arm-none-eabi/12.3.1/../../../../arm-none-eabi/lib/thumb/v7e-m+fp/hard\libc_nano.a(libc_a-fflush.o)
 .ARM.attributes
                0x00000aea       0x34 C:/ST/STM32CubeIDE_1.17.0/STM32CubeIDE/plugins/com.st.stm32cube.ide.mcu.externaltools.gnu-tools-for-stm32.12.3.rel1.win32_1.1.0.202410251130/tools/bin/../lib/gcc/arm-none-eabi/12.3.1/../../../../arm-none-eabi/lib/thumb/v7e-m+fp/hard\libc_nano.a(libc_a-makebuf.o)
 .ARM.attributes
                0x00000b1e       0x34 C:/ST/STM32CubeIDE_1.17.0/STM32CubeIDE/plugins/com.st.stm32cube.ide.mcu.externaltools.gnu-tools-for-stm32.12.3.rel1.win32_1.1.0.202410251130/tools/bin/../lib/gcc/arm-none-eabi/12.3.1/../../../../arm-none-eabi/lib/thumb/v7e-m+fp/hard\libc_nano.a(libc_a-fstatr.o)
 .ARM.attributes
                0x00000b52       0x34 C:/ST/STM32CubeIDE_1.17.0/STM32CubeIDE/plugins/com.st.stm32cube.ide.mcu.externaltools.gnu-tools-for-stm32.12.3.rel1.win32_1.1.0.202410251130/tools/bin/../lib/gcc/arm-none-eabi/12.3.1/../../../../arm-none-eabi/lib/thumb/v7e-m+fp/hard\libc_nano.a(libc_a-isattyr.o)
 .ARM.attributes
                0x00000b86       0x1c C:/ST/STM32CubeIDE_1.17.0/STM32CubeIDE/plugins/com.st.stm32cube.ide.mcu.externaltools.gnu-tools-for-stm32.12.3.rel1.win32_1.1.0.202410251130/tools/bin/../lib/gcc/arm-none-eabi/12.3.1/../../../../arm-none-eabi/lib/thumb/v7e-m+fp/hard\libc_nano.a(libc_a-memchr.o)
 .ARM.attributes
                0x00000ba2       0x22 C:/ST/STM32CubeIDE_1.17.0/STM32CubeIDE/plugins/com.st.stm32cube.ide.mcu.externaltools.gnu-tools-for-stm32.12.3.rel1.win32_1.1.0.202410251130/tools/bin/../lib/gcc/arm-none-eabi/12.3.1/thumb/v7e-m+fp/hard\libgcc.a(_aeabi_uldivmod.o)
 .ARM.attributes
                0x00000bc4       0x34 C:/ST/STM32CubeIDE_1.17.0/STM32CubeIDE/plugins/com.st.stm32cube.ide.mcu.externaltools.gnu-tools-for-stm32.12.3.rel1.win32_1.1.0.202410251130/tools/bin/../lib/gcc/arm-none-eabi/12.3.1/thumb/v7e-m+fp/hard\libgcc.a(_udivmoddi4.o)
 .ARM.attributes
                0x00000bf8       0x22 C:/ST/STM32CubeIDE_1.17.0/STM32CubeIDE/plugins/com.st.stm32cube.ide.mcu.externaltools.gnu-tools-for-stm32.12.3.rel1.win32_1.1.0.202410251130/tools/bin/../lib/gcc/arm-none-eabi/12.3.1/thumb/v7e-m+fp/hard\libgcc.a(_dvmd_tls.o)
 .ARM.attributes
                0x00000c1a       0x22 C:/ST/STM32CubeIDE_1.17.0/STM32CubeIDE/plugins/com.st.stm32cube.ide.mcu.externaltools.gnu-tools-for-stm32.12.3.rel1.win32_1.1.0.202410251130/tools/bin/../lib/gcc/arm-none-eabi/12.3.1/thumb/v7e-m+fp/hard/crtn.o
OUTPUT(Pylon_task_submission_clean_ver.elf elf32-littlearm)
LOAD linker stubs
LOAD C:/ST/STM32CubeIDE_1.17.0/STM32CubeIDE/plugins/com.st.stm32cube.ide.mcu.externaltools.gnu-tools-for-stm32.12.3.rel1.win32_1.1.0.202410251130/tools/bin/../lib/gcc/arm-none-eabi/12.3.1/../../../../arm-none-eabi/lib/thumb/v7e-m+fp/hard\libc.a
LOAD C:/ST/STM32CubeIDE_1.17.0/STM32CubeIDE/plugins/com.st.stm32cube.ide.mcu.externaltools.gnu-tools-for-stm32.12.3.rel1.win32_1.1.0.202410251130/tools/bin/../lib/gcc/arm-none-eabi/12.3.1/../../../../arm-none-eabi/lib/thumb/v7e-m+fp/hard\libm.a
LOAD C:/ST/STM32CubeIDE_1.17.0/STM32CubeIDE/plugins/com.st.stm32cube.ide.mcu.externaltools.gnu-tools-for-stm32.12.3.rel1.win32_1.1.0.202410251130/tools/bin/../lib/gcc/arm-none-eabi/12.3.1/thumb/v7e-m+fp/hard\libgcc.a

.debug_info     0x00000000    0x11a58
 .debug_info    0x00000000      0xa1a ./Core/Src/encryption.o
 .debug_info    0x00000a1a      0xe64 ./Core/Src/main.o
 .debug_info    0x0000187e      0xe15 ./Core/Src/stm32f4xx_hal_msp.o
 .debug_info    0x00002693      0x640 ./Core/Src/stm32f4xx_it.o
 .debug_info    0x00002cd3      0x6a3 ./Core/Src/syscalls.o
 .debug_info    0x00003376      0x168 ./Core/Src/sysmem.o
 .debug_info    0x000034de      0x53e ./Core/Src/system_stm32f4xx.o
 .debug_info    0x00003a1c       0x30 ./Core/Startup/startup_stm32f401ccux.o
 .debug_info    0x00003a4c      0x8bb ./Drivers/STM32F4xx_HAL_Driver/Src/stm32f4xx_hal.o
 .debug_info    0x00004307      0xcf6 ./Drivers/STM32F4xx_HAL_Driver/Src/stm32f4xx_hal_cortex.o
 .debug_info    0x00004ffd      0x8e6 ./Drivers/STM32F4xx_HAL_Driver/Src/stm32f4xx_hal_dma.o
 .debug_info    0x000058e3      0x6f9 ./Drivers/STM32F4xx_HAL_Driver/Src/stm32f4xx_hal_gpio.o
 .debug_info    0x00005fdc     0x2426 ./Drivers/STM32F4xx_HAL_Driver/Src/stm32f4xx_hal_i2c.o
 .debug_info    0x00008402      0x8f1 ./Drivers/STM32F4xx_HAL_Driver/Src/stm32f4xx_hal_rcc.o
 .debug_info    0x00008cf3     0x2f56 ./Drivers/STM32F4xx_HAL_Driver/Src/stm32f4xx_hal_uart.o
 .debug_info    0x0000bc49       0x8a ./MBEDTLS/App/mbedtls.o
 .debug_info    0x0000bcd3      0xb66 ./Middlewares/Third_Party/mbedTLS/library/aes.o
 .debug_info    0x0000c839      0x5f4 ./Middlewares/Third_Party/mbedTLS/library/camellia.o
 .debug_info    0x0000ce2d      0x42e ./Middlewares/Third_Party/mbedTLS/library/chacha20.o
 .debug_info    0x0000d25b      0x84b ./Middlewares/Third_Party/mbedTLS/library/chachapoly.o
 .debug_info    0x0000daa6     0x144e ./Middlewares/Third_Party/mbedTLS/library/cipher.o
 .debug_info    0x0000eef4     0x1783 ./Middlewares/Third_Party/mbedTLS/library/cipher_wrap.o
 .debug_info    0x00010677      0xcd7 ./Middlewares/Third_Party/mbedTLS/library/gcm.o
 .debug_info    0x0001134e      0x117 ./Middlewares/Third_Party/mbedTLS/library/platform_util.o
 .debug_info    0x00011465      0x5f3 ./Middlewares/Third_Party/mbedTLS/library/poly1305.o

.debug_abbrev   0x00000000     0x324a
 .debug_abbrev  0x00000000      0x271 ./Core/Src/encryption.o
 .debug_abbrev  0x00000271      0x29d ./Core/Src/main.o
 .debug_abbrev  0x0000050e      0x1cb ./Core/Src/stm32f4xx_hal_msp.o
 .debug_abbrev  0x000006d9      0x182 ./Core/Src/stm32f4xx_it.o
 .debug_abbrev  0x0000085b      0x1b6 ./Core/Src/syscalls.o
 .debug_abbrev  0x00000a11       0xbc ./Core/Src/sysmem.o
 .debug_abbrev  0x00000acd      0x11a ./Core/Src/system_stm32f4xx.o
 .debug_abbrev  0x00000be7       0x24 ./Core/Startup/startup_stm32f401ccux.o
 .debug_abbrev  0x00000c0b      0x24b ./Drivers/STM32F4xx_HAL_Driver/Src/stm32f4xx_hal.o
 .debug_abbrev  0x00000e56      0x31d ./Drivers/STM32F4xx_HAL_Driver/Src/stm32f4xx_hal_cortex.o
 .debug_abbrev  0x00001173      0x221 ./Drivers/STM32F4xx_HAL_Driver/Src/stm32f4xx_hal_dma.o
 .debug_abbrev  0x00001394      0x1d3 ./Drivers/STM32F4xx_HAL_Driver/Src/stm32f4xx_hal_gpio.o
 .debug_abbrev  0x00001567      0x2bc ./Drivers/STM32F4xx_HAL_Driver/Src/stm32f4xx_hal_i2c.o
 .debug_abbrev  0x00001823      0x2b6 ./Drivers/STM32F4xx_HAL_Driver/Src/stm32f4xx_hal_rcc.o
 .debug_abbrev  0x00001ad9      0x31b ./Drivers/STM32F4xx_HAL_Driver/Src/stm32f4xx_hal_uart.o
 .debug_abbrev  0x00001df4       0x45 ./MBEDTLS/App/mbedtls.o
 .debug_abbrev  0x00001e39      0x20d ./Middlewares/Third_Party/mbedTLS/library/aes.o
 .debug_abbrev  0x00002046      0x191 ./Middlewares/Third_Party/mbedTLS/library/camellia.o
 .debug_abbrev  0x000021d7      0x20d ./Middlewares/Third_Party/mbedTLS/library/chacha20.o
 .debug_abbrev  0x000023e4      0x244 ./Middlewares/Third_Party/mbedTLS/library/chachapoly.o
 .debug_abbrev  0x00002628      0x357 ./Middlewares/Third_Party/mbedTLS/library/cipher.o
 .debug_abbrev  0x0000297f      0x308 ./Middlewares/Third_Party/mbedTLS/library/cipher_wrap.o
 .debug_abbrev  0x00002c87      0x309 ./Middlewares/Third_Party/mbedTLS/library/gcm.o
 .debug_abbrev  0x00002f90       0xbe ./Middlewares/Third_Party/mbedTLS/library/platform_util.o
 .debug_abbrev  0x0000304e      0x1fc ./Middlewares/Third_Party/mbedTLS/library/poly1305.o

.debug_aranges  0x00000000      0xf30
 .debug_aranges
                0x00000000       0x40 ./Core/Src/encryption.o
 .debug_aranges
                0x00000040       0x48 ./Core/Src/main.o
 .debug_aranges
                0x00000088       0x40 ./Core/Src/stm32f4xx_hal_msp.o
 .debug_aranges
                0x000000c8       0x68 ./Core/Src/stm32f4xx_it.o
 .debug_aranges
                0x00000130       0xa8 ./Core/Src/syscalls.o
 .debug_aranges
                0x000001d8       0x20 ./Core/Src/sysmem.o
 .debug_aranges
                0x000001f8       0x28 ./Core/Src/system_stm32f4xx.o
 .debug_aranges
                0x00000220       0x28 ./Core/Startup/startup_stm32f401ccux.o
 .debug_aranges
                0x00000248       0xf0 ./Drivers/STM32F4xx_HAL_Driver/Src/stm32f4xx_hal.o
 .debug_aranges
                0x00000338      0x130 ./Drivers/STM32F4xx_HAL_Driver/Src/stm32f4xx_hal_cortex.o