Archive member included to satisfy reference by file (symbol)

C:/ST/STM32CubeIDE_1.17.0/STM32CubeIDE/plugins/com.st.stm32cube.ide.mcu.externaltools.gnu-tools-for-stm32.12.3.rel1.win32_1.1.0.202410251130/tools/bin/../lib/gcc/arm-none-eabi/12.3.1/../../../../arm-none-eabi/lib/thumb/v7e-m+fp/hard\libc_nano.a(libc_a-calloc.o)
                              ./Middlewares/Third_Party/mbedTLS/library/asn1parse.o (calloc)
C:/ST/STM32CubeIDE_1.17.0/STM32CubeIDE/plugins/com.st.stm32cube.ide.mcu.externaltools.gnu-tools-for-stm32.12.3.rel1.win32_1.1.0.202410251130/tools/bin/../lib/gcc/arm-none-eabi/12.3.1/../../../../arm-none-eabi/lib/thumb/v7e-m+fp/hard\libc_nano.a(libc_a-callocr.o)
                              C:/ST/STM32CubeIDE_1.17.0/STM32CubeIDE/plugins/com.st.stm32cube.ide.mcu.externaltools.gnu-tools-for-stm32.12.3.rel1.win32_1.1.0.202410251130/tools/bin/../lib/gcc/arm-none-eabi/12.3.1/../../../../arm-none-eabi/lib/thumb/v7e-m+fp/hard\libc_nano.a(libc_a-calloc.o) (_calloc_r)
C:/ST/STM32CubeIDE_1.17.0/STM32CubeIDE/plugins/com.st.stm32cube.ide.mcu.externaltools.gnu-tools-for-stm32.12.3.rel1.win32_1.1.0.202410251130/tools/bin/../lib/gcc/arm-none-eabi/12.3.1/../../../../arm-none-eabi/lib/thumb/v7e-m+fp/hard\libc_nano.a(libc_a-exit.o)
                              C:/ST/STM32CubeIDE_1.17.0/STM32CubeIDE/plugins/com.st.stm32cube.ide.mcu.externaltools.gnu-tools-for-stm32.12.3.rel1.win32_1.1.0.202410251130/tools/bin/../lib/gcc/arm-none-eabi/12.3.1/../../../../arm-none-eabi/lib/thumb/v7e-m+fp/hard/crt0.o (exit)
C:/ST/STM32CubeIDE_1.17.0/STM32CubeIDE/plugins/com.st.stm32cube.ide.mcu.externaltools.gnu-tools-for-stm32.12.3.rel1.win32_1.1.0.202410251130/tools/bin/../lib/gcc/arm-none-eabi/12.3.1/../../../../arm-none-eabi/lib/thumb/v7e-m+fp/hard\libc_nano.a(libc_a-malloc.o)
                              ./Middlewares/Third_Party/mbedTLS/library/asn1parse.o (free)
C:/ST/STM32CubeIDE_1.17.0/STM32CubeIDE/plugins/com.st.stm32cube.ide.mcu.externaltools.gnu-tools-for-stm32.12.3.rel1.win32_1.1.0.202410251130/tools/bin/../lib/gcc/arm-none-eabi/12.3.1/../../../../arm-none-eabi/lib/thumb/v7e-m+fp/hard\libc_nano.a(libc_a-mallocr.o)
                              C:/ST/STM32CubeIDE_1.17.0/STM32CubeIDE/plugins/com.st.stm32cube.ide.mcu.externaltools.gnu-tools-for-stm32.12.3.rel1.win32_1.1.0.202410251130/tools/bin/../lib/gcc/arm-none-eabi/12.3.1/../../../../arm-none-eabi/lib/thumb/v7e-m+fp/hard\libc_nano.a(libc_a-callocr.o) (_malloc_r)
C:/ST/STM32CubeIDE_1.17.0/STM32CubeIDE/plugins/com.st.stm32cube.ide.mcu.externaltools.gnu-tools-for-stm32.12.3.rel1.win32_1.1.0.202410251130/tools/bin/../lib/gcc/arm-none-eabi/12.3.1/../../../../arm-none-eabi/lib/thumb/v7e-m+fp/hard\libc_nano.a(libc_a-mlock.o)
                              C:/ST/STM32CubeIDE_1.17.0/STM32CubeIDE/plugins/com.st.stm32cube.ide.mcu.externaltools.gnu-tools-for-stm32.12.3.rel1.win32_1.1.0.202410251130/tools/bin/../lib/gcc/arm-none-eabi/12.3.1/../../../../arm-none-eabi/lib/thumb/v7e-m+fp/hard\libc_nano.a(libc_a-mallocr.o) (__malloc_lock)
C:/ST/STM32CubeIDE_1.17.0/STM32CubeIDE/plugins/com.st.stm32cube.ide.mcu.externaltools.gnu-tools-for-stm32.12.3.rel1.win32_1.1.0.202410251130/tools/bin/../lib/gcc/arm-none-eabi/12.3.1/../../../../arm-none-eabi/lib/thumb/v7e-m+fp/hard\libc_nano.a(libc_a-findfp.o)
                              C:/ST/STM32CubeIDE_1.17.0/STM32CubeIDE/plugins/com.st.stm32cube.ide.mcu.externaltools.gnu-tools-for-stm32.12.3.rel1.win32_1.1.0.202410251130/tools/bin/../lib/gcc/arm-none-eabi/12.3.1/../../../../arm-none-eabi/lib/thumb/v7e-m+fp/hard\libc_nano.a(libc_a-exit.o) (__stdio_exit_handler)
C:/ST/STM32CubeIDE_1.17.0/STM32CubeIDE/plugins/com.st.stm32cube.ide.mcu.externaltools.gnu-tools-for-stm32.12.3.rel1.win32_1.1.0.202410251130/tools/bin/../lib/gcc/arm-none-eabi/12.3.1/../../../../arm-none-eabi/lib/thumb/v7e-m+fp/hard\libc_nano.a(libc_a-fwalk.o)
                              C:/ST/STM32CubeIDE_1.17.0/STM32CubeIDE/plugins/com.st.stm32cube.ide.mcu.externaltools.gnu-tools-for-stm32.12.3.rel1.win32_1.1.0.202410251130/tools/bin/../lib/gcc/arm-none-eabi/12.3.1/../../../../arm-none-eabi/lib/thumb/v7e-m+fp/hard\libc_nano.a(libc_a-findfp.o) (_fwalk_sglue)
C:/ST/STM32CubeIDE_1.17.0/STM32CubeIDE/plugins/com.st.stm32cube.ide.mcu.externaltools.gnu-tools-for-stm32.12.3.rel1.win32_1.1.0.202410251130/tools/bin/../lib/gcc/arm-none-eabi/12.3.1/../../../../arm-none-eabi/lib/thumb/v7e-m+fp/hard\libc_nano.a(libc_a-puts.o)
                              ./Core/Src/encryption.o (puts)
C:/ST/STM32CubeIDE_1.17.0/STM32CubeIDE/plugins/com.st.stm32cube.ide.mcu.externaltools.gnu-tools-for-stm32.12.3.rel1.win32_1.1.0.202410251130/tools/bin/../lib/gcc/arm-none-eabi/12.3.1/../../../../arm-none-eabi/lib/thumb/v7e-m+fp/hard\libc_nano.a(libc_a-snprintf.o)
                              ./Middlewares/Third_Party/mbedTLS/library/oid.o (snprintf)
[...]
Memory Configuration

Name             Origin             Length             Attributes
RAM              0x20000000         0x00010000         xrw
FLASH            0x08000000         0x00040000         xr
*default*        0x00000000         0xffffffff

Linker script and memory map

LOAD C:/ST/STM32CubeIDE_1.17.0/STM32CubeIDE/plugins/com.st.stm32cube.ide.mcu.externaltools.gnu-tools-for-stm32.12.3.rel1.win32_1.1.0.202410251130/tools/bin/../lib/gcc/arm-none-eabi/12.3.1/thumb/v7e-m+fp/hard/crti.o
LOAD C:/ST/STM32CubeIDE_1.17.0/STM32CubeIDE/plugins/com.st.stm32cube.ide.mcu.externaltools.gnu-tools-for-stm32.12.3.rel1.win32_1.1.0.202410251130/tools/bin/../lib/gcc/arm-none-eabi/12.3.1/thumb/v7e-m+fp/hard/crtbegin.o
LOAD C:/ST/STM32CubeIDE_1.17.0/STM32CubeIDE/plugins/com.st.stm32cube.ide.mcu.externaltools.gnu-tools-for-stm32.12.3.rel1.win32_1.1.0.202410251130/tools/bin/../lib/gcc/arm-none-eabi/12.3.1/../../../../arm-none-eabi/lib/thumb/v7e-m+fp/hard/crt0.o
LOAD ./Core/Src/encryption.o
LOAD ./Core/Src/main.o
LOAD ./Core/Src/stm32f4xx_hal_msp.o
LOAD ./Core/Src/stm32f4xx_it.o
LOAD ./Core/Src/syscalls.o
LOAD ./Core/Src/sysmem.o
LOAD ./Core/Src/system_stm32f4xx.o
LOAD ./Core/Startup/startup_stm32f401ccux.o
LOAD ./Drivers/STM32F4xx_HAL_Driver/Src/stm32f4xx_hal.o
LOAD ./Drivers/STM32F4xx_HAL_Driver/Src/stm32f4xx_hal_cortex.o
LOAD ./Drivers/STM32F4xx_HAL_Driver/Src/stm32f4xx_hal_dma.o
LOAD ./Drivers/STM32F4xx_HAL_Driver/Src/stm32f4xx_hal_dma_ex.o
LOAD ./Drivers/STM32F4xx_HAL_Driver/Src/stm32f4xx_hal_exti.o
LOAD ./Drivers/STM32F4xx_HAL_Driver/Src/stm32f4xx_hal_flash.o
LOAD ./Drivers/STM32F4xx_HAL_Driver/Src/stm32f4xx_hal_flash_ex.o
LOAD ./Drivers/STM32F4xx_HAL_Driver/Src/stm32f4xx_hal_flash_ramfunc.o
LOAD ./Drivers/STM32F4xx_HAL_Driver/Src/stm32f4xx_hal_gpio.o
LOAD ./Drivers/STM32F4xx_HAL_Driver/Src/stm32f4xx_hal_i2c.o
LOAD ./Drivers/STM32F4xx_HAL_Driver/Src/stm32f4xx_hal_i2c_ex.o
LOAD ./Drivers/STM32F4xx_HAL_Driver/Src/stm32f4xx_hal_pwr.o
LOAD ./Drivers/STM32F4xx_HAL_Driver/Src/stm32f4xx_hal_pwr_ex.o
LOAD ./Drivers/STM32F4xx_HAL_Driver/Src/stm32f4xx_hal_rcc.o
LOAD ./Drivers/STM32F4xx_HAL_Driver/Src/stm32f4xx_hal_rcc_ex.o
LOAD ./Drivers/STM32F4xx_HAL_Driver/Src/stm32f4xx_hal_uart.o
LOAD ./MBEDTLS/App/mbedtls.o
LOAD ./Middlewares/Third_Party/mbedTLS/library/aes.o
LOAD ./Middlewares/Third_Party/mbedTLS/library/asn1parse.o
LOAD ./Middlewares/Third_Party/mbedTLS/library/asn1write.o
LOAD ./Middlewares/Third_Party/mbedTLS/library/base64.o
LOAD ./Middlewares/Third_Party/mbedTLS/library/bignum.o
LOAD ./Middlewares/Third_Party/mbedTLS/library/camellia.o
LOAD ./Middlewares/Third_Party/mbedTLS/library/certs.o
LOAD ./Middlewares/Third_Party/mbedTLS/library/chacha20.o
LOAD ./Middlewares/Third_Party/mbedTLS/library/chachapoly.o
LOAD ./Middlewares/Third_Party/mbedTLS/library/cipher.o
LOAD ./Middlewares/Third_Party/mbedTLS/library/cipher_wrap.o
LOAD ./Middlewares/Third_Party/mbedTLS/library/ctr_drbg.o
LOAD ./Middlewares/Third_Party/mbedTLS/library/dhm.o
LOAD ./Middlewares/Third_Party/mbedTLS/library/ecdh.o
LOAD ./Middlewares/Third_Party/mbedTLS/library/ecdsa.o
LOAD ./Middlewares/Third_Party/mbedTLS/library/ecp.o
LOAD ./Middlewares/Third_Party/mbedTLS/library/ecp_curves.o
LOAD ./Middlewares/Third_Party/mbedTLS/library/entropy.o
LOAD ./Middlewares/Third_Party/mbedTLS/library/entropy_poll.o
LOAD ./Middlewares/Third_Party/mbedTLS/library/gcm.o
LOAD ./Middlewares/Third_Party/mbedTLS/library/hkdf.o
LOAD ./Middlewares/Third_Party/mbedTLS/library/md.o
LOAD ./Middlewares/Third_Party/mbedTLS/library/md_wrap.o
LOAD ./Middlewares/Third_Party/mbedTLS/library/memory_buffer_alloc.o
LOAD ./Middlewares/Third_Party/mbedTLS/library/oid.o
LOAD ./Middlewares/Third_Party/mbedTLS/library/pem.o
LOAD ./Middlewares/Third_Party/mbedTLS/library/pk.o
LOAD ./Middlewares/Third_Party/mbedTLS/library/pk_wrap.o
LOAD ./Middlewares/Third_Party/mbedTLS/library/pkparse.o
LOAD ./Middlewares/Third_Party/mbedTLS/library/platform.o
LOAD ./Middlewares/Third_Party/mbedTLS/library/platform_util.o
LOAD ./Middlewares/Third_Party/mbedTLS/library/poly1305.o
LOAD ./Middlewares/Third_Party/mbedTLS/library/rsa_internal.o
LOAD ./Middlewares/Third_Party/mbedTLS/library/sha256.o
LOAD ./Middlewares/Third_Party/mbedTLS/library/sha512.o
LOAD ./Middlewares/Third_Party/mbedTLS/library/ssl_ciphersuites.o
LOAD ./Middlewares/Third_Party/mbedTLS/library/version_features.o
LOAD ./Middlewares/Third_Party/mbedTLS/library/x509.o
LOAD ./Middlewares/Third_Party/mbedTLS/library/x509_crt.o
START GROUP
LOAD C:/ST/STM32CubeIDE_1.17.0/STM32CubeIDE/plugins/com.st.stm32cube.ide.mcu.externaltools.gnu-tools-for-stm32.12.3.rel1.win32_1.1.0.202410251130/tools/bin/../lib/gcc/arm-none-eabi/12.3.1/../../../../arm-none-eabi/lib/thumb/v7e-m+fp/hard\libc_nano.a
LOAD C:/ST/STM32CubeIDE_1.17.0/STM32CubeIDE/plugins/com.st.stm32cube.ide.mcu.externaltools.gnu-tools-for-stm32.12.3.rel1.win32_1.1.0.202410251130/tools/bin/../lib/gcc/arm-none-eabi/12.3.1/../../../../arm-none-eabi/lib/thumb/v7e-m+fp/hard\libm.a
END GROUP
START GROUP
LOAD C:/ST/STM32CubeIDE_1.17.0/STM32CubeIDE/plugins/com.st.stm32cube.ide.mcu.externaltools.gnu-tools-for-stm32.12.3.rel1.win32_1.1.0.202410251130/tools/bin/../lib/gcc/arm-none-eabi/12.3.1/thumb/v7e-m+fp/hard\libgcc.a
LOAD C:/ST/STM32CubeIDE_1.17.0/STM32CubeIDE/plugins/com.st.stm32cube.ide.mcu.externaltools.gnu-tools-for-stm32.12.3.rel1.win32_1.1.0.202410251130/tools/bin/../lib/gcc/arm-none-eabi/12.3.1/../../../../arm-none-eabi/lib/thumb/v7e-m+fp/hard\libc_nano.a
END GROUP
START GROUP
LOAD C:/ST/STM32CubeIDE_1.17.0/STM32CubeIDE/plugins/com.st.stm32cube.ide.mcu.externaltools.gnu-tools-for-stm32.12.3.rel1.win32_1.1.0.202410251130/tools/bin/../lib/gcc/arm-none-eabi/12.3.1/thumb/v7e-m+fp/hard\libgcc.a
LOAD C:/ST/STM32CubeIDE_1.17.0/STM32CubeIDE/plugins/com.st.stm32cube.ide.mcu.externaltools.gnu-tools-for-stm32.12.3.rel1.win32_1.1.0.202410251130/tools/bin/../lib/gcc/arm-none-eabi/12.3.1/../../../../arm-none-eabi/lib/thumb/v7e-m+fp/hard\libc_nano.a
LOAD C:/ST/STM32CubeIDE_1.17.0/STM32CubeIDE/plugins/com.st.stm32cube.ide.mcu.externaltools.gnu-tools-for-stm32.12.3.rel1.win32_1.1.0.202410251130/tools/bin/../lib/gcc/arm-none-eabi/12.3.1/../../../../arm-none-eabi/lib/thumb/v7e-m+fp/hard\libnosys.a
END GROUP
START GROUP
LOAD C:/ST/STM32CubeIDE_1.17.0/STM32CubeIDE/plugins/com.st.stm32cube.ide.mcu.externaltools.gnu-tools-for-stm32.12.3.rel1.win32_1.1.0.202410251130/tools/bin/../lib/gcc/arm-none-eabi/12.3.1/thumb/v7e-m+fp/hard\libgcc.a
LOAD C:/ST/STM32CubeIDE_1.17.0/STM32CubeIDE/plugins/com.st.stm32cube.ide.mcu.externaltools.gnu-tools-for-stm32.12.3.rel1.win32_1.1.0.202410251130/tools/bin/../lib/gcc/arm-none-eabi/12.3.1/../../../../arm-none-eabi/lib/thumb/v7e-m+fp/hard\libc_nano.a
LOAD C:/ST/STM32CubeIDE_1.17.0/STM32CubeIDE/plugins/com.st.stm32cube.ide.mcu.externaltools.gnu-tools-for-stm32.12.3.rel1.win32_1.1.0.202410251130/tools/bin/../lib/gcc/arm-none-eabi/12.3.1/../../../../arm-none-eabi/lib/thumb/v7e-m+fp/hard\libnosys.a
END GROUP
LOAD C:/ST/STM32CubeIDE_1.17.0/STM32CubeIDE/plugins/com.st.stm32cube.ide.mcu.externaltools.gnu-tools-for-stm32.12.3.rel1.win32_1.1.0.202410251130/tools/bin/../lib/gcc/arm-none-eabi/12.3.1/thumb/v7e-m+fp/hard/crtend.o
LOAD C:/ST/STM32CubeIDE_1.17.0/STM32CubeIDE/plugins/com.st.stm32cube.ide.mcu.externaltools.gnu-tools-for-stm32.12.3.rel1.win32_1.1.0.202410251130/tools/bin/../lib/gcc/arm-none-eabi/12.3.1/thumb/v7e-m+fp/hard/crtn.o
                0x20010000                        _estack = (ORIGIN (RAM) + LENGTH (RAM))
                0x00000200                        _Min_Heap_Size = 0x200
                0x00000400                        _Min_Stack_Size = 0x400

.isr_vector     0x08000000      0x194
                0x08000000                        . = ALIGN (0x4)
 *(.isr_vector)
 .isr_vector    0x08000000      0x194 ./Core/Startup/startup_stm32f401ccux.o
                0x08000000                g_pfnVectors
                0x08000194                        . = ALIGN (0x4)

.text           0x08000198     0x8564
                0x08000198                        . = ALIGN (0x4)
 *(.text)
 .text          0x08000198       0x40 C:/ST/STM32CubeIDE_1.17.0/STM32CubeIDE/plugins/com.st.stm32cube.ide.mcu.externaltools.gnu-tools-for-stm32.12.3.rel1.win32_1.1.0.202410251130/tools/bin/../lib/gcc/arm-none-eabi/12.3.1/thumb/v7e-m+fp/hard/crtbegin.o
 .text          0x080001d8       0x10 C:/ST/STM32CubeIDE_1.17.0/STM32CubeIDE/plugins/com.st.stm32cube.ide.mcu.externaltools.gnu-tools-for-stm32.12.3.rel1.win32_1.1.0.202410251130/tools/bin/../lib/gcc/arm-none-eabi/12.3.1/../../../../arm-none-eabi/lib/thumb/v7e-m+fp/hard\libc_nano.a(libc_a-strlen.o)
                0x080001d8                strlen
 .text          0x080001e8       0x30 C:/ST/STM32CubeIDE_1.17.0/STM32CubeIDE/plugins/com.st.stm32cube.ide.mcu.externaltools.gnu-tools-for-stm32.12.3.rel1.win32_1.1.0.202410251130/tools/bin/../lib/gcc/arm-none-eabi/12.3.1/thumb/v7e-m+fp/hard\libgcc.a(_aeabi_uldivmod.o)
                0x080001e8                __aeabi_uldivmod
 .text          0x08000218      0x2bc C:/ST/STM32CubeIDE_1.17.0/STM32CubeIDE/plugins/com.st.stm32cube.ide.mcu.externaltools.gnu-tools-for-stm32.12.3.rel1.win32_1.1.0.202410251130/tools/bin/../lib/gcc/arm-none-eabi/12.3.1/thumb/v7e-m+fp/hard\libgcc.a(_udivmoddi4.o)
                0x08000218                __udivmoddi4
 .text          0x080004d4        0x4 C:/ST/STM32CubeIDE_1.17.0/STM32CubeIDE/plugins/com.st.stm32cube.ide.mcu.externaltools.gnu-tools-for-stm32.12.3.rel1.win32_1.1.0.202410251130/tools/bin/../lib/gcc/arm-none-eabi/12.3.1/thumb/v7e-m+fp/hard\libgcc.a(_dvmd_tls.o)
                0x080004d4                __aeabi_idiv0
                0x080004d4                __aeabi_ldiv0
 *(.text*)
 .text.padding_data_for_AES_CBC_encryption
                0x080004d8       0x32 ./Core/Src/encryption.o
                0x080004d8                padding_data_for_AES_CBC_encryption
 *fill*         0x0800050a        0x2 
 .text.AES_Encryption
                0x0800050c       0xb4 ./Core/Src/encryption.o
                0x0800050c                AES_Encryption
 .text.AES_Decryption
                0x080005c0       0xb4 ./Core/Src/encryption.o
                0x080005c0                AES_Decryption
 .text.generate_random
                0x08000674       0xa8 ./Core/Src/encryption.o
                0x08000674                generate_random
 .text.main     0x0800071c      0x110 ./Core/Src/main.o
                0x0800071c                main
 .text.SystemClock_Config
                0x0800082c       0xc0 ./Core/Src/main.o
                0x0800082c                SystemClock_Config
 .text.MX_I2C1_Init
                0x080008ec       0x5c ./Core/Src/main.o
 .text.MX_USART1_UART_Init
                0x08000948       0x54 ./Core/Src/main.o
 .text.MX_GPIO_Init
                0x0800099c       0x50 ./Core/Src/main.o
 .text.Error_Handler
                0x080009ec        0xc ./Core/Src/main.o
                0x080009ec                Error_Handler
 .text.HAL_MspInit
                0x080009f8       0x50 ./Core/Src/stm32f4xx_hal_msp.o
                0x080009f8                HAL_MspInit
 .text.HAL_I2C_MspInit
                0x08000a48       0x90 ./Core/Src/stm32f4xx_hal_msp.o
                0x08000a48                HAL_I2C_MspInit
 .text.HAL_UART_MspInit
                0x08000ad8       0xa0 ./Core/Src/stm32f4xx_hal_msp.o
                0x08000ad8                HAL_UART_MspInit
 .text.NMI_Handler
                0x08000b78        0x8 ./Core/Src/stm32f4xx_it.o
                0x08000b78                NMI_Handler
 .text.HardFault_Handler
                0x08000b80        0x8 ./Core/Src/stm32f4xx_it.o
                0x08000b80                HardFault_Handler
 .text.MemManage_Handler
                0x08000b88        0x8 ./Core/Src/stm32f4xx_it.o
                0x08000b88                MemManage_Handler
 .text.BusFault_Handler
                0x08000b90        0x8 ./Core/Src/stm32f4xx_it.o
                0x08000b90                BusFault_Handler
 .text.UsageFault_Handler
                0x08000b98        0x8 ./Core/Src/stm32f4xx_it.o
                0x08000b98                UsageFault_Handler
 .text.SVC_Handler
                0x08000ba0        0xe ./Core/Src/stm32f4xx_it.o
                0x08000ba0                SVC_Handler
 .text.DebugMon_Handler
                0x08000bae        0xe ./Core/Src/stm32f4xx_it.o
                0x08000bae                DebugMon_Handler
 .text.PendSV_Handler
                0x08000bbc        0xe ./Core/Src/stm32f4xx_it.o
                0x08000bbc                PendSV_Handler
 .text.SysTick_Handler
                0x08000bca        0xc ./Core/Src/stm32f4xx_it.o
                0x08000bca                SysTick_Handler
 *fill*         0x08000bd6        0x2 
 .text.USART1_IRQHandler
                0x08000bd8       0x14 ./Core/Src/stm32f4xx_it.o
                0x08000bd8                USART1_IRQHandler
 .text._read    0x08000bec       0x3a ./Core/Src/syscalls.o
                0x08000bec                _read
 .text._write   0x08000c26       0x38 ./Core/Src/syscalls.o
                0x08000c26                _write
 .text._close   0x08000c5e       0x18 ./Core/Src/syscalls.o
                0x08000c5e                _close
 .text._fstat   0x08000c76       0x20 ./Core/Src/syscalls.o
                0x08000c76                _fstat
 .text._isatty  0x08000c96       0x16 ./Core/Src/syscalls.o
                0x08000c96                _isatty
 .text._lseek   0x08000cac       0x1a ./Core/Src/syscalls.o
                0x08000cac                _lseek
 *fill*         0x08000cc6        0x2 
 .text._sbrk    0x08000cc8       0x6c ./Core/Src/sysmem.o
                0x08000cc8                _sbrk
 .text.SystemInit
                0x08000d34       0x24 ./Core/Src/system_stm32f4xx.o
                0x08000d34                SystemInit
 .text.Reset_Handler
                0x08000d58       0x50 ./Core/Startup/startup_stm32f401ccux.o
                0x08000d58                Reset_Handler
 .text.Default_Handler
                0x08000da8        0x2 ./Core/Startup/startup_stm32f401ccux.o
                0x08000da8                RTC_Alarm_IRQHandler
                0x08000da8                EXTI2_IRQHandler
                0x08000da8                SPI4_IRQHandler
                0x08000da8                TIM1_CC_IRQHandler
                0x08000da8                DMA2_Stream5_IRQHandler
                0x08000da8                DMA1_Stream5_IRQHandler
                0x08000da8                PVD_IRQHandler
                0x08000da8                SDIO_IRQHandler
                0x08000da8                TAMP_STAMP_IRQHandler
                0x08000da8                EXTI3_IRQHandler
                0x08000da8                TIM1_UP_TIM10_IRQHandler
                0x08000da8                I2C3_ER_IRQHandler
                0x08000da8                EXTI0_IRQHandler
                0x08000da8                I2C2_EV_IRQHandler
                0x08000da8                DMA1_Stream2_IRQHandler
                0x08000da8                FPU_IRQHandler
                0x08000da8                DMA2_Stream2_IRQHandler
                0x08000da8                SPI1_IRQHandler
                0x08000da8                TIM1_BRK_TIM9_IRQHandler
                0x08000da8                DMA2_Stream3_IRQHandler
                0x08000da8                USART6_IRQHandler
                0x08000da8                DMA2_Stream0_IRQHandler
                0x08000da8                TIM4_IRQHandler
                0x08000da8                I2C1_EV_IRQHandler
                0x08000da8                DMA1_Stream6_IRQHandler
                0x08000da8                DMA1_Stream1_IRQHandler
                0x08000da8                TIM3_IRQHandler
                0x08000da8                RCC_IRQHandler
                0x08000da8                Default_Handler
                0x08000da8                EXTI15_10_IRQHandler
                0x08000da8                ADC_IRQHandler
                0x08000da8                DMA1_Stream7_IRQHandler
                0x08000da8                TIM5_IRQHandler
                0x08000da8                DMA2_Stream7_IRQHandler
                0x08000da8                I2C3_EV_IRQHandler
                0x08000da8                EXTI9_5_IRQHandler
                0x08000da8                RTC_WKUP_IRQHandler
                0x08000da8                SPI2_IRQHandler
                0x08000da8                DMA1_Stream0_IRQHandler
                0x08000da8                EXTI4_IRQHandler
                0x08000da8                WWDG_IRQHandler
                0x08000da8                TIM2_IRQHandler
                0x08000da8                OTG_FS_WKUP_IRQHandler
                0x08000da8                TIM1_TRG_COM_TIM11_IRQHandler
                0x08000da8                EXTI1_IRQHandler
                0x08000da8                USART2_IRQHandler
                0x08000da8                I2C2_ER_IRQHandler
                0x08000da8                DMA2_Stream1_IRQHandler
                0x08000da8                FLASH_IRQHandler
                0x08000da8                DMA2_Stream4_IRQHandler
                0x08000da8                OTG_FS_IRQHandler
                0x08000da8                SPI3_IRQHandler
                0x08000da8                DMA1_Stream4_IRQHandler
                0x08000da8                I2C1_ER_IRQHandler
                0x08000da8                DMA2_Stream6_IRQHandler
                0x08000da8                DMA1_Stream3_IRQHandler
 *fill*         0x08000daa        0x2 
 .text.HAL_Init
                0x08000dac       0x44 ./Drivers/STM32F4xx_HAL_Driver/Src/stm32f4xx_hal.o
                0x08000dac                HAL_Init
 .text.HAL_InitTick
                0x08000df0       0x60 ./Drivers/STM32F4xx_HAL_Driver/Src/stm32f4xx_hal.o
                0x08000df0                HAL_InitTick
 .text.HAL_IncTick
                0x08000e50       0x28 ./Drivers/STM32F4xx_HAL_Driver/Src/stm32f4xx_hal.o
                0x08000e50                HAL_IncTick
 .text.HAL_GetTick
                0x08000e78       0x18 ./Drivers/STM32F4xx_HAL_Driver/Src/stm32f4xx_hal.o
                0x08000e78                HAL_GetTick
 .text.__NVIC_SetPriorityGrouping
                0x08000e90       0x48 ./Drivers/STM32F4xx_HAL_Driver/Src/stm32f4xx_hal_cortex.o
 .text.__NVIC_GetPriorityGrouping
                0x08000ed8       0x1c ./Drivers/STM32F4xx_HAL_Driver/Src/stm32f4xx_hal_cortex.o
 .text.__NVIC_EnableIRQ
                0x08000ef4       0x3c ./Drivers/STM32F4xx_HAL_Driver/Src/stm32f4xx_hal_cortex.o
 .text.__NVIC_SetPriority
                0x08000f30       0x54 ./Drivers/STM32F4xx_HAL_Driver/Src/stm32f4xx_hal_cortex.o
 .text.NVIC_EncodePriority
                0x08000f84       0x66 ./Drivers/STM32F4xx_HAL_Driver/Src/stm32f4xx_hal_cortex.o
 *fill*         0x08000fea        0x2 
 .text.SysTick_Config
                0x08000fec       0x44 ./Drivers/STM32F4xx_HAL_Driver/Src/stm32f4xx_hal_cortex.o
 .text.HAL_NVIC_SetPriorityGrouping
                0x08001030       0x16 ./Drivers/STM32F4xx_HAL_Driver/Src/stm32f4xx_hal_cortex.o
                0x08001030                HAL_NVIC_SetPriorityGrouping
 .text.HAL_NVIC_SetPriority
                0x08001046       0x38 ./Drivers/STM32F4xx_HAL_Driver/Src/stm32f4xx_hal_cortex.o
                0x08001046                HAL_NVIC_SetPriority
 .text.HAL_NVIC_EnableIRQ
                0x0800107e       0x1c ./Drivers/STM32F4xx_HAL_Driver/Src/stm32f4xx_hal_cortex.o
                0x0800107e                HAL_NVIC_EnableIRQ
 .text.HAL_SYSTICK_Config
                0x0800109a       0x18 ./Drivers/STM32F4xx_HAL_Driver/Src/stm32f4xx_hal_cortex.o
                0x0800109a                HAL_SYSTICK_Config
 .text.HAL_DMA_Abort
                0x080010b2       0xe0 ./Drivers/STM32F4xx_HAL_Driver/Src/stm32f4xx_hal_dma.o
                0x080010b2                HAL_DMA_Abort
 .text.HAL_DMA_Abort_IT
                0x08001192       0x44 ./Drivers/STM32F4xx_HAL_Driver/Src/stm32f4xx_hal_dma.o
                0x08001192                HAL_DMA_Abort_IT
 *fill*         0x080011d6        0x2 
 .text.HAL_GPIO_Init
                0x080011d8      0x308 ./Drivers/STM32F4xx_HAL_Driver/Src/stm32f4xx_hal_gpio.o
                0x080011d8                HAL_GPIO_Init
 .text.HAL_I2C_Init
                0x080014e0      0x288 ./Drivers/STM32F4xx_HAL_Driver/Src/stm32f4xx_hal_i2c.o
                0x080014e0                HAL_I2C_Init
 .text.HAL_RCC_OscConfig
                0x08001768      0x4f0 ./Drivers/STM32F4xx_HAL_Driver/Src/stm32f4xx_hal_rcc.o
                0x08001768                HAL_RCC_OscConfig
 .text.HAL_RCC_ClockConfig
                0x08001c58      0x1cc ./Drivers/STM32F4xx_HAL_Driver/Src/stm32f4xx_hal_rcc.o
                0x08001c58                HAL_RCC_ClockConfig
 .text.HAL_RCC_GetSysClockFreq
                0x08001e24      0x18c ./Drivers/STM32F4xx_HAL_Driver/Src/stm32f4xx_hal_rcc.o
                0x08001e24                HAL_RCC_GetSysClockFreq
 .text.HAL_RCC_GetHCLKFreq
                0x08001fb0       0x18 ./Drivers/STM32F4xx_HAL_Driver/Src/stm32f4xx_hal_rcc.o
                0x08001fb0                HAL_RCC_GetHCLKFreq
 .text.HAL_RCC_GetPCLK1Freq
                0x08001fc8       0x28 ./Drivers/STM32F4xx_HAL_Driver/Src/stm32f4xx_hal_rcc.o
                0x08001fc8                HAL_RCC_GetPCLK1Freq
 .text.HAL_RCC_GetPCLK2Freq
                0x08001ff0       0x28 ./Drivers/STM32F4xx_HAL_Driver/Src/stm32f4xx_hal_rcc.o
                0x08001ff0                HAL_RCC_GetPCLK2Freq
 .text.HAL_UART_Init
                0x08002018       0xa0 ./Drivers/STM32F4xx_HAL_Driver/Src/stm32f4xx_hal_uart.o
                0x08002018                HAL_UART_Init
 .text.HAL_UART_Transmit
                0x080020b8      0x116 ./Drivers/STM32F4xx_HAL_Driver/Src/stm32f4xx_hal_uart.o
                0x080020b8                HAL_UART_Transmit
 *fill*         0x080021ce        0x2 
 .text.HAL_UART_IRQHandler
                0x080021d0      0x524 ./Drivers/STM32F4xx_HAL_Driver/Src/stm32f4xx_hal_uart.o
                0x080021d0                HAL_UART_IRQHandler
 .text.HAL_UART_TxCpltCallback
                0x080026f4       0x14 ./Drivers/STM32F4xx_HAL_Driver/Src/stm32f4xx_hal_uart.o
                0x080026f4                HAL_UART_TxCpltCallback
 .text.HAL_UART_RxCpltCallback
                0x08002708       0x14 ./Drivers/STM32F4xx_HAL_Driver/Src/stm32f4xx_hal_uart.o
                0x08002708                HAL_UART_RxCpltCallback
 .text.HAL_UART_ErrorCallback
                0x0800271c       0x14 ./Drivers/STM32F4xx_HAL_Driver/Src/stm32f4xx_hal_uart.o
                0x0800271c                HAL_UART_ErrorCallback
 .text.HAL_UARTEx_RxEventCallback
                0x08002730       0x18 ./Drivers/STM32F4xx_HAL_Driver/Src/stm32f4xx_hal_uart.o
                0x08002730                HAL_UARTEx_RxEventCallback
 .text.UART_WaitOnFlagUntilTimeout
                0x08002748       0xb2 ./Drivers/STM32F4xx_HAL_Driver/Src/stm32f4xx_hal_uart.o
 .text.UART_EndRxTransfer
                0x080027fa       0xc6 ./Drivers/STM32F4xx_HAL_Driver/Src/stm32f4xx_hal_uart.o
 .text.UART_DMAAbortOnError
                0x080028c0       0x28 ./Drivers/STM32F4xx_HAL_Driver/Src/stm32f4xx_hal_uart.o
 .text.UART_Transmit_IT
                0x080028e8       0xa0 ./Drivers/STM32F4xx_HAL_Driver/Src/stm32f4xx_hal_uart.o
 .text.UART_EndTransmit_IT
                0x08002988       0x30 ./Drivers/STM32F4xx_HAL_Driver/Src/stm32f4xx_hal_uart.o
 .text.UART_Receive_IT
                0x080029b8      0x17c ./Drivers/STM32F4xx_HAL_Driver/Src/stm32f4xx_hal_uart.o
 .text.UART_SetConfig
                0x08002b34      0x4e8 ./Drivers/STM32F4xx_HAL_Driver/Src/stm32f4xx_hal_uart.o
 .text.MX_MBEDTLS_Init
                0x0800301c        0xe ./MBEDTLS/App/mbedtls.o
                0x0800301c                MX_MBEDTLS_Init
 .text.mbedtls_aes_init
                0x0800302a       0x1c ./Middlewares/Third_Party/mbedTLS/library/aes.o
                0x0800302a                mbedtls_aes_init
 .text.mbedtls_aes_free
                0x08003046       0x22 ./Middlewares/Third_Party/mbedTLS/library/aes.o
                0x08003046                mbedtls_aes_free
 .text.mbedtls_aes_setkey_enc
                0x08003068      0x3ac ./Middlewares/Third_Party/mbedTLS/library/aes.o
                0x08003068                mbedtls_aes_setkey_enc
 .text.mbedtls_aes_setkey_dec
                0x08003414      0x260 ./Middlewares/Third_Party/mbedTLS/library/aes.o
                0x08003414                mbedtls_aes_setkey_dec
 .text.mbedtls_internal_aes_encrypt
                0x08003674      0x5c4 ./Middlewares/Third_Party/mbedTLS/library/aes.o
                0x08003674                mbedtls_internal_aes_encrypt
 .text.mbedtls_internal_aes_decrypt
                0x08003c38      0x5c4 ./Middlewares/Third_Party/mbedTLS/library/aes.o
                0x08003c38                mbedtls_internal_aes_decrypt
 .text.mbedtls_aes_crypt_ecb
                0x080041fc       0x36 ./Middlewares/Third_Party/mbedTLS/library/aes.o
                0x080041fc                mbedtls_aes_crypt_ecb
 .text.mbedtls_aes_crypt_cbc
                0x08004232      0x102 ./Middlewares/Third_Party/mbedTLS/library/aes.o
                0x08004232                mbedtls_aes_crypt_cbc
 .text.mbedtls_ctr_drbg_init
                0x08004334       0x1c ./Middlewares/Third_Party/mbedTLS/library/ctr_drbg.o
                0x08004334                mbedtls_ctr_drbg_init
 .text.mbedtls_ctr_drbg_seed_entropy_len
                0x08004350       0x82 ./Middlewares/Third_Party/mbedTLS/library/ctr_drbg.o
                0x08004350                mbedtls_ctr_drbg_seed_entropy_len
 .text.mbedtls_ctr_drbg_seed
                0x080043d2       0x2c ./Middlewares/Third_Party/mbedTLS/library/ctr_drbg.o
                0x080043d2                mbedtls_ctr_drbg_seed
 .text.mbedtls_ctr_drbg_free
                0x080043fe       0x2c ./Middlewares/Third_Party/mbedTLS/library/ctr_drbg.o
                0x080043fe                mbedtls_ctr_drbg_free
 .text.block_cipher_df
                0x0800442a      0x370 ./Middlewares/Third_Party/mbedTLS/library/ctr_drbg.o
 .text.ctr_drbg_update_internal
                0x0800479a       0xfc ./Middlewares/Third_Party/mbedTLS/library/ctr_drbg.o
 .text.mbedtls_ctr_drbg_reseed
                0x08004896      0x182 ./Middlewares/Third_Party/mbedTLS/library/ctr_drbg.o
                0x08004896                mbedtls_ctr_drbg_reseed
 .text.mbedtls_ctr_drbg_random_with_add
                0x08004a18      0x16a ./Middlewares/Third_Party/mbedTLS/library/ctr_drbg.o
                0x08004a18                mbedtls_ctr_drbg_random_with_add
 .text.mbedtls_ctr_drbg_random
                0x08004b82       0x2c ./Middlewares/Third_Party/mbedTLS/library/ctr_drbg.o
                0x08004b82                mbedtls_ctr_drbg_random
 .text.mbedtls_entropy_init
                0x08004bae       0x36 ./Middlewares/Third_Party/mbedTLS/library/entropy.o
                0x08004bae                mbedtls_entropy_init
 .text.mbedtls_entropy_free
                0x08004be4       0x34 ./Middlewares/Third_Party/mbedTLS/library/entropy.o
                0x08004be4                mbedtls_entropy_free
 .text.entropy_update
                0x08004c18       0xbc ./Middlewares/Third_Party/mbedTLS/library/entropy.o
 .text.entropy_gather_internal
                0x08004cd4      0x126 ./Middlewares/Third_Party/mbedTLS/library/entropy.o
 .text.mbedtls_entropy_func
                0x08004dfa      0x178 ./Middlewares/Third_Party/mbedTLS/library/entropy.o
                0x08004dfa                mbedtls_entropy_func
 *fill*         0x08004f72        0x2 
 .text.mbedtls_platform_zeroize
                0x08004f74       0x24 ./Middlewares/Third_Party/mbedTLS/library/platform_util.o
                0x08004f74                mbedtls_platform_zeroize
 .text.mbedtls_sha512_init
                0x08004f98       0x1a ./Middlewares/Third_Party/mbedTLS/library/sha512.o
                0x08004f98                mbedtls_sha512_init
 .text.mbedtls_sha512_free
                0x08004fb2       0x20 ./Middlewares/Third_Party/mbedTLS/library/sha512.o
                0x08004fb2                mbedtls_sha512_free
 *fill*         0x08004fd2        0x6 
 .text.mbedtls_sha512_starts_ret
                0x08004fd8      0x188 ./Middlewares/Third_Party/mbedTLS/library/sha512.o
                0x08004fd8                mbedtls_sha512_starts_ret
 .text.mbedtls_internal_sha512_process
                0x08005160     0x217c ./Middlewares/Third_Party/mbedTLS/library/sha512.o
                0x08005160                mbedtls_internal_sha512_process
 .text.mbedtls_sha512_update_ret
                0x080072dc      0x116 ./Middlewares/Third_Party/mbedTLS/library/sha512.o
                0x080072dc                mbedtls_sha512_update_ret
 .text.mbedtls_sha512_finish_ret
                0x080073f2      0x8fe ./Middlewares/Third_Party/mbedTLS/library/sha512.o
                0x080073f2                mbedtls_sha512_finish_ret
 .text.mbedtls_sha512_ret
                0x08007cf0       0x7e ./Middlewares/Third_Party/mbedTLS/library/sha512.o
                0x08007cf0                mbedtls_sha512_ret
 *fill*         0x08007d6e        0x2 
 .text.sbrk_aligned
                0x08007d70       0x44 C:/ST/STM32CubeIDE_1.17.0/STM32CubeIDE/plugins/com.st.stm32cube.ide.mcu.externaltools.gnu-tools-for-stm32.12.3.rel1.win32_1.1.0.202410251130/tools/bin/../lib/gcc/arm-none-eabi/12.3.1/../../../../arm-none-eabi/lib/thumb/v7e-m+fp/hard\libc_nano.a(libc_a-mallocr.o)
 .text._malloc_r
                0x08007db4      0x100 C:/ST/STM32CubeIDE_1.17.0/STM32CubeIDE/plugins/com.st.stm32cube.ide.mcu.externaltools.gnu-tools-for-stm32.12.3.rel1.win32_1.1.0.202410251130/tools/bin/../lib/gcc/arm-none-eabi/12.3.1/../../../../arm-none-eabi/lib/thumb/v7e-m+fp/hard\libc_nano.a(libc_a-mallocr.o)
                0x08007db4                _malloc_r
 .text.__malloc_lock
                0x08007eb4        0xc C:/ST/STM32CubeIDE_1.17.0/STM32CubeIDE/plugins/com.st.stm32cube.ide.mcu.externaltools.gnu-tools-for-stm32.12.3.rel1.win32_1.1.0.202410251130/tools/bin/../lib/gcc/arm-none-eabi/12.3.1/../../../../arm-none-eabi/lib/thumb/v7e-m+fp/hard\libc_nano.a(libc_a-mlock.o)
                0x08007eb4                __malloc_lock
 .text.__malloc_unlock
                0x08007ec0        0xc C:/ST/STM32CubeIDE_1.17.0/STM32CubeIDE/plugins/com.st.stm32cube.ide.mcu.externaltools.gnu-tools-for-stm32.12.3.rel1.win32_1.1.0.202410251130/tools/bin/../lib/gcc/arm-none-eabi/12.3.1/../../../../arm-none-eabi/lib/thumb/v7e-m+fp/hard\libc_nano.a(libc_a-mlock.o)
                0x08007ec0                __malloc_unlock
 .text.std      0x08007ecc       0x6c C:/ST/STM32CubeIDE_1.17.0/STM32CubeIDE/plugins/com.st.stm32cube.ide.mcu.externaltools.gnu-tools-for-stm32.12.3.rel1.win32_1.1.0.202410251130/tools/bin/../lib/gcc/arm-none-eabi/12.3.1/../../../../arm-none-eabi/lib/thumb/v7e-m+fp/hard\libc_nano.a(libc_a-findfp.o)
 .text.stdio_exit_handler
                0x08007f38       0x18 C:/ST/STM32CubeIDE_1.17.0/STM32CubeIDE/plugins/com.st.stm32cube.ide.mcu.externaltools.gnu-tools-for-stm32.12.3.rel1.win32_1.1.0.202410251130/tools/bin/../lib/gcc/arm-none-eabi/12.3.1/../../../../arm-none-eabi/lib/thumb/v7e-m+fp/hard\libc_nano.a(libc_a-findfp.o)
 .text.cleanup_stdio
                0x08007f50       0x40 C:/ST/STM32CubeIDE_1.17.0/STM32CubeIDE/plugins/com.st.stm32cube.ide.mcu.externaltools.gnu-tools-for-stm32.12.3.rel1.win32_1.1.0.202410251130/tools/bin/../lib/gcc/arm-none-eabi/12.3.1/../../../../arm-none-eabi/lib/thumb/v7e-m+fp/hard\libc_nano.a(libc_a-findfp.o)
 .text.global_stdio_init.part.0
                0x08007f90       0x3c C:/ST/STM32CubeIDE_1.17.0/STM32CubeIDE/plugins/com.st.stm32cube.ide.mcu.externaltools.gnu-tools-for-stm32.12.3.rel1.win32_1.1.0.202410251130/tools/bin/../lib/gcc/arm-none-eabi/12.3.1/../../../../arm-none-eabi/lib/thumb/v7e-m+fp/hard\libc_nano.a(libc_a-findfp.o)
 .text.__sfp_lock_acquire
                0x08007fcc        0xc C:/ST/STM32CubeIDE_1.17.0/STM32CubeIDE/plugins/com.st.stm32cube.ide.mcu.externaltools.gnu-tools-for-stm32.12.3.rel1.win32_1.1.0.202410251130/tools/bin/../lib/gcc/arm-none-eabi/12.3.1/../../../../arm-none-eabi/lib/thumb/v7e-m+fp/hard\libc_nano.a(libc_a-findfp.o)
                0x08007fcc                __sfp_lock_acquire
 .text.__sfp_lock_release
                0x08007fd8        0xc C:/ST/STM32CubeIDE_1.17.0/STM32CubeIDE/plugins/com.st.stm32cube.ide.mcu.externaltools.gnu-tools-for-stm32.12.3.rel1.win32_1.1.0.202410251130/tools/bin/../lib/gcc/arm-none-eabi/12.3.1/../../../../arm-none-eabi/lib/thumb/v7e-m+fp/hard\libc_nano.a(libc_a-findfp.o)
                0x08007fd8                __sfp_lock_release
 .text.__sinit  0x08007fe4       0x30 C:/ST/STM32CubeIDE_1.17.0/STM32CubeIDE/plugins/com.st.stm32cube.ide.mcu.externaltools.gnu-tools-for-stm32.12.3.rel1.win32_1.1.0.202410251130/tools/bin/../lib/gcc/arm-none-eabi/12.3.1/../../../../arm-none-eabi/lib/thumb/v7e-m+fp/hard\libc_nano.a(libc_a-findfp.o)
                0x08007fe4                __sinit
 .text._fwalk_sglue
                0x08008014       0x3c C:/ST/STM32CubeIDE_1.17.0/STM32CubeIDE/plugins/com.st.stm32cube.ide.mcu.externaltools.gnu-tools-for-stm32.12.3.rel1.win32_1.1.0.202410251130/tools/bin/../lib/gcc/arm-none-eabi/12.3.1/../../../../arm-none-eabi/lib/thumb/v7e-m+fp/hard\libc_nano.a(libc_a-fwalk.o)
                0x08008014                _fwalk_sglue
 .text._puts_r  0x08008050       0xaa C:/ST/STM32CubeIDE_1.17.0/STM32CubeIDE/plugins/com.st.stm32cube.ide.mcu.externaltools.gnu-tools-for-stm32.12.3.rel1.win32_1.1.0.202410251130/tools/bin/../lib/gcc/arm-none-eabi/12.3.1/../../../../arm-none-eabi/lib/thumb/v7e-m+fp/hard\libc_nano.a(libc_a-puts.o)
                0x08008050                _puts_r
 *fill*         0x080080fa        0x2 
 .text.puts     0x080080fc       0x10 C:/ST/STM32CubeIDE_1.17.0/STM32CubeIDE/plugins/com.st.stm32cube.ide.mcu.externaltools.gnu-tools-for-stm32.12.3.rel1.win32_1.1.0.202410251130/tools/bin/../lib/gcc/arm-none-eabi/12.3.1/../../../../arm-none-eabi/lib/thumb/v7e-m+fp/hard\libc_nano.a(libc_a-puts.o)
                0x080080fc                puts
 .text.__sread  0x0800810c       0x22 C:/ST/STM32CubeIDE_1.17.0/STM32CubeIDE/plugins/com.st.stm32cube.ide.mcu.externaltools.gnu-tools-for-stm32.12.3.rel1.win32_1.1.0.202410251130/tools/bin/../lib/gcc/arm-none-eabi/12.3.1/../../../../arm-none-eabi/lib/thumb/v7e-m+fp/hard\libc_nano.a(libc_a-stdio.o)
                0x0800810c                __sread
 .text.__swrite
                0x0800812e       0x38 C:/ST/STM32CubeIDE_1.17.0/STM32CubeIDE/plugins/com.st.stm32cube.ide.mcu.externaltools.gnu-tools-for-stm32.12.3.rel1.win32_1.1.0.202410251130/tools/bin/../lib/gcc/arm-none-eabi/12.3.1/../../../../arm-none-eabi/lib/thumb/v7e-m+fp/hard\libc_nano.a(libc_a-stdio.o)
                0x0800812e                __swrite
 .text.__sseek  0x08008166       0x24 C:/ST/STM32CubeIDE_1.17.0/STM32CubeIDE/plugins/com.st.stm32cube.ide.mcu.externaltools.gnu-tools-for-stm32.12.3.rel1.win32_1.1.0.202410251130/tools/bin/../lib/gcc/arm-none-eabi/12.3.1/../../../../arm-none-eabi/lib/thumb/v7e-m+fp/hard\libc_nano.a(libc_a-stdio.o)
                0x08008166                __sseek
 .text.__sclose
                0x0800818a        0x8 C:/ST/STM32CubeIDE_1.17.0/STM32CubeIDE/plugins/com.st.stm32cube.ide.mcu.externaltools.gnu-tools-for-stm32.12.3.rel1.win32_1.1.0.202410251130/tools/bin/../lib/gcc/arm-none-eabi/12.3.1/../../../../arm-none-eabi/lib/thumb/v7e-m+fp/hard\libc_nano.a(libc_a-stdio.o)
                0x0800818a                __sclose
 .text.__swbuf_r
                0x08008192       0x7c C:/ST/STM32CubeIDE_1.17.0/STM32CubeIDE/plugins/com.st.stm32cube.ide.mcu.externaltools.gnu-tools-for-stm32.12.3.rel1.win32_1.1.0.202410251130/tools/bin/../lib/gcc/arm-none-eabi/12.3.1/../../../../arm-none-eabi/lib/thumb/v7e-m+fp/hard\libc_nano.a(libc_a-wbuf.o)
                0x08008192                __swbuf_r
 *fill*         0x0800820e        0x2 
 .text.__swsetup_r
                0x08008210       0xac C:/ST/STM32CubeIDE_1.17.0/STM32CubeIDE/plugins/com.st.stm32cube.ide.mcu.externaltools.gnu-tools-for-stm32.12.3.rel1.win32_1.1.0.202410251130/tools/bin/../lib/gcc/arm-none-eabi/12.3.1/../../../../arm-none-eabi/lib/thumb/v7e-m+fp/hard\libc_nano.a(libc_a-wsetup.o)
                0x08008210                __swsetup_r
 .text.memset   0x080082bc       0x10 C:/ST/STM32CubeIDE_1.17.0/STM32CubeIDE/plugins/com.st.stm32cube.ide.mcu.externaltools.gnu-tools-for-stm32.12.3.rel1.win32_1.1.0.202410251130/tools/bin/../lib/gcc/arm-none-eabi/12.3.1/../../../../arm-none-eabi/lib/thumb/v7e-m+fp/hard\libc_nano.a(libc_a-memset.o)
                0x080082bc                memset
 .text._close_r
                0x080082cc       0x20 C:/ST/STM32CubeIDE_1.17.0/STM32CubeIDE/plugins/com.st.stm32cube.ide.mcu.externaltools.gnu-tools-for-stm32.12.3.rel1.win32_1.1.0.202410251130/tools/bin/../lib/gcc/arm-none-eabi/12.3.1/../../../../arm-none-eabi/lib/thumb/v7e-m+fp/hard\libc_nano.a(libc_a-closer.o)
                0x080082cc                _close_r
 .text._lseek_r
                0x080082ec       0x24 C:/ST/STM32CubeIDE_1.17.0/STM32CubeIDE/plugins/com.st.stm32cube.ide.mcu.externaltools.gnu-tools-for-stm32.12.3.rel1.win32_1.1.0.202410251130/tools/bin/../lib/gcc/arm-none-eabi/12.3.1/../../../../arm-none-eabi/lib/thumb/v7e-m+fp/hard\libc_nano.a(libc_a-lseekr.o)
                0x080082ec                _lseek_r
 .text._read_r  0x08008310       0x24 C:/ST/STM32CubeIDE_1.17.0/STM32CubeIDE/plugins/com.st.stm32cube.ide.mcu.externaltools.gnu-tools-for-stm32.12.3.rel1.win32_1.1.0.202410251130/tools/bin/../lib/gcc/arm-none-eabi/12.3.1/../../../../arm-none-eabi/lib/thumb/v7e-m+fp/hard\libc_nano.a(libc_a-readr.o)
                0x08008310                _read_r
 .text._sbrk_r  0x08008334       0x20 C:/ST/STM32CubeIDE_1.17.0/STM32CubeIDE/plugins/com.st.stm32cube.ide.mcu.externaltools.gnu-tools-for-stm32.12.3.rel1.win32_1.1.0.202410251130/tools/bin/../lib/gcc/arm-none-eabi/12.3.1/../../../../arm-none-eabi/lib/thumb/v7e-m+fp/hard\libc_nano.a(libc_a-sbrkr.o)
                0x08008334                _sbrk_r
 .text._write_r
                0x08008354       0x24 C:/ST/STM32CubeIDE_1.17.0/STM32CubeIDE/plugins/com.st.stm32cube.ide.mcu.externaltools.gnu-tools-for-stm32.12.3.rel1.win32_1.1.0.202410251130/tools/bin/../lib/gcc/arm-none-eabi/12.3.1/../../../../arm-none-eabi/lib/thumb/v7e-m+fp/hard\libc_nano.a(libc_a-writer.o)
                0x08008354                _write_r
 .text.__errno  0x08008378        0xc C:/ST/STM32CubeIDE_1.17.0/STM32CubeIDE/plugins/com.st.stm32cube.ide.mcu.externaltools.gnu-tools-for-stm32.12.3.rel1.win32_1.1.0.202410251130/tools/bin/../lib/gcc/arm-none-eabi/12.3.1/../../../../arm-none-eabi/lib/thumb/v7e-m+fp/hard\libc_nano.a(libc_a-errno.o)
                0x08008378                __errno
 .text.__libc_init_array
                0x08008384       0x48 C:/ST/STM32CubeIDE_1.17.0/STM32CubeIDE/plugins/com.st.stm32cube.ide.mcu.externaltools.gnu-tools-for-stm32.12.3.rel1.win32_1.1.0.202410251130/tools/bin/../lib/gcc/arm-none-eabi/12.3.1/../../../../arm-none-eabi/lib/thumb/v7e-m+fp/hard\libc_nano.a(libc_a-init.o)
                0x08008384                __libc_init_array
 .text.__retarget_lock_init_recursive
                0x080083cc        0x2 C:/ST/STM32CubeIDE_1.17.0/STM32CubeIDE/plugins/com.st.stm32cube.ide.mcu.externaltools.gnu-tools-for-stm32.12.3.rel1.win32_1.1.0.202410251130/tools/bin/../lib/gcc/arm-none-eabi/12.3.1/../../../../arm-none-eabi/lib/thumb/v7e-m+fp/hard\libc_nano.a(libc_a-lock.o)
                0x080083cc                __retarget_lock_init_recursive
 .text.__retarget_lock_acquire_recursive
                0x080083ce        0x2 C:/ST/STM32CubeIDE_1.17.0/STM32CubeIDE/plugins/com.st.stm32cube.ide.mcu.externaltools.gnu-tools-for-stm32.12.3.rel1.win32_1.1.0.202410251130/tools/bin/../lib/gcc/arm-none-eabi/12.3.1/../../../../arm-none-eabi/lib/thumb/v7e-m+fp/hard\libc_nano.a(libc_a-lock.o)
                0x080083ce                __retarget_lock_acquire_recursive
 .text.__retarget_lock_release_recursive
                0x080083d0        0x2 C:/ST/STM32CubeIDE_1.17.0/STM32CubeIDE/plugins/com.st.stm32cube.ide.mcu.externaltools.gnu-tools-for-stm32.12.3.rel1.win32_1.1.0.202410251130/tools/bin/../lib/gcc/arm-none-eabi/12.3.1/../../../../arm-none-eabi/lib/thumb/v7e-m+fp/hard\libc_nano.a(libc_a-lock.o)
                0x080083d0                __retarget_lock_release_recursive
 .text.memcpy   0x080083d2       0x1c C:/ST/STM32CubeIDE_1.17.0/STM32CubeIDE/plugins/com.st.stm32cube.ide.mcu.externaltools.gnu-tools-for-stm32.12.3.rel1.win32_1.1.0.202410251130/tools/bin/../lib/gcc/arm-none-eabi/12.3.1/../../../../arm-none-eabi/lib/thumb/v7e-m+fp/hard\libc_nano.a(libc_a-memcpy-stub.o)
                0x080083d2                memcpy
 *fill*         0x080083ee        0x2 
 .text._free_r  0x080083f0       0x94 C:/ST/STM32CubeIDE_1.17.0/STM32CubeIDE/plugins/com.st.stm32cube.ide.mcu.externaltools.gnu-tools-for-stm32.12.3.rel1.win32_1.1.0.202410251130/tools/bin/../lib/gcc/arm-none-eabi/12.3.1/../../../../arm-none-eabi/lib/thumb/v7e-m+fp/hard\libc_nano.a(libc_a-freer.o)
                0x080083f0                _free_r
 .text.__sflush_r
                0x08008484      0x108 C:/ST/STM32CubeIDE_1.17.0/STM32CubeIDE/plugins/com.st.stm32cube.ide.mcu.externaltools.gnu-tools-for-stm32.12.3.rel1.win32_1.1.0.202410251130/tools/bin/../lib/gcc/arm-none-eabi/12.3.1/../../../../arm-none-eabi/lib/thumb/v7e-m+fp/hard\libc_nano.a(libc_a-fflush.o)
                0x08008484                __sflush_r
 .text._fflush_r
                0x0800858c       0x50 C:/ST/STM32CubeIDE_1.17.0/STM32CubeIDE/plugins/com.st.stm32cube.ide.mcu.externaltools.gnu-tools-for-stm32.12.3.rel1.win32_1.1.0.202410251130/tools/bin/../lib/gcc/arm-none-eabi/12.3.1/../../../../arm-none-eabi/lib/thumb/v7e-m+fp/hard\libc_nano.a(libc_a-fflush.o)
                0x0800858c                _fflush_r
 .text.__swhatbuf_r
                0x080085dc       0x4c C:/ST/STM32CubeIDE_1.17.0/STM32CubeIDE/plugins/com.st.stm32cube.ide.mcu.externaltools.gnu-tools-for-stm32.12.3.rel1.win32_1.1.0.202410251130/tools/bin/../lib/gcc/arm-none-eabi/12.3.1/../../../../arm-none-eabi/lib/thumb/v7e-m+fp/hard\libc_nano.a(libc_a-makebuf.o)
                0x080085dc                __swhatbuf_r
 .text.__smakebuf_r
                0x08008628       0x78 C:/ST/STM32CubeIDE_1.17.0/STM32CubeIDE/plugins/com.st.stm32cube.ide.mcu.externaltools.gnu-tools-for-stm32.12.3.rel1.win32_1.1.0.202410251130/tools/bin/../lib/gcc/arm-none-eabi/12.3.1/../../../../arm-none-eabi/lib/thumb/v7e-m+fp/hard\libc_nano.a(libc_a-makebuf.o)
                0x08008628                __smakebuf_r
 .text._fstat_r
                0x080086a0       0x24 C:/ST/STM32CubeIDE_1.17.0/STM32CubeIDE/plugins/com.st.stm32cube.ide.mcu.externaltools.gnu-tools-for-stm32.12.3.rel1.win32_1.1.0.202410251130/tools/bin/../lib/gcc/arm-none-eabi/12.3.1/../../../../arm-none-eabi/lib/thumb/v7e-m+fp/hard\libc_nano.a(libc_a-fstatr.o)
                0x080086a0                _fstat_r
 .text._isatty_r
                0x080086c4       0x20 C:/ST/STM32CubeIDE_1.17.0/STM32CubeIDE/plugins/com.st.stm32cube.ide.mcu.externaltools.gnu-tools-for-stm32.12.3.rel1.win32_1.1.0.202410251130/tools/bin/../lib/gcc/arm-none-eabi/12.3.1/../../../../arm-none-eabi/lib/thumb/v7e-m+fp/hard\libc_nano.a(libc_a-isattyr.o)
                0x080086c4                _isatty_r
 *(.glue_7)
 .glue_7        0x080086e4        0x0 linker stubs
 *(.glue_7t)
 .glue_7t       0x080086e4        0x0 linker stubs
 *(.eh_frame)
 .eh_frame      0x080086e4        0x0 C:/ST/STM32CubeIDE_1.17.0/STM32CubeIDE/plugins/com.st.stm32cube.ide.mcu.externaltools.gnu-tools-for-stm32.12.3.rel1.win32_1.1.0.202410251130/tools/bin/../lib/gcc/arm-none-eabi/12.3.1/thumb/v7e-m+fp/hard/crtbegin.o
 *(.init)
 .init          0x080086e4        0x4 C:/ST/STM32CubeIDE_1.17.0/STM32CubeIDE/plugins/com.st.stm32cube.ide.mcu.externaltools.gnu-tools-for-stm32.12.3.rel1.win32_1.1.0.202410251130/tools/bin/../lib/gcc/arm-none-eabi/12.3.1/thumb/v7e-m+fp/hard/crti.o
                0x080086e4                _init
 .init          0x080086e8        0x8 C:/ST/STM32CubeIDE_1.17.0/STM32CubeIDE/plugins/com.st.stm32cube.ide.mcu.externaltools.gnu-tools-for-stm32.12.3.rel1.win32_1.1.0.202410251130/tools/bin/../lib/gcc/arm-none-eabi/12.3.1/thumb/v7e-m+fp/hard/crtn.o
 *(.fini)
 .fini          0x080086f0        0x4 C:/ST/STM32CubeIDE_1.17.0/STM32CubeIDE/plugins/com.st.stm32cube.ide.mcu.externaltools.gnu-tools-for-stm32.12.3.rel1.win32_1.1.0.202410251130/tools/bin/../lib/gcc/arm-none-eabi/12.3.1/thumb/v7e-m+fp/hard/crti.o
                0x080086f0                _fini
 .fini          0x080086f4        0x8 C:/ST/STM32CubeIDE_1.17.0/STM32CubeIDE/plugins/com.st.stm32cube.ide.mcu.externaltools.gnu-tools-for-stm32.12.3.rel1.win32_1.1.0.202410251130/tools/bin/../lib/gcc/arm-none-eabi/12.3.1/thumb/v7e-m+fp/hard/crtn.o
                0x080086fc                        . = ALIGN (0x4)
                0x080086fc                        _etext = .

.vfp11_veneer   0x080086fc        0x0
 .vfp11_veneer  0x080086fc        0x0 linker stubs

.v4_bx          0x080086fc        0x0
 .v4_bx         0x080086fc        0x0 linker stubs

.iplt           0x080086fc        0x0
 .iplt          0x080086fc        0x0 C:/ST/STM32CubeIDE_1.17.0/STM32CubeIDE/plugins/com.st.stm32cube.ide.mcu.externaltools.gnu-tools-for-stm32.12.3.rel1.win32_1.1.0.202410251130/tools/bin/../lib/gcc/arm-none-eabi/12.3.1/thumb/v7e-m+fp/hard/crtbegin.o

.rodata         0x08008700     0x25a8
                0x08008700                        . = ALIGN (0x4)
 *(.rodata)
 .rodata        0x08008700       0x6e ./Core/Src/encryption.o
 *fill*         0x0800876e        0x2 
 .rodata        0x08008770       0x3c ./Core/Src/main.o
 *(.rodata*)
 .rodata.key    0x080087ac       0x20 ./Core/Src/main.o
                0x080087ac                key
 .rodata.iv     0x080087cc       0x10 ./Core/Src/main.o
                0x080087cc                iv
 .rodata.pers   0x080087dc        0xb ./Core/Src/main.o
                0x080087dc                pers
 *fill*         0x080087e7        0x1 
 .rodata.AHBPrescTable
                0x080087e8       0x10 ./Core/Src/system_stm32f4xx.o
                0x080087e8                AHBPrescTable
 .rodata.APBPrescTable
                0x080087f8        0x8 ./Core/Src/system_stm32f4xx.o
                0x080087f8                APBPrescTable
 .rodata.FSb    0x08008800      0x100 ./Middlewares/Third_Party/mbedTLS/library/aes.o
 .rodata.FT0    0x08008900      0x400 ./Middlewares/Third_Party/mbedTLS/library/aes.o
 .rodata.FT1    0x08008d00      0x400 ./Middlewares/Third_Party/mbedTLS/library/aes.o
 .rodata.FT2    0x08009100      0x400 ./Middlewares/Third_Party/mbedTLS/library/aes.o
 .rodata.FT3    0x08009500      0x400 ./Middlewares/Third_Party/mbedTLS/library/aes.o
 .rodata.RSb    0x08009900      0x100 ./Middlewares/Third_Party/mbedTLS/library/aes.o
 .rodata.RT0    0x08009a00      0x400 ./Middlewares/Third_Party/mbedTLS/library/aes.o
 .rodata.RT1    0x08009e00      0x400 ./Middlewares/Third_Party/mbedTLS/library/aes.o
 .rodata.RT2    0x0800a200      0x400 ./Middlewares/Third_Party/mbedTLS/library/aes.o
 .rodata.RT3    0x0800a600      0x400 ./Middlewares/Third_Party/mbedTLS/library/aes.o
 .rodata.RCON   0x0800aa00       0x28 ./Middlewares/Third_Party/mbedTLS/library/aes.o
 .rodata.K      0x0800aa28      0x280 ./Middlewares/Third_Party/mbedTLS/library/sha512.o
                0x0800aca8                        . = ALIGN (0x4)

.ARM.extab      0x0800aca8        0x0
                0x0800aca8                        . = ALIGN (0x4)
 *(.ARM.extab* .gnu.linkonce.armextab.*)
                0x0800aca8                        . = ALIGN (0x4)

.ARM            0x0800aca8        0x8
                0x0800aca8                        . = ALIGN (0x4)
                0x0800aca8                        __exidx_start = .
 *(.ARM.exidx*)
 .ARM.exidx     0x0800aca8        0x8 C:/ST/STM32CubeIDE_1.17.0/STM32CubeIDE/plugins/com.st.stm32cube.ide.mcu.externaltools.gnu-tools-for-stm32.12.3.rel1.win32_1.1.0.202410251130/tools/bin/../lib/gcc/arm-none-eabi/12.3.1/../../../../arm-none-eabi/lib/thumb/v7e-m+fp/hard\libc_nano.a(libc_a-strlen.o)
 .ARM.exidx     0x0800acb0        0x0 C:/ST/STM32CubeIDE_1.17.0/STM32CubeIDE/plugins/com.st.stm32cube.ide.mcu.externaltools.gnu-tools-for-stm32.12.3.rel1.win32_1.1.0.202410251130/tools/bin/../lib/gcc/arm-none-eabi/12.3.1/thumb/v7e-m+fp/hard\libgcc.a(_udivmoddi4.o)
                                  0x8 (size before relaxing)
                0x0800acb0                        __exidx_end = .
                0x0800acb0                        . = ALIGN (0x4)

.preinit_array  0x0800acb0        0x0
                0x0800acb0                        . = ALIGN (0x4)
                0x0800acb0                        PROVIDE (__preinit_array_start = .)
 *(.preinit_array*)
                0x0800acb0                        PROVIDE (__preinit_array_end = .)
                0x0800acb0                        . = ALIGN (0x4)

.init_array     0x0800acb0        0x4
                0x0800acb0                        . = ALIGN (0x4)
                0x0800acb0                        PROVIDE (__init_array_start = .)
 *(SORT_BY_NAME(.init_array.*))
 *(.init_array*)
 .init_array    0x0800acb0        0x4 C:/ST/STM32CubeIDE_1.17.0/STM32CubeIDE/plugins/com.st.stm32cube.ide.mcu.externaltools.gnu-tools-for-stm32.12.3.rel1.win32_1.1.0.202410251130/tools/bin/../lib/gcc/arm-none-eabi/12.3.1/thumb/v7e-m+fp/hard/crtbegin.o
                0x0800acb4                        PROVIDE (__init_array_end = .)
                0x0800acb4                        . = ALIGN (0x4)

.fini_array     0x0800acb4        0x4
                0x0800acb4                        . = ALIGN (0x4)
                [!provide]                        PROVIDE (__fini_array_start = .)
 *(SORT_BY_NAME(.fini_array.*))
 *(.fini_array*)
 .fini_array    0x0800acb4        0x4 C:/ST/STM32CubeIDE_1.17.0/STM32CubeIDE/plugins/com.st.stm32cube.ide.mcu.externaltools.gnu-tools-for-stm32.12.3.rel1.win32_1.1.0.202410251130/tools/bin/../lib/gcc/arm-none-eabi/12.3.1/thumb/v7e-m+fp/hard/crtbegin.o
                [!provide]                        PROVIDE (__fini_array_end = .)
                0x0800acb8                        . = ALIGN (0x4)
                0x0800acb8                        _sidata = LOADADDR (.data)

.rel.dyn        0x0800acb8        0x0
 .rel.iplt      0x0800acb8        0x0 C:/ST/STM32CubeIDE_1.17.0/STM32CubeIDE/plugins/com.st.stm32cube.ide.mcu.externaltools.gnu-tools-for-stm32.12.3.rel1.win32_1.1.0.202410251130/tools/bin/../lib/gcc/arm-none-eabi/12.3.1/thumb/v7e-m+fp/hard/crtbegin.o

.data           0x20000000       0x70 load address 0x0800acb8
                0x20000000                        . = ALIGN (0x4)
                0x20000000                        _sdata = .
 *(.data)
 *(.data*)
 .data.pers_len
                0x20000000        0x4 ./Core/Src/main.o
                0x20000000                pers_len
 .data.SystemCoreClock
                0x20000004        0x4 ./Core/Src/system_stm32f4xx.o
                0x20000004                SystemCoreClock
 .data.uwTickPrio
                0x20000008        0x4 ./Drivers/STM32F4xx_HAL_Driver/Src/stm32f4xx_hal.o
                0x20000008                uwTickPrio
 .data.uwTickFreq
                0x2000000c        0x1 ./Drivers/STM32F4xx_HAL_Driver/Src/stm32f4xx_hal.o
                0x2000000c                uwTickFreq
 *fill*         0x2000000d        0x3 
 .data.memset_func
                0x20000010        0x4 ./Middlewares/Third_Party/mbedTLS/library/platform_util.o
 .data.__sglue  0x20000014        0xc C:/ST/STM32CubeIDE_1.17.0/STM32CubeIDE/plugins/com.st.stm32cube.ide.mcu.externaltools.gnu-tools-for-stm32.12.3.rel1.win32_1.1.0.202410251130/tools/bin/../lib/gcc/arm-none-eabi/12.3.1/../../../../arm-none-eabi/lib/thumb/v7e-m+fp/hard\libc_nano.a(libc_a-findfp.o)
                0x20000014                __sglue
 .data._impure_ptr
                0x20000020        0x4 C:/ST/STM32CubeIDE_1.17.0/STM32CubeIDE/plugins/com.st.stm32cube.ide.mcu.externaltools.gnu-tools-for-stm32.12.3.rel1.win32_1.1.0.202410251130/tools/bin/../lib/gcc/arm-none-eabi/12.3.1/../../../../arm-none-eabi/lib/thumb/v7e-m+fp/hard\libc_nano.a(libc_a-impure.o)
                0x20000020                _impure_ptr
 .data._impure_data
                0x20000024       0x4c C:/ST/STM32CubeIDE_1.17.0/STM32CubeIDE/plugins/com.st.stm32cube.ide.mcu.externaltools.gnu-tools-for-stm32.12.3.rel1.win32_1.1.0.202410251130/tools/bin/../lib/gcc/arm-none-eabi/12.3.1/../../../../arm-none-eabi/lib/thumb/v7e-m+fp/hard\libc_nano.a(libc_a-impure.o)
                0x20000024                _impure_data
 *(.RamFunc)
 *(.RamFunc*)
                0x20000070                        . = ALIGN (0x4)
                0x20000070                        _edata = .

.igot.plt       0x20000070        0x0 load address 0x0800ad28
 .igot.plt      0x20000070        0x0 C:/ST/STM32CubeIDE_1.17.0/STM32CubeIDE/plugins/com.st.stm32cube.ide.mcu.externaltools.gnu-tools-for-stm32.12.3.rel1.win32_1.1.0.202410251130/tools/bin/../lib/gcc/arm-none-eabi/12.3.1/thumb/v7e-m+fp/hard/crtbegin.o
                0x20000070                        . = ALIGN (0x4)

.bss            0x20000070      0x20c load address 0x0800ad28
                0x20000070                        _sbss = .
                0x20000070                        __bss_start__ = _sbss
 *(.bss)
 .bss           0x20000070       0x1c C:/ST/STM32CubeIDE_1.17.0/STM32CubeIDE/plugins/com.st.stm32cube.ide.mcu.externaltools.gnu-tools-for-stm32.12.3.rel1.win32_1.1.0.202410251130/tools/bin/../lib/gcc/arm-none-eabi/12.3.1/thumb/v7e-m+fp/hard/crtbegin.o
 *(.bss*)
 .bss.hi2c1     0x2000008c       0x54 ./Core/Src/main.o
                0x2000008c                hi2c1
 .bss.huart1    0x200000e0       0x48 ./Core/Src/main.o
                0x200000e0                huart1
 .bss.__sbrk_heap_end
                0x20000128        0x4 ./Core/Src/sysmem.o
 .bss.uwTick    0x2000012c        0x4 ./Drivers/STM32F4xx_HAL_Driver/Src/stm32f4xx_hal.o
                0x2000012c                uwTick
 .bss.__malloc_sbrk_start
                0x20000130        0x4 C:/ST/STM32CubeIDE_1.17.0/STM32CubeIDE/plugins/com.st.stm32cube.ide.mcu.externaltools.gnu-tools-for-stm32.12.3.rel1.win32_1.1.0.202410251130/tools/bin/../lib/gcc/arm-none-eabi/12.3.1/../../../../arm-none-eabi/lib/thumb/v7e-m+fp/hard\libc_nano.a(libc_a-mallocr.o)
                0x20000130                __malloc_sbrk_start
 .bss.__malloc_free_list
                0x20000134        0x4 C:/ST/STM32CubeIDE_1.17.0/STM32CubeIDE/plugins/com.st.stm32cube.ide.mcu.externaltools.gnu-tools-for-stm32.12.3.rel1.win32_1.1.0.202410251130/tools/bin/../lib/gcc/arm-none-eabi/12.3.1/../../../../arm-none-eabi/lib/thumb/v7e-m+fp/hard\libc_nano.a(libc_a-mallocr.o)
                0x20000134                __malloc_free_list
 .bss.__sf      0x20000138      0x138 C:/ST/STM32CubeIDE_1.17.0/STM32CubeIDE/plugins/com.st.stm32cube.ide.mcu.externaltools.gnu-tools-for-stm32.12.3.rel1.win32_1.1.0.202410251130/tools/bin/../lib/gcc/arm-none-eabi/12.3.1/../../../../arm-none-eabi/lib/thumb/v7e-m+fp/hard\libc_nano.a(libc_a-findfp.o)
                0x20000138                __sf
 .bss.__stdio_exit_handler
                0x20000270        0x4 C:/ST/STM32CubeIDE_1.17.0/STM32CubeIDE/plugins/com.st.stm32cube.ide.mcu.externaltools.gnu-tools-for-stm32.12.3.rel1.win32_1.1.0.202410251130/tools/bin/../lib/gcc/arm-none-eabi/12.3.1/../../../../arm-none-eabi/lib/thumb/v7e-m+fp/hard\libc_nano.a(libc_a-findfp.o)
                0x20000270                __stdio_exit_handler
 .bss.errno     0x20000274        0x4 C:/ST/STM32CubeIDE_1.17.0/STM32CubeIDE/plugins/com.st.stm32cube.ide.mcu.externaltools.gnu-tools-for-stm32.12.3.rel1.win32_1.1.0.202410251130/tools/bin/../lib/gcc/arm-none-eabi/12.3.1/../../../../arm-none-eabi/lib/thumb/v7e-m+fp/hard\libc_nano.a(libc_a-reent.o)
                0x20000274                errno
 .bss.__lock___malloc_recursive_mutex
                0x20000278        0x1 C:/ST/STM32CubeIDE_1.17.0/STM32CubeIDE/plugins/com.st.stm32cube.ide.mcu.externaltools.gnu-tools-for-stm32.12.3.rel1.win32_1.1.0.202410251130/tools/bin/../lib/gcc/arm-none-eabi/12.3.1/../../../../arm-none-eabi/lib/thumb/v7e-m+fp/hard\libc_nano.a(libc_a-lock.o)
                0x20000278                __lock___malloc_recursive_mutex
 .bss.__lock___sfp_recursive_mutex
                0x20000279        0x1 C:/ST/STM32CubeIDE_1.17.0/STM32CubeIDE/plugins/com.st.stm32cube.ide.mcu.externaltools.gnu-tools-for-stm32.12.3.rel1.win32_1.1.0.202410251130/tools/bin/../lib/gcc/arm-none-eabi/12.3.1/../../../../arm-none-eabi/lib/thumb/v7e-m+fp/hard\libc_nano.a(libc_a-lock.o)
                0x20000279                __lock___sfp_recursive_mutex
 *(COMMON)
                0x2000027c                        . = ALIGN (0x4)
 *fill*         0x2000027a        0x2 
                0x2000027c                        _ebss = .
                0x2000027c                        __bss_end__ = _ebss

._user_heap_stack
                0x2000027c      0x604 load address 0x0800ad28
                0x20000280                        . = ALIGN (0x8)
 *fill*         0x2000027c        0x4 
                [!provide]                        PROVIDE (end = .)
                0x20000280                        PROVIDE (_end = .)
                0x20000480                        . = (. + _Min_Heap_Size)
 *fill*         0x20000280      0x200 
                0x20000880                        . = (. + _Min_Stack_Size)
 *fill*         0x20000480      0x400 
                0x20000880                        . = ALIGN (0x8)

/DISCARD/
 libc.a(*)
 libm.a(*)
 libgcc.a(*)

.ARM.attributes
                0x00000000       0x30
 *(.ARM.attributes)
 .ARM.attributes
                0x00000000       0x22 C:/ST/STM32CubeIDE_1.17.0/STM32CubeIDE/plugins/com.st.stm32cube.ide.mcu.externaltools.gnu-tools-for-stm32.12.3.rel1.win32_1.1.0.202410251130/tools/bin/../lib/gcc/arm-none-eabi/12.3.1/thumb/v7e-m+fp/hard/crti.o
 .ARM.attributes
                0x00000022       0x34 C:/ST/STM32CubeIDE_1.17.0/STM32CubeIDE/plugins/com.st.stm32cube.ide.mcu.externaltools.gnu-tools-for-stm32.12.3.rel1.win32_1.1.0.202410251130/tools/bin/../lib/gcc/arm-none-eabi/12.3.1/thumb/v7e-m+fp/hard/crtbegin.o
 .ARM.attributes
                0x00000056       0x34 ./Core/Src/encryption.o
 .ARM.attributes
                0x0000008a       0x34 ./Core/Src/main.o
 .ARM.attributes
                0x000000be       0x34 ./Core/Src/stm32f4xx_hal_msp.o
 .ARM.attributes
                0x000000f2       0x34 ./Core/Src/stm32f4xx_it.o
 .ARM.attributes
                0x00000126       0x34 ./Core/Src/syscalls.o
 .ARM.attributes
                0x0000015a       0x34 ./Core/Src/sysmem.o
 .ARM.attributes
                0x0000018e       0x34 ./Core/Src/system_stm32f4xx.o
 .ARM.attributes
                0x000001c2       0x21 ./Core/Startup/startup_stm32f401ccux.o
 .ARM.attributes
                0x000001e3       0x34 ./Drivers/STM32F4xx_HAL_Driver/Src/stm32f4xx_hal.o
 .ARM.attributes
                0x00000217       0x34 ./Drivers/STM32F4xx_HAL_Driver/Src/stm32f4xx_hal_cortex.o
 .ARM.attributes
                0x0000024b       0x34 ./Drivers/STM32F4xx_HAL_Driver/Src/stm32f4xx_hal_dma.o
 .ARM.attributes
                0x0000027f       0x34 ./Drivers/STM32F4xx_HAL_Driver/Src/stm32f4xx_hal_gpio.o
 .ARM.attributes
                0x000002b3       0x34 ./Drivers/STM32F4xx_HAL_Driver/Src/stm32f4xx_hal_i2c.o
 .ARM.attributes
                0x000002e7       0x34 ./Drivers/STM32F4xx_HAL_Driver/Src/stm32f4xx_hal_rcc.o
 .ARM.attributes
                0x0000031b       0x34 ./Drivers/STM32F4xx_HAL_Driver/Src/stm32f4xx_hal_uart.o
 .ARM.attributes
                0x0000034f       0x34 ./MBEDTLS/App/mbedtls.o
 .ARM.attributes
                0x00000383       0x34 ./Middlewares/Third_Party/mbedTLS/library/aes.o
 .ARM.attributes
                0x000003b7       0x34 ./Middlewares/Third_Party/mbedTLS/library/ctr_drbg.o
 .ARM.attributes
                0x000003eb       0x34 ./Middlewares/Third_Party/mbedTLS/library/entropy.o
 .ARM.attributes
                0x0000041f       0x34 ./Middlewares/Third_Party/mbedTLS/library/platform_util.o
 .ARM.attributes
                0x00000453       0x34 ./Middlewares/Third_Party/mbedTLS/library/sha512.o
 .ARM.attributes
                0x00000487       0x34 C:/ST/STM32CubeIDE_1.17.0/STM32CubeIDE/plugins/com.st.stm32cube.ide.mcu.externaltools.gnu-tools-for-stm32.12.3.rel1.win32_1.1.0.202410251130/tools/bin/../lib/gcc/arm-none-eabi/12.3.1/../../../../arm-none-eabi/lib/thumb/v7e-m+fp/hard\libc_nano.a(libc_a-mallocr.o)
 .ARM.attributes
                0x000004bb       0x34 C:/ST/STM32CubeIDE_1.17.0/STM32CubeIDE/plugins/com.st.stm32cube.ide.mcu.externaltools.gnu-tools-for-stm32.12.3.rel1.win32_1.1.0.202410251130/tools/bin/../lib/gcc/arm-none-eabi/12.3.1/../../../../arm-none-eabi/lib/thumb/v7e-m+fp/hard\libc_nano.a(libc_a-mlock.o)
 .ARM.attributes
                0x000004ef       0x34 C:/ST/STM32CubeIDE_1.17.0/STM32CubeIDE/plugins/com.st.stm32cube.ide.mcu.externaltools.gnu-tools-for-stm32.12.3.rel1.win32_1.1.0.202410251130/tools/bin/../lib/gcc/arm-none-eabi/12.3.1/../../../../arm-none-eabi/lib/thumb/v7e-m+fp/hard\libc_nano.a(libc_a-findfp.o)
 .ARM.attributes
                0x00000523       0x34 C:/ST/STM32CubeIDE_1.17.0/STM32CubeIDE/plugins/com.st.stm32cube.ide.mcu.externaltools.gnu-tools-for-stm32.12.3.rel1.win32_1.1.0.202410251130/tools/bin/../lib/gcc/arm-none-eabi/12.3.1/../../../../arm-none-eabi/lib/thumb/v7e-m+fp/hard\libc_nano.a(libc_a-fwalk.o)
 .ARM.attributes
                0x00000557       0x34 C:/ST/STM32CubeIDE_1.17.0/STM32CubeIDE/plugins/com.st.stm32cube.ide.mcu.externaltools.gnu-tools-for-stm32.12.3.rel1.win32_1.1.0.202410251130/tools/bin/../lib/gcc/arm-none-eabi/12.3.1/../../../../arm-none-eabi/lib/thumb/v7e-m+fp/hard\libc_nano.a(libc_a-puts.o)
 .ARM.attributes
                0x0000058b       0x34 C:/ST/STM32CubeIDE_1.17.0/STM32CubeIDE/plugins/com.st.stm32cube.ide.mcu.externaltools.gnu-tools-for-stm32.12.3.rel1.win32_1.1.0.202410251130/tools/bin/../lib/gcc/arm-none-eabi/12.3.1/../../../../arm-none-eabi/lib/thumb/v7e-m+fp/hard\libc_nano.a(libc_a-stdio.o)
 .ARM.attributes
                0x000005bf       0x34 C:/ST/STM32CubeIDE_1.17.0/STM32CubeIDE/plugins/com.st.stm32cube.ide.mcu.externaltools.gnu-tools-for-stm32.12.3.rel1.win32_1.1.0.202410251130/tools/bin/../lib/gcc/arm-none-eabi/12.3.1/../../../../arm-none-eabi/lib/thumb/v7e-m+fp/hard\libc_nano.a(libc_a-wbuf.o)
 .ARM.attributes
                0x000005f3       0x34 C:/ST/STM32CubeIDE_1.17.0/STM32CubeIDE/plugins/com.st.stm32cube.ide.mcu.externaltools.gnu-tools-for-stm32.12.3.rel1.win32_1.1.0.202410251130/tools/bin/../lib/gcc/arm-none-eabi/12.3.1/../../../../arm-none-eabi/lib/thumb/v7e-m+fp/hard\libc_nano.a(libc_a-wsetup.o)
 .ARM.attributes
                0x00000627       0x34 C:/ST/STM32CubeIDE_1.17.0/STM32CubeIDE/plugins/com.st.stm32cube.ide.mcu.externaltools.gnu-tools-for-stm32.12.3.rel1.win32_1.1.0.202410251130/tools/bin/../lib/gcc/arm-none-eabi/12.3.1/../../../../arm-none-eabi/lib/thumb/v7e-m+fp/hard\libc_nano.a(libc_a-memset.o)
 .ARM.attributes
                0x0000065b       0x34 C:/ST/STM32CubeIDE_1.17.0/STM32CubeIDE/plugins/com.st.stm32cube.ide.mcu.externaltools.gnu-tools-for-stm32.12.3.rel1.win32_1.1.0.202410251130/tools/bin/../lib/gcc/arm-none-eabi/12.3.1/../../../../arm-none-eabi/lib/thumb/v7e-m+fp/hard\libc_nano.a(libc_a-closer.o)
 .ARM.attributes
                0x0000068f       0x34 C:/ST/STM32CubeIDE_1.17.0/STM32CubeIDE/plugins/com.st.stm32cube.ide.mcu.externaltools.gnu-tools-for-stm32.12.3.rel1.win32_1.1.0.202410251130/tools/bin/../lib/gcc/arm-none-eabi/12.3.1/../../../../arm-none-eabi/lib/thumb/v7e-m+fp/hard\libc_nano.a(libc_a-reent.o)
 .ARM.attributes
                0x000006c3       0x34 C:/ST/STM32CubeIDE_1.17.0/STM32CubeIDE/plugins/com.st.stm32cube.ide.mcu.externaltools.gnu-tools-for-stm32.12.3.rel1.win32_1.1.0.202410251130/tools/bin/../lib/gcc/arm-none-eabi/12.3.1/../../../../arm-none-eabi/lib/thumb/v7e-m+fp/hard\libc_nano.a(libc_a-impure.o)
 .ARM.attributes
                0x000006f7       0x34 C:/ST/STM32CubeIDE_1.17.0/STM32CubeIDE/plugins/com.st.stm32cube.ide.mcu.externaltools.gnu-tools-for-stm32.12.3.rel1.win32_1.1.0.202410251130/tools/bin/../lib/gcc/arm-none-eabi/12.3.1/../../../../arm-none-eabi/lib/thumb/v7e-m+fp/hard\libc_nano.a(libc_a-lseekr.o)
 .ARM.attributes
                0x0000072b       0x34 C:/ST/STM32CubeIDE_1.17.0/STM32CubeIDE/plugins/com.st.stm32cube.ide.mcu.externaltools.gnu-tools-for-stm32.12.3.rel1.win32_1.1.0.202410251130/tools/bin/../lib/gcc/arm-none-eabi/12.3.1/../../../../arm-none-eabi/lib/thumb/v7e-m+fp/hard\libc_nano.a(libc_a-readr.o)
 .ARM.attributes
                0x0000075f       0x34 C:/ST/STM32CubeIDE_1.17.0/STM32CubeIDE/plugins/com.st.stm32cube.ide.mcu.externaltools.gnu-tools-for-stm32.12.3.rel1.win32_1.1.0.202410251130/tools/bin/../lib/gcc/arm-none-eabi/12.3.1/../../../../arm-none-eabi/lib/thumb/v7e-m+fp/hard\libc_nano.a(libc_a-sbrkr.o)
 .ARM.attributes
                0x00000793       0x34 C:/ST/STM32CubeIDE_1.17.0/STM32CubeIDE/plugins/com.st.stm32cube.ide.mcu.externaltools.gnu-tools-for-stm32.12.3.rel1.win32_1.1.0.202410251130/tools/bin/../lib/gcc/arm-none-eabi/12.3.1/../../../../arm-none-eabi/lib/thumb/v7e-m+fp/hard\libc_nano.a(libc_a-writer.o)
 .ARM.attributes
                0x000007c7       0x34 C:/ST/STM32CubeIDE_1.17.0/STM32CubeIDE/plugins/com.st.stm32cube.ide.mcu.externaltools.gnu-tools-for-stm32.12.3.rel1.win32_1.1.0.202410251130/tools/bin/../lib/gcc/arm-none-eabi/12.3.1/../../../../arm-none-eabi/lib/thumb/v7e-m+fp/hard\libc_nano.a(libc_a-errno.o)
 .ARM.attributes
                0x000007fb       0x34 C:/ST/STM32CubeIDE_1.17.0/STM32CubeIDE/plugins/com.st.stm32cube.ide.mcu.externaltools.gnu-tools-for-stm32.12.3.rel1.win32_1.1.0.202410251130/tools/bin/../lib/gcc/arm-none-eabi/12.3.1/../../../../arm-none-eabi/lib/thumb/v7e-m+fp/hard\libc_nano.a(libc_a-init.o)
 .ARM.attributes
                0x0000082f       0x34 C:/ST/STM32CubeIDE_1.17.0/STM32CubeIDE/plugins/com.st.stm32cube.ide.mcu.externaltools.gnu-tools-for-stm32.12.3.rel1.win32_1.1.0.202410251130/tools/bin/../lib/gcc/arm-none-eabi/12.3.1/../../../../arm-none-eabi/lib/thumb/v7e-m+fp/hard\libc_nano.a(libc_a-lock.o)
 .ARM.attributes
                0x00000863       0x34 C:/ST/STM32CubeIDE_1.17.0/STM32CubeIDE/plugins/com.st.stm32cube.ide.mcu.externaltools.gnu-tools-for-stm32.12.3.rel1.win32_1.1.0.202410251130/tools/bin/../lib/gcc/arm-none-eabi/12.3.1/../../../../arm-none-eabi/lib/thumb/v7e-m+fp/hard\libc_nano.a(libc_a-memcpy-stub.o)
 .ARM.attributes
                0x00000897       0x17 C:/ST/STM32CubeIDE_1.17.0/STM32CubeIDE/plugins/com.st.stm32cube.ide.mcu.externaltools.gnu-tools-for-stm32.12.3.rel1.win32_1.1.0.202410251130/tools/bin/../lib/gcc/arm-none-eabi/12.3.1/../../../../arm-none-eabi/lib/thumb/v7e-m+fp/hard\libc_nano.a(libc_a-strlen.o)
 .ARM.attributes
                0x000008ae       0x34 C:/ST/STM32CubeIDE_1.17.0/STM32CubeIDE/plugins/com.st.stm32cube.ide.mcu.externaltools.gnu-tools-for-stm32.12.3.rel1.win32_1.1.0.202410251130/tools/bin/../lib/gcc/arm-none-eabi/12.3.1/../../../../arm-none-eabi/lib/thumb/v7e-m+fp/hard\libc_nano.a(libc_a-freer.o)
 .ARM.attributes
                0x000008e2       0x34 C:/ST/STM32CubeIDE_1.17.0/STM32CubeIDE/plugins/com.st.stm32cube.ide.mcu.externaltools.gnu-tools-for-stm32.12.3.rel1.win32_1.1.0.202410251130/tools/bin/../lib/gcc/arm-none-eabi/12.3.1/../../../../arm-none-eabi/lib/thumb/v7e-m+fp/hard\libc_nano.a(libc_a-fflush.o)
 .ARM.attributes
                0x00000916       0x34 C:/ST/STM32CubeIDE_1.17.0/STM32CubeIDE/plugins/com.st.stm32cube.ide.mcu.externaltools.gnu-tools-for-stm32.12.3.rel1.win32_1.1.0.202410251130/tools/bin/../lib/gcc/arm-none-eabi/12.3.1/../../../../arm-none-eabi/lib/thumb/v7e-m+fp/hard\libc_nano.a(libc_a-makebuf.o)
 .ARM.attributes
                0x0000094a       0x34 C:/ST/STM32CubeIDE_1.17.0/STM32CubeIDE/plugins/com.st.stm32cube.ide.mcu.externaltools.gnu-tools-for-stm32.12.3.rel1.win32_1.1.0.202410251130/tools/bin/../lib/gcc/arm-none-eabi/12.3.1/../../../../arm-none-eabi/lib/thumb/v7e-m+fp/hard\libc_nano.a(libc_a-fstatr.o)
 .ARM.attributes
                0x0000097e       0x34 C:/ST/STM32CubeIDE_1.17.0/STM32CubeIDE/plugins/com.st.stm32cube.ide.mcu.externaltools.gnu-tools-for-stm32.12.3.rel1.win32_1.1.0.202410251130/tools/bin/../lib/gcc/arm-none-eabi/12.3.1/../../../../arm-none-eabi/lib/thumb/v7e-m+fp/hard\libc_nano.a(libc_a-isattyr.o)
 .ARM.attributes
                0x000009b2       0x22 C:/ST/STM32CubeIDE_1.17.0/STM32CubeIDE/plugins/com.st.stm32cube.ide.mcu.externaltools.gnu-tools-for-stm32.12.3.rel1.win32_1.1.0.202410251130/tools/bin/../lib/gcc/arm-none-eabi/12.3.1/thumb/v7e-m+fp/hard\libgcc.a(_aeabi_uldivmod.o)
 .ARM.attributes
                0x000009d4       0x34 C:/ST/STM32CubeIDE_1.17.0/STM32CubeIDE/plugins/com.st.stm32cube.ide.mcu.externaltools.gnu-tools-for-stm32.12.3.rel1.win32_1.1.0.202410251130/tools/bin/../lib/gcc/arm-none-eabi/12.3.1/thumb/v7e-m+fp/hard\libgcc.a(_udivmoddi4.o)
 .ARM.attributes
                0x00000a08       0x22 C:/ST/STM32CubeIDE_1.17.0/STM32CubeIDE/plugins/com.st.stm32cube.ide.mcu.externaltools.gnu-tools-for-stm32.12.3.rel1.win32_1.1.0.202410251130/tools/bin/../lib/gcc/arm-none-eabi/12.3.1/thumb/v7e-m+fp/hard\libgcc.a(_dvmd_tls.o)
 .ARM.attributes
                0x00000a2a       0x22 C:/ST/STM32CubeIDE_1.17.0/STM32CubeIDE/plugins/com.st.stm32cube.ide.mcu.externaltools.gnu-tools-for-stm32.12.3.rel1.win32_1.1.0.202410251130/tools/bin/../lib/gcc/arm-none-eabi/12.3.1/thumb/v7e-m+fp/hard/crtn.o
OUTPUT(Pylon_task_submission_clean_ver.elf elf32-littlearm)
LOAD linker stubs
LOAD C:/ST/STM32CubeIDE_1.17.0/STM32CubeIDE/plugins/com.st.stm32cube.ide.mcu.externaltools.gnu-tools-for-stm32.12.3.rel1.win32_1.1.0.202410251130/tools/bin/../lib/gcc/arm-none-eabi/12.3.1/../../../../arm-none-eabi/lib/thumb/v7e-m+fp/hard\libc.a
LOAD C:/ST/STM32CubeIDE_1.17.0/STM32CubeIDE/plugins/com.st.stm32cube.ide.mcu.externaltools.gnu-tools-for-stm32.12.3.rel1.win32_1.1.0.202410251130/tools/bin/../lib/gcc/arm-none-eabi/12.3.1/../../../../arm-none-eabi/lib/thumb/v7e-m+fp/hard\libm.a
LOAD C:/ST/STM32CubeIDE_1.17.0/STM32CubeIDE/plugins/com.st.stm32cube.ide.mcu.externaltools.gnu-tools-for-stm32.12.3.rel1.win32_1.1.0.202410251130/tools/bin/../lib/gcc/arm-none-eabi/12.3.1/thumb/v7e-m+fp/hard\libgcc.a

.debug_info     0x00000000     0xe2bf
 .debug_info    0x00000000      0xd85 ./Core/Src/encryption.o
 .debug_info    0x00000d85      0xf95 ./Core/Src/main.o
 .debug_info    0x00001d1a      0xe15 ./Core/Src/stm32f4xx_hal_msp.o
 .debug_info    0x00002b2f      0x640 ./Core/Src/stm32f4xx_it.o
 .debug_info    0x0000316f      0x6a3 ./Core/Src/syscalls.o
 .debug_info    0x00003812      0x168 ./Core/Src/sysmem.o
 .debug_info    0x0000397a      0x53e ./Core/Src/system_stm32f4xx.o
 .debug_info    0x00003eb8       0x30 ./Core/Startup/startup_stm32f401ccux.o
 .debug_info    0x00003ee8      0x8bb ./Drivers/STM32F4xx_HAL_Driver/Src/stm32f4xx_hal.o
 .debug_info    0x000047a3      0xcf6 ./Drivers/STM32F4xx_HAL_Driver/Src/stm32f4xx_hal_cortex.o
 .debug_info    0x00005499      0x8e6 ./Drivers/STM32F4xx_HAL_Driver/Src/stm32f4xx_hal_dma.o
 .debug_info    0x00005d7f      0x6f9 ./Drivers/STM32F4xx_HAL_Driver/Src/stm32f4xx_hal_gpio.o
 .debug_info    0x00006478     0x2426 ./Drivers/STM32F4xx_HAL_Driver/Src/stm32f4xx_hal_i2c.o
 .debug_info    0x0000889e      0x8f1 ./Drivers/STM32F4xx_HAL_Driver/Src/stm32f4xx_hal_rcc.o
 .debug_info    0x0000918f     0x2f56 ./Drivers/STM32F4xx_HAL_Driver/Src/stm32f4xx_hal_uart.o
 .debug_info    0x0000c0e5       0x8a ./MBEDTLS/App/mbedtls.o
 .debug_info    0x0000c16f      0xb66 ./Middlewares/Third_Party/mbedTLS/library/aes.o
 .debug_info    0x0000ccd5      0x880 ./Middlewares/Third_Party/mbedTLS/library/ctr_drbg.o
 .debug_info    0x0000d555      0x66b ./Middlewares/Third_Party/mbedTLS/library/entropy.o
 .debug_info    0x0000dbc0      0x117 ./Middlewares/Third_Party/mbedTLS/library/platform_util.o
 .debug_info    0x0000dcd7      0x5e8 ./Middlewares/Third_Party/mbedTLS/library/sha512.o

.debug_abbrev   0x00000000     0x2814
 .debug_abbrev  0x00000000      0x25b ./Core/Src/encryption.o
 .debug_abbrev  0x0000025b      0x2db ./Core/Src/main.o
 .debug_abbrev  0x00000536      0x1cb ./Core/Src/stm32f4xx_hal_msp.o
 .debug_abbrev  0x00000701      0x182 ./Core/Src/stm32f4xx_it.o
 .debug_abbrev  0x00000883      0x1b6 ./Core/Src/syscalls.o
 .debug_abbrev  0x00000a39       0xbc ./Core/Src/sysmem.o
 .debug_abbrev  0x00000af5      0x11a ./Core/Src/system_stm32f4xx.o
 .debug_abbrev  0x00000c0f       0x24 ./Core/Startup/startup_stm32f401ccux.o
 .debug_abbrev  0x00000c33      0x24b ./Drivers/STM32F4xx_HAL_Driver/Src/stm32f4xx_hal.o
 .debug_abbrev  0x00000e7e      0x31d ./Drivers/STM32F4xx_HAL_Driver/Src/stm32f4xx_hal_cortex.o
 .debug_abbrev  0x0000119b      0x221 ./Drivers/STM32F4xx_HAL_Driver/Src/stm32f4xx_hal_dma.o
 .debug_abbrev  0x000013bc      0x1d3 ./Drivers/STM32F4xx_HAL_Driver/Src/stm32f4xx_hal_gpio.o
 .debug_abbrev  0x0000158f      0x2bc ./Drivers/STM32F4xx_HAL_Driver/Src/stm32f4xx_hal_i2c.o
 .debug_abbrev  0x0000184b      0x2b6 ./Drivers/STM32F4xx_HAL_Driver/Src/stm32f4xx_hal_rcc.o
 .debug_abbrev  0x00001b01      0x31b ./Drivers/STM32F4xx_HAL_Driver/Src/stm32f4xx_hal_uart.o
 .debug_abbrev  0x00001e1c       0x45 ./MBEDTLS/App/mbedtls.o
 .debug_abbrev  0x00001e61      0x20d ./Middlewares/Third_Party/mbedTLS/library/aes.o
 .debug_abbrev  0x0000206e      0x2a2 ./Middlewares/Third_Party/mbedTLS/library/ctr_drbg.o
 .debug_abbrev  0x00002310      0x254 ./Middlewares/Third_Party/mbedTLS/library/entropy.o
 .debug_abbrev  0x00002564       0xbe ./Middlewares/Third_Party/mbedTLS/library/platform_util.o
 .debug_abbrev  0x00002622      0x1f2 ./Middlewares/Third_Party/mbedTLS/library/sha512.o

.debug_aranges  0x00000000      0xcd8
 .debug_aranges
                0x00000000       0x48 ./Core/Src/encryption.o
 .debug_aranges
                0x00000048       0x48 ./Core/Src/main.o
 .debug_aranges
                0x00000090       0x40 ./Core/Src/stm32f4xx_hal_msp.o
 .debug_aranges
                0x000000d0       0x68 ./Core/Src/stm32f4xx_it.o
 .debug_aranges
                0x00000138       0xa8 ./Core/Src/syscalls.o
 .debug_aranges
                0x000001e0       0x20 ./Core/Src/sysmem.o
 .debug_aranges
                0x00000200       0x28 ./Core/Src/system_stm32f4xx.o
 .debug_aranges
                0x00000228       0x28 ./Core/Startup/startup_stm32f401ccux.o
 .debug_aranges
                0x00000250       0xf0 ./Drivers/STM32F4xx_HAL_Driver/Src/stm32f4xx_hal.o
 .debug_aranges
                0x00000340      0x130 ./Drivers/STM32F4xx_HAL_Driver/Src/stm32f4xx_hal_cortex.o
 .debug_aranges
                0x00000470       0x90 ./Drivers/STM32F4xx_HAL_Driver/Src/stm32f4xx_hal_dma.o
 .debug_aranges
                0x00000500       0x58 ./Drivers/STM32F4xx_HAL_Driver/Src/stm32f4xx_hal_gpio.o
 .debug_aranges
                0x00000558      0x2a8 ./Drivers/STM32F4xx_HAL_Driver/Src/stm32f4xx_hal_i2c.o
 .debug_aranges
                0x00000800       0x88 ./Drivers/STM32F4xx_HAL_Driver/Src/stm32f4xx_hal_rcc.o
 .debug_aranges
                0x00000888      0x208 ./Drivers/STM32F4xx_HAL_Driver/Src/stm32f4xx_hal_uart.o
 .debug_aranges
                0x00000a90       0x20 ./MBEDTLS/App/mbedtls.o
 .debug_aranges
                0x00000ab0       0xa8 ./Middlewares/Third_Party/mbedTLS/library/aes.o
 .debug_aranges
                0x00000b58       0x88 ./Middlewares/Third_Party/mbedTLS/library/ctr_drbg.o
 .debug_aranges
                0x00000be0       0x58 ./Middlewares/Third_Party/mbedTLS/library/entropy.o
 .debug_aranges
                0x00000c38       0x20 ./Middlewares/Third_Party/mbedTLS/library/platform_util.o
 .debug_aranges
                0x00000c58       0x80 ./Middlewares/Third_Party/mbedTLS/library/sha512.o

.debug_rnglists
                0x00000000      0x9e7
 .debug_rnglists
                0x00000000       0x36 ./Core/Src/encryption.o
 .debug_rnglists
                0x00000036       0x33 ./Core/Src/main.o
 .debug_rnglists
                0x00000069       0x2d ./Core/Src/stm32f4xx_hal_msp.o
 .debug_rnglists
                0x00000096       0x49 ./Core/Src/stm32f4xx_it.o
 .debug_rnglists
                0x000000df       0x79 ./Core/Src/syscalls.o
 .debug_rnglists
                0x00000158       0x13 ./Core/Src/sysmem.o
 .debug_rnglists
                0x0000016b       0x1a ./Core/Src/system_stm32f4xx.o
 .debug_rnglists
                0x00000185       0x19 ./Core/Startup/startup_stm32f401ccux.o
 .debug_rnglists
                0x0000019e       0xaf ./Drivers/STM32F4xx_HAL_Driver/Src/stm32f4xx_hal.o
 .debug_rnglists
                0x0000024d       0xe0 ./Drivers/STM32F4xx_HAL_Driver/Src/stm32f4xx_hal_cortex.o
 .debug_rnglists
                0x0000032d       0x70 ./Drivers/STM32F4xx_HAL_Driver/Src/stm32f4xx_hal_dma.o
 .debug_rnglists
                0x0000039d       0x3f ./Drivers/STM32F4xx_HAL_Driver/Src/stm32f4xx_hal_gpio.o
 .debug_rnglists
                0x000003dc      0x23c ./Drivers/STM32F4xx_HAL_Driver/Src/stm32f4xx_hal_i2c.o
 .debug_rnglists
                0x00000618       0x66 ./Drivers/STM32F4xx_HAL_Driver/Src/stm32f4xx_hal_rcc.o
 .debug_rnglists
                0x0000067e      0x1bc ./Drivers/STM32F4xx_HAL_Driver/Src/stm32f4xx_hal_uart.o
 .debug_rnglists
                0x0000083a       0x13 ./MBEDTLS/App/mbedtls.o
 .debug_rnglists
                0x0000084d       0x81 ./Middlewares/Third_Party/mbedTLS/library/aes.o
 .debug_rnglists
                0x000008ce       0x66 ./Middlewares/Third_Party/mbedTLS/library/ctr_drbg.o
 .debug_rnglists
                0x00000934       0x41 ./Middlewares/Third_Party/mbedTLS/library/entropy.o
 .debug_rnglists
                0x00000975       0x13 ./Middlewares/Third_Party/mbedTLS/library/platform_util.o
 .debug_rnglists
                0x00000988       0x5f ./Middlewares/Third_Party/mbedTLS/library/sha512.o

.debug_macro    0x00000000    0x18069
 .debug_macro   0x00000000      0x245 ./Core/Src/encryption.o
 .debug_macro   0x00000245      0xaba ./Core/Src/encryption.o
 .debug_macro   0x00000cff       0x22 ./Core/Src/encryption.o
 .debug_macro   0x00000d21       0x5b ./Core/Src/encryption.o
 .debug_macro   0x00000d7c       0x2a ./Core/Src/encryption.o
 .debug_macro   0x00000da6       0x94 ./Core/Src/encryption.o
 .debug_macro   0x00000e3a       0x43 ./Core/Src/encryption.o
 .debug_macro   0x00000e7d       0x34 ./Core/Src/encryption.o
 .debug_macro   0x00000eb1      0x189 ./Core/Src/encryption.o
 .debug_macro   0x0000103a       0x16 ./Core/Src/encryption.o
 .debug_macro   0x00001050       0x43 ./Core/Src/encryption.o
 .debug_macro   0x00001093       0x57 ./Core/Src/encryption.o
 .debug_macro   0x000010ea       0x34 ./Core/Src/encryption.o
 .debug_macro   0x0000111e       0x10 ./Core/Src/encryption.o
 .debug_macro   0x0000112e       0x58 ./Core/Src/encryption.o
 .debug_macro   0x00001186       0x8e ./Core/Src/encryption.o
 .debug_macro   0x00001214       0x1c ./Core/Src/encryption.o
 .debug_macro   0x00001230      0x177 ./Core/Src/encryption.o
 .debug_macro   0x000013a7      0x369 ./Core/Src/encryption.o
 .debug_macro   0x00001710       0x10 ./Core/Src/encryption.o
 .debug_macro   0x00001720       0x35 ./Core/Src/encryption.o
 .debug_macro   0x00001755       0x20 ./Core/Src/encryption.o
 .debug_macro   0x00001775       0x1c ./Core/Src/encryption.o
 .debug_macro   0x00001791       0x10 ./Core/Src/encryption.o
 .debug_macro   0x000017a1       0x1c ./Core/Src/encryption.o
 .debug_macro   0x000017bd       0x16 ./Core/Src/encryption.o
 .debug_macro   0x000017d3      0x146 ./Core/Src/encryption.o
 .debug_macro   0x00001919      0x165 ./Core/Src/encryption.o
 .debug_macro   0x00001a7e       0x7c ./Core/Src/encryption.o
 .debug_macro   0x00001afa       0x17 ./Core/Src/encryption.o
 .debug_macro   0x00001b11      0x118 ./Core/Src/encryption.o
 .debug_macro   0x00001c29      0x103 ./Core/Src/encryption.o
 .debug_macro   0x00001d2c       0x6a ./Core/Src/encryption.o
 .debug_macro   0x00001d96      0x1df ./Core/Src/encryption.o
 .debug_macro   0x00001f75       0x3c ./Core/Src/encryption.o
 .debug_macro   0x00001fb1       0x1c ./Core/Src/encryption.o
 .debug_macro   0x00001fcd       0x60 ./Core/Src/encryption.o
 .debug_macro   0x0000202d       0x22 ./Core/Src/encryption.o
 .debug_macro   0x0000204f       0x6c ./Core/Src/encryption.o
 .debug_macro   0x000020bb       0x2c ./Core/Src/encryption.o
 .debug_macro   0x000020e7       0x4c ./Core/Src/encryption.o
 .debug_macro   0x00002133       0x22 ./Core/Src/encryption.o
 .debug_macro   0x00002155      0x378 ./Core/Src/main.o
 .debug_macro   0x000024cd      0x29b ./Core/Src/main.o
 .debug_macro   0x00002768       0x2e ./Core/Src/main.o
 .debug_macro   0x00002796       0x28 ./Core/Src/main.o
 .debug_macro   0x000027be       0x8e ./Core/Src/main.o
 .debug_macro   0x0000284c       0x51 ./Core/Src/main.o
 .debug_macro   0x0000289d       0x1c ./Core/Src/main.o
 .debug_macro   0x000028b9       0x22 ./Core/Src/main.o
 .debug_macro   0x000028db       0xfb ./Core/Src/main.o
 .debug_macro   0x000029d6     0x1011 ./Core/Src/main.o
 .debug_macro   0x000039e7      0x11f ./Core/Src/main.o
 .debug_macro   0x00003b06     0xb86c ./Core/Src/main.o
 .debug_macro   0x0000f372       0x6d ./Core/Src/main.o
 .debug_macro   0x0000f3df     0x369a ./Core/Src/main.o
 .debug_macro   0x00012a79       0x5c ./Core/Src/main.o
 .debug_macro   0x00012ad5      0x416 ./Core/Src/main.o
 .debug_macro   0x00012eeb      0x9e9 ./Core/Src/main.o
 .debug_macro   0x000138d4      0x115 ./Core/Src/main.o
 .debug_macro   0x000139e9       0xf8 ./Core/Src/main.o
 .debug_macro   0x00013ae1       0xa5 ./Core/Src/main.o
 .debug_macro   0x00013b86      0x15f ./Core/Src/main.o
 .debug_macro   0x00013ce5      0x287 ./Core/Src/main.o
 .debug_macro   0x00013f6c       0x5f ./Core/Src/main.o
 .debug_macro   0x00013fcb      0x236 ./Core/Src/main.o
 .debug_macro   0x00014201      0x132 ./Core/Src/main.o
 .debug_macro   0x00014333      0x23a ./Core/Src/main.o
 .debug_macro   0x0001456d       0x2e ./Core/Src/main.o
 .debug_macro   0x0001459b      0x1b5 ./Core/Src/main.o
 .debug_macro   0x00014750       0x22 ./Core/Src/main.o
 .debug_macro   0x00014772       0xd6 ./Core/Src/main.o
 .debug_macro   0x00014848      0x127 ./Core/Src/main.o
 .debug_macro   0x0001496f       0x85 ./Core/Src/main.o
 .debug_macro   0x000149f4       0x89 ./Core/Src/main.o
 .debug_macro   0x00014a7d      0x2aa ./Core/Src/main.o
 .debug_macro   0x00014d27      0x126 ./Core/Src/main.o
 .debug_macro   0x00014e4d       0x61 ./Core/Src/main.o
 .debug_macro   0x00014eae      0x1dd ./Core/Src/stm32f4xx_hal_msp.o
 .debug_macro   0x0001508b      0x1e7 ./Core/Src/stm32f4xx_it.o
 .debug_macro   0x00015272      0x274 ./Core/Src/syscalls.o
 .debug_macro   0x000154e6       0x10 ./Core/Src/syscalls.o
 .debug_macro   0x000154f6       0x10 ./Core/Src/syscalls.o
 .debug_macro   0x00015506       0x10 ./Core/Src/syscalls.o
 .debug_macro   0x00015516       0x10 ./Core/Src/syscalls.o
 .debug_macro   0x00015526       0x1c ./Core/Src/syscalls.o
 .debug_macro   0x00015542       0x52 ./Core/Src/syscalls.o
 .debug_macro   0x00015594       0x22 ./Core/Src/syscalls.o
 .debug_macro   0x000155b6       0x10 ./Core/Src/syscalls.o
 .debug_macro   0x000155c6       0x52 ./Core/Src/syscalls.o
 .debug_macro   0x00015618       0xcf ./Core/Src/syscalls.o
 .debug_macro   0x000156e7       0x1c ./Core/Src/syscalls.o
 .debug_macro   0x00015703       0x3d ./Core/Src/syscalls.o
 .debug_macro   0x00015740       0x35 ./Core/Src/syscalls.o
 .debug_macro   0x00015775      0x12c ./Core/Src/syscalls.o
 .debug_macro   0x000158a1       0x16 ./Core/Src/syscalls.o
 .debug_macro   0x000158b7       0x16 ./Core/Src/syscalls.o
 .debug_macro   0x000158cd       0x29 ./Core/Src/syscalls.o
 .debug_macro   0x000158f6       0x10 ./Core/Src/syscalls.o
 .debug_macro   0x00015906      0x242 ./Core/Src/syscalls.o
 .debug_macro   0x00015b48       0x10 ./Core/Src/syscalls.o
 .debug_macro   0x00015b58      0x18a ./Core/Src/syscalls.o
 .debug_macro   0x00015ce2       0x16 ./Core/Src/syscalls.o
 .debug_macro   0x00015cf8       0xce ./Core/Src/syscalls.o
 .debug_macro   0x00015dc6       0xff ./Core/Src/sysmem.o
 .debug_macro   0x00015ec5      0x23c ./Core/Src/sysmem.o
 .debug_macro   0x00016101      0x1d3 ./Core/Src/system_stm32f4xx.o
 .debug_macro   0x000162d4      0x233 ./Drivers/STM32F4xx_HAL_Driver/Src/stm32f4xx_hal.o
 .debug_macro   0x00016507      0x1d3 ./Drivers/STM32F4xx_HAL_Driver/Src/stm32f4xx_hal_cortex.o
 .debug_macro   0x000166da      0x1d9 ./Drivers/STM32F4xx_HAL_Driver/Src/stm32f4xx_hal_dma.o
 .debug_macro   0x000168b3      0x1d9 ./Drivers/STM32F4xx_HAL_Driver/Src/stm32f4xx_hal_gpio.o
 .debug_macro   0x00016a8c      0x221 ./Drivers/STM32F4xx_HAL_Driver/Src/stm32f4xx_hal_i2c.o
 .debug_macro   0x00016cad      0x1f7 ./Drivers/STM32F4xx_HAL_Driver/Src/stm32f4xx_hal_rcc.o
 .debug_macro   0x00016ea4      0x1d4 ./Drivers/STM32F4xx_HAL_Driver/Src/stm32f4xx_hal_uart.o
 .debug_macro   0x00017078       0xba ./MBEDTLS/App/mbedtls.o
 .debug_macro   0x00017132      0x3d0 ./Middlewares/Third_Party/mbedTLS/library/aes.o
 .debug_macro   0x00017502       0x16 ./Middlewares/Third_Party/mbedTLS/library/aes.o
 .debug_macro   0x00017518       0x10 ./Middlewares/Third_Party/mbedTLS/library/aes.o
 .debug_macro   0x00017528       0x72 ./Middlewares/Third_Party/mbedTLS/library/aes.o
 .debug_macro   0x0001759a      0x1c2 ./Middlewares/Third_Party/mbedTLS/library/ctr_drbg.o
 .debug_macro   0x0001775c      0x1df ./Middlewares/Third_Party/mbedTLS/library/entropy.o
 .debug_macro   0x0001793b       0x1c ./Middlewares/Third_Party/mbedTLS/library/entropy.o
 .debug_macro   0x00017957      0x27c ./Middlewares/Third_Party/mbedTLS/library/platform_util.o
 .debug_macro   0x00017bd3       0x5c ./Middlewares/Third_Party/mbedTLS/library/platform_util.o
 .debug_macro   0x00017c2f       0xac ./Middlewares/Third_Party/mbedTLS/library/platform_util.o
 .debug_macro   0x00017cdb       0x16 ./Middlewares/Third_Party/mbedTLS/library/platform_util.o
 .debug_macro   0x00017cf1      0x12a ./Middlewares/Third_Party/mbedTLS/library/platform_util.o
 .debug_macro   0x00017e1b       0x22 ./Middlewares/Third_Party/mbedTLS/library/platform_util.o
 .debug_macro   0x00017e3d       0x1c ./Middlewares/Third_Party/mbedTLS/library/platform_util.o
 .debug_macro   0x00017e59      0x210 ./Middlewares/Third_Party/mbedTLS/library/sha512.o

.debug_line     0x00000000    0x12259
 .debug_line    0x00000000      0x84c ./Core/Src/encryption.o
 .debug_line    0x0000084c      0xb94 ./Core/Src/main.o
 .debug_line    0x000013e0      0x7e4 ./Core/Src/stm32f4xx_hal_msp.o
 .debug_line    0x00001bc4      0x821 ./Core/Src/stm32f4xx_it.o
 .debug_line    0x000023e5      0x8a8 ./Core/Src/syscalls.o
 .debug_line    0x00002c8d      0x579 ./Core/Src/sysmem.o
 .debug_line    0x00003206      0x7cb ./Core/Src/system_stm32f4xx.o
 .debug_line    0x000039d1       0x7a ./Core/Startup/startup_stm32f401ccux.o
 .debug_line    0x00003a4b      0xa34 ./Drivers/STM32F4xx_HAL_Driver/Src/stm32f4xx_hal.o
 .debug_line    0x0000447f      0xd26 ./Drivers/STM32F4xx_HAL_Driver/Src/stm32f4xx_hal_cortex.o
 .debug_line    0x000051a5      0xfa4 ./Drivers/STM32F4xx_HAL_Driver/Src/stm32f4xx_hal_dma.o
 .debug_line    0x00006149      0xb84 ./Drivers/STM32F4xx_HAL_Driver/Src/stm32f4xx_hal_gpio.o
 .debug_line    0x00006ccd     0x3b7a ./Drivers/STM32F4xx_HAL_Driver/Src/stm32f4xx_hal_i2c.o
 .debug_line    0x0000a847      0xdbd ./Drivers/STM32F4xx_HAL_Driver/Src/stm32f4xx_hal_rcc.o
 .debug_line    0x0000b604     0x2906 ./Drivers/STM32F4xx_HAL_Driver/Src/stm32f4xx_hal_uart.o
 .debug_line    0x0000df0a      0x618 ./MBEDTLS/App/mbedtls.o
 .debug_line    0x0000e522     0x15af ./Middlewares/Third_Party/mbedTLS/library/aes.o
 .debug_line    0x0000fad1      0xba9 ./Middlewares/Third_Party/mbedTLS/library/ctr_drbg.o
 .debug_line    0x0001067a      0x97d ./Middlewares/Third_Party/mbedTLS/library/entropy.o
 .debug_line    0x00010ff7      0x7b1 ./Middlewares/Third_Party/mbedTLS/library/platform_util.o
 .debug_line    0x000117a8      0xab1 ./Middlewares/Third_Party/mbedTLS/library/sha512.o

.debug_str      0x00000000    0x8f2e3
 .debug_str     0x00000000     0x9960 ./Core/Src/encryption.o
                               0x9c4b (size before relaxing)
 .debug_str     0x00009960    0x7d510 ./Core/Src/main.o
                              0x85a4b (size before relaxing)
 .debug_str     0x00086e70      0x4c5 ./Core/Src/stm32f4xx_hal_msp.o
                              0x818c3 (size before relaxing)
 .debug_str     0x00087335       0xef ./Core/Src/stm32f4xx_it.o
                              0x81159 (size before relaxing)
 .debug_str     0x00087424     0x20ad ./Core/Src/syscalls.o
                               0x98f3 (size before relaxing)
 .debug_str     0x000894d1       0x6b ./Core/Src/sysmem.o
                               0x610b (size before relaxing)
 .debug_str     0x0008953c       0xdb ./Core/Src/system_stm32f4xx.o
                              0x80de5 (size before relaxing)
 .debug_str     0x00089617       0x44 ./Core/Startup/startup_stm32f401ccux.o
                                 0x97 (size before relaxing)
 .debug_str     0x0008965b      0x612 ./Drivers/STM32F4xx_HAL_Driver/Src/stm32f4xx_hal.o
                              0x81807 (size before relaxing)
 .debug_str     0x00089c6d      0x36b ./Drivers/STM32F4xx_HAL_Driver/Src/stm32f4xx_hal_cortex.o
                              0x81571 (size before relaxing)
 .debug_str     0x00089fd8      0x322 ./Drivers/STM32F4xx_HAL_Driver/Src/stm32f4xx_hal_dma.o
                              0x811ed (size before relaxing)
 .debug_str     0x0008a2fa      0x15d ./Drivers/STM32F4xx_HAL_Driver/Src/stm32f4xx_hal_gpio.o
                              0x80f60 (size before relaxing)
 .debug_str     0x0008a457      0xb19 ./Drivers/STM32F4xx_HAL_Driver/Src/stm32f4xx_hal_i2c.o
                              0x81df6 (size before relaxing)
 .debug_str     0x0008af70      0x208 ./Drivers/STM32F4xx_HAL_Driver/Src/stm32f4xx_hal_rcc.o
                              0x81219 (size before relaxing)
 .debug_str     0x0008b178      0x5e8 ./Drivers/STM32F4xx_HAL_Driver/Src/stm32f4xx_hal_uart.o
                              0x817e8 (size before relaxing)
 .debug_str     0x0008b760       0x19 ./MBEDTLS/App/mbedtls.o
                               0x5603 (size before relaxing)
 .debug_str     0x0008b779     0x3018 ./Middlewares/Third_Party/mbedTLS/library/aes.o
                               0xc040 (size before relaxing)
 .debug_str     0x0008e791      0x1b3 ./Middlewares/Third_Party/mbedTLS/library/ctr_drbg.o
                               0x83cf (size before relaxing)
 .debug_str     0x0008e944      0x213 ./Middlewares/Third_Party/mbedTLS/library/entropy.o
                               0x82ce (size before relaxing)
 .debug_str     0x0008eb57      0x159 ./Middlewares/Third_Party/mbedTLS/library/platform_util.o
                               0x80b2 (size before relaxing)
 .debug_str     0x0008ecb0      0x633 ./Middlewares/Third_Party/mbedTLS/library/sha512.o
                               0x84a7 (size before relaxing)

.comment        0x00000000       0x43
 .comment       0x00000000       0x43 ./Core/Src/encryption.o
                                 0x44 (size before relaxing)
 .comment       0x00000043       0x44 ./Core/Src/main.o
 .comment       0x00000043       0x44 ./Core/Src/stm32f4xx_hal_msp.o
 .comment       0x00000043       0x44 ./Core/Src/stm32f4xx_it.o
 .comment       0x00000043       0x44 ./Core/Src/syscalls.o
 .comment       0x00000043       0x44 ./Core/Src/sysmem.o
 .comment       0x00000043       0x44 ./Core/Src/system_stm32f4xx.o
 .comment       0x00000043       0x44 ./Drivers/STM32F4xx_HAL_Driver/Src/stm32f4xx_hal.o
 .comment       0x00000043       0x44 ./Drivers/STM32F4xx_HAL_Driver/Src/stm32f4xx_hal_cortex.o
 .comment       0x00000043       0x44 ./Drivers/STM32F4xx_HAL_Driver/Src/stm32f4xx_hal_dma.o
 .comment       0x00000043       0x44 ./Drivers/STM32F4xx_HAL_Driver/Src/stm32f4xx_hal_gpio.o
 .comment       0x00000043       0x44 ./Drivers/STM32F4xx_HAL_Driver/Src/stm32f4xx_hal_i2c.o
 .comment       0x00000043       0x44 ./Drivers/STM32F4xx_HAL_Driver/Src/stm32f4xx_hal_rcc.o
 .comment       0x00000043       0x44 ./Drivers/STM32F4xx_HAL_Driver/Src/stm32f4xx_hal_uart.o
 .comment       0x00000043       0x44 ./MBEDTLS/App/mbedtls.o
 .comment       0x00000043       0x44 ./Middlewares/Third_Party/mbedTLS/library/aes.o
 .comment       0x00000043       0x44 ./Middlewares/Third_Party/mbedTLS/library/ctr_drbg.o
 .comment       0x00000043       0x44 ./Middlewares/Third_Party/mbedTLS/library/entropy.o
 .comment       0x00000043       0x44 ./Middlewares/Third_Party/mbedTLS/library/platform_util.o
 .comment       0x00000043       0x44 ./Middlewares/Third_Party/mbedTLS/library/sha512.o

.debug_frame    0x00000000     0x3ab0
 .debug_frame   0x00000000      0x110 ./Core/Src/encryption.o
 .debug_frame   0x00000110       0xd0 ./Core/Src/main.o
 .debug_frame   0x000001e0       0xc8 ./Core/Src/stm32f4xx_hal_msp.o
 .debug_frame   0x000002a8      0x120 ./Core/Src/stm32f4xx_it.o
 .debug_frame   0x000003c8      0x2ac ./Core/Src/syscalls.o
 .debug_frame   0x00000674       0x34 ./Core/Src/sysmem.o
 .debug_frame   0x000006a8       0x58 ./Core/Src/system_stm32f4xx.o
 .debug_frame   0x00000700      0x374 ./Drivers/STM32F4xx_HAL_Driver/Src/stm32f4xx_hal.o
 .debug_frame   0x00000a74      0x508 ./Drivers/STM32F4xx_HAL_Driver/Src/stm32f4xx_hal_cortex.o
 .debug_frame   0x00000f7c      0x250 ./Drivers/STM32F4xx_HAL_Driver/Src/stm32f4xx_hal_dma.o
 .debug_frame   0x000011cc      0x14c ./Drivers/STM32F4xx_HAL_Driver/Src/stm32f4xx_hal_gpio.o
 .debug_frame   0x00001318      0xc84 ./Drivers/STM32F4xx_HAL_Driver/Src/stm32f4xx_hal_i2c.o
 .debug_frame   0x00001f9c      0x1f4 ./Drivers/STM32F4xx_HAL_Driver/Src/stm32f4xx_hal_rcc.o
 .debug_frame   0x00002190      0x954 ./Drivers/STM32F4xx_HAL_Driver/Src/stm32f4xx_hal_uart.o
 .debug_frame   0x00002ae4       0x30 ./MBEDTLS/App/mbedtls.o
 .debug_frame   0x00002b14      0x2d0 ./Middlewares/Third_Party/mbedTLS/library/aes.o
 .debug_frame   0x00002de4      0x220 ./Middlewares/Third_Party/mbedTLS/library/ctr_drbg.o
 .debug_frame   0x00003004      0x138 ./Middlewares/Third_Party/mbedTLS/library/entropy.o
 .debug_frame   0x0000313c       0x34 ./Middlewares/Third_Party/mbedTLS/library/platform_util.o
 .debug_frame   0x00003170      0x21c ./Middlewares/Third_Party/mbedTLS/library/sha512.o